Archive member included to satisfy reference by file (symbol)

.pio/build/genericSTM32F103C8/lib737/libWire.a(Wire.cpp.o)
                              .pio/build/genericSTM32F103C8/src/main.cpp.o (TwoWire::end())
.pio/build/genericSTM32F103C8/lib737/libWire.a(twi.c.o)
                              .pio/build/genericSTM32F103C8/lib737/libWire.a(Wire.cpp.o) (i2c_custom_init)
.pio/build/genericSTM32F103C8/libdc6/libSPI.a(SPI.cpp.o)
                              .pio/build/genericSTM32F103C8/src/main.cpp.o (SPIClass::begin(unsigned char))
.pio/build/genericSTM32F103C8/libdc6/libSPI.a(spi_com.c.o)
                              .pio/build/genericSTM32F103C8/libdc6/libSPI.a(SPI.cpp.o) (spi_getClkFreq)
.pio/build/genericSTM32F103C8/lib261/libBolder Flight Systems BMI088.a(BMI088.cpp.o)
                              .pio/build/genericSTM32F103C8/src/main.cpp.o (Bmi088Accel::Bmi088Accel(TwoWire&, unsigned char))
.pio/build/genericSTM32F103C8/lib5e3/libAdafruit BMP3XX Library.a(Adafruit_BMP3XX.cpp.o)
                              .pio/build/genericSTM32F103C8/src/main.cpp.o (Adafruit_BMP3XX::Adafruit_BMP3XX())
.pio/build/genericSTM32F103C8/lib5e3/libAdafruit BMP3XX Library.a(bmp3.c.o)
                              .pio/build/genericSTM32F103C8/lib5e3/libAdafruit BMP3XX Library.a(Adafruit_BMP3XX.cpp.o) (bmp3_get_regs)
.pio/build/genericSTM32F103C8/libe08/libSD.a(File.cpp.o)
                              .pio/build/genericSTM32F103C8/src/main.cpp.o (SDLib::File::close())
.pio/build/genericSTM32F103C8/libe08/libSD.a(SD.cpp.o)
                              .pio/build/genericSTM32F103C8/src/main.cpp.o (SDLib::SDClass::begin(unsigned char))
.pio/build/genericSTM32F103C8/libe08/libSD.a(Sd2Card.cpp.o)
                              .pio/build/genericSTM32F103C8/libe08/libSD.a(SD.cpp.o) (Sd2Card::setSpiClock(unsigned long))
.pio/build/genericSTM32F103C8/libe08/libSD.a(SdFile.cpp.o)
                              .pio/build/genericSTM32F103C8/libe08/libSD.a(SD.cpp.o) (SdFile::dirName(directoryEntry const&, char*))
.pio/build/genericSTM32F103C8/libe08/libSD.a(SdVolume.cpp.o)
                              .pio/build/genericSTM32F103C8/libe08/libSD.a(SdFile.cpp.o) (SdVolume::cacheMirrorBlockFlush(unsigned char))
.pio/build/genericSTM32F103C8/libf6f/libSPIFlash.a(SPIFlash.cpp.o)
                              .pio/build/genericSTM32F103C8/src/main.cpp.o (SPIFlash::SPIFlash(unsigned char, unsigned short))
.pio/build/genericSTM32F103C8/libe2c/libRF24.a(RF24.cpp.o)
                              .pio/build/genericSTM32F103C8/src/main.cpp.o (RF24::RF24(unsigned char, unsigned char, unsigned long))
.pio/build/genericSTM32F103C8/libFrameworkArduino.a(HardwareSerial.cpp.o)
                              .pio/build/genericSTM32F103C8/src/main.cpp.o (HardwareSerial::available())
.pio/build/genericSTM32F103C8/libFrameworkArduino.a(Print.cpp.o)
                              .pio/build/genericSTM32F103C8/libe08/libSD.a(SdFile.cpp.o) (Print::write(unsigned char const*, unsigned int))
.pio/build/genericSTM32F103C8/libFrameworkArduino.a(Stream.cpp.o)
                              .pio/build/genericSTM32F103C8/lib737/libWire.a(Wire.cpp.o) (Stream::readBytes(char*, unsigned int))
.pio/build/genericSTM32F103C8/libFrameworkArduino.a(Tone.cpp.o)
                              .pio/build/genericSTM32F103C8/src/main.cpp.o (tone(unsigned char, unsigned int, unsigned long))
.pio/build/genericSTM32F103C8/libFrameworkArduino.a(WString.cpp.o)
                              .pio/build/genericSTM32F103C8/libFrameworkArduino.a(Stream.cpp.o) (String::String(char const*))
.pio/build/genericSTM32F103C8/libFrameworkArduino.a(abi.cpp.o)
                              .pio/build/genericSTM32F103C8/libFrameworkArduino.a(Print.cpp.o) (__cxa_pure_virtual)
.pio/build/genericSTM32F103C8/libFrameworkArduino.a(dtostrf.c.o)
                              .pio/build/genericSTM32F103C8/src/main.cpp.o (dtostrf)
.pio/build/genericSTM32F103C8/libFrameworkArduino.a(itoa.c.o)
                              .pio/build/genericSTM32F103C8/libFrameworkArduino.a(WString.cpp.o) (ltoa)
.pio/build/genericSTM32F103C8/libFrameworkArduino.a(main.cpp.o)
                              c:/users/e/.platformio/packages/toolchain-gccarmnoneeabi/bin/../lib/gcc/arm-none-eabi/10.3.1/../../../../arm-none-eabi/lib/thumb/v7-m/nofp/crt0.o (main)
.pio/build/genericSTM32F103C8/libFrameworkArduino.a(pins_arduino.c.o)
                              .pio/build/genericSTM32F103C8/SrcWrapper/src/HardwareTimer.cpp.o (pinNametoDigitalPin)
.pio/build/genericSTM32F103C8/libFrameworkArduino.a(wiring_digital.c.o)
                              .pio/build/genericSTM32F103C8/SrcWrapper/src/HardwareTimer.cpp.o (pinMode)
.pio/build/genericSTM32F103C8/libFrameworkArduino.a(wiring_time.c.o)
                              .pio/build/genericSTM32F103C8/src/main.cpp.o (millis)
.pio/build/genericSTM32F103C8/libFrameworkArduino.a(WSerial.cpp.o)
[...]
Memory Configuration

Name             Origin             Length             Attributes
*default*        0x0000000000000000 0xffffffffffffffff
RAM              0x0000000020000000 0x0000000000005000 xrw
FLASH            0x0000000008000000 0x0000000000010000 xr

Linker script and memory map

                0x0000000020005000                _estack = (ORIGIN (RAM) + LENGTH (RAM))
                0x0000000000000200                _Min_Heap_Size = 0x200
                0x0000000000000400                _Min_Stack_Size = 0x400

.isr_vector     0x0000000008000000      0x10c
                0x0000000008000000                . = ALIGN (0x4)
 *(.isr_vector)
 .isr_vector    0x0000000008000000      0x10c .pio/build/genericSTM32F103C8/FrameworkArduinoVariant/startup_M200_f103xb.S.o
                0x0000000008000000                g_pfnVectors
                0x000000000800010c                . = ALIGN (0x4)

.text           0x0000000008000110    0x11600
                0x0000000008000110                . = ALIGN (0x4)
 *(.text)
 .text          0x0000000008000110      0x378 c:/users/e/.platformio/packages/toolchain-gccarmnoneeabi/bin/../lib/gcc/arm-none-eabi/10.3.1/thumb/v7-m/nofp\libgcc.a(_arm_addsubdf3.o)
                0x0000000008000110                __aeabi_drsub
                0x0000000008000118                __aeabi_dsub
                0x0000000008000118                __subdf3
                0x000000000800011c                __aeabi_dadd
                0x000000000800011c                __adddf3
                0x0000000008000394                __floatunsidf
                0x0000000008000394                __aeabi_ui2d
                0x00000000080003b4                __floatsidf
                0x00000000080003b4                __aeabi_i2d
                0x00000000080003d8                __aeabi_f2d
                0x00000000080003d8                __extendsfdf2
                0x000000000800041c                __floatundidf
                0x000000000800041c                __aeabi_ul2d
                0x000000000800042c                __floatdidf
                0x000000000800042c                __aeabi_l2d
 .text          0x0000000008000488      0x424 c:/users/e/.platformio/packages/toolchain-gccarmnoneeabi/bin/../lib/gcc/arm-none-eabi/10.3.1/thumb/v7-m/nofp\libgcc.a(_arm_muldivdf3.o)
                0x0000000008000488                __aeabi_dmul
                0x0000000008000488                __muldf3
                0x00000000080006dc                __divdf3
                0x00000000080006dc                __aeabi_ddiv
 .text          0x00000000080008ac      0x110 c:/users/e/.platformio/packages/toolchain-gccarmnoneeabi/bin/../lib/gcc/arm-none-eabi/10.3.1/thumb/v7-m/nofp\libgcc.a(_arm_cmpdf2.o)
                0x00000000080008ac                __gtdf2
                0x00000000080008ac                __gedf2
                0x00000000080008b4                __ltdf2
                0x00000000080008b4                __ledf2
                0x00000000080008bc                __nedf2
                0x00000000080008bc                __eqdf2
                0x00000000080008bc                __cmpdf2
                0x0000000008000938                __aeabi_cdrcmple
                0x0000000008000948                __aeabi_cdcmpeq
                0x0000000008000948                __aeabi_cdcmple
                0x0000000008000958                __aeabi_dcmpeq
                0x000000000800096c                __aeabi_dcmplt
                0x0000000008000980                __aeabi_dcmple
                0x0000000008000994                __aeabi_dcmpge
                0x00000000080009a8                __aeabi_dcmpgt
 .text          0x00000000080009bc       0x2c c:/users/e/.platformio/packages/toolchain-gccarmnoneeabi/bin/../lib/gcc/arm-none-eabi/10.3.1/thumb/v7-m/nofp\libgcc.a(_arm_unorddf2.o)
                0x00000000080009bc                __unorddf2
                0x00000000080009bc                __aeabi_dcmpun
 .text          0x00000000080009e8       0x50 c:/users/e/.platformio/packages/toolchain-gccarmnoneeabi/bin/../lib/gcc/arm-none-eabi/10.3.1/thumb/v7-m/nofp\libgcc.a(_arm_fixdfsi.o)
                0x00000000080009e8                __aeabi_d2iz
                0x00000000080009e8                __fixdfsi
 .text          0x0000000008000a38       0x40 c:/users/e/.platformio/packages/toolchain-gccarmnoneeabi/bin/../lib/gcc/arm-none-eabi/10.3.1/thumb/v7-m/nofp\libgcc.a(_arm_fixunsdfsi.o)
                0x0000000008000a38                __aeabi_d2uiz
                0x0000000008000a38                __fixunsdfsi
 .text          0x0000000008000a78       0xa0 c:/users/e/.platformio/packages/toolchain-gccarmnoneeabi/bin/../lib/gcc/arm-none-eabi/10.3.1/thumb/v7-m/nofp\libgcc.a(_arm_truncdfsf2.o)
                0x0000000008000a78                __truncdfsf2
                0x0000000008000a78                __aeabi_d2f
 .text          0x0000000008000b18      0x21c c:/users/e/.platformio/packages/toolchain-gccarmnoneeabi/bin/../lib/gcc/arm-none-eabi/10.3.1/thumb/v7-m/nofp\libgcc.a(_arm_addsubsf3.o)
                0x0000000008000b18                __aeabi_frsub
                0x0000000008000b20                __subsf3
                0x0000000008000b20                __aeabi_fsub
                0x0000000008000b24                __aeabi_fadd
                0x0000000008000b24                __addsf3
                0x0000000008000c84                __aeabi_ui2f
                0x0000000008000c84                __floatunsisf
                0x0000000008000c8c                __aeabi_i2f
                0x0000000008000c8c                __floatsisf
                0x0000000008000ca8                __aeabi_ul2f
                0x0000000008000ca8                __floatundisf
                0x0000000008000cb8                __aeabi_l2f
                0x0000000008000cb8                __floatdisf
 .text          0x0000000008000d34      0x2a0 c:/users/e/.platformio/packages/toolchain-gccarmnoneeabi/bin/../lib/gcc/arm-none-eabi/10.3.1/thumb/v7-m/nofp\libgcc.a(_arm_muldivsf3.o)
                0x0000000008000d34                __mulsf3
                0x0000000008000d34                __aeabi_fmul
                0x0000000008000e9c                __aeabi_fdiv
                0x0000000008000e9c                __divsf3
 .text          0x0000000008000fd4       0xec c:/users/e/.platformio/packages/toolchain-gccarmnoneeabi/bin/../lib/gcc/arm-none-eabi/10.3.1/thumb/v7-m/nofp\libgcc.a(_arm_cmpsf2.o)
                0x0000000008000fd4                __gesf2
                0x0000000008000fd4                __gtsf2
                0x0000000008000fdc                __lesf2
                0x0000000008000fdc                __ltsf2
                0x0000000008000fe4                __nesf2
                0x0000000008000fe4                __eqsf2
                0x0000000008000fe4                __cmpsf2
                0x0000000008001044                __aeabi_cfrcmple
                0x000000000800104c                __aeabi_cfcmpeq
                0x000000000800104c                __aeabi_cfcmple
                0x000000000800105c                __aeabi_fcmpeq
                0x0000000008001070                __aeabi_fcmplt
                0x0000000008001084                __aeabi_fcmple
                0x0000000008001098                __aeabi_fcmpge
                0x00000000080010ac                __aeabi_fcmpgt
 .text          0x00000000080010c0       0x4c c:/users/e/.platformio/packages/toolchain-gccarmnoneeabi/bin/../lib/gcc/arm-none-eabi/10.3.1/thumb/v7-m/nofp\libgcc.a(_arm_fixsfsi.o)
                0x00000000080010c0                __aeabi_f2iz
                0x00000000080010c0                __fixsfsi
 .text          0x000000000800110c       0x40 c:/users/e/.platformio/packages/toolchain-gccarmnoneeabi/bin/../lib/gcc/arm-none-eabi/10.3.1/thumb/v7-m/nofp\libgcc.a(_arm_fixunssfsi.o)
                0x000000000800110c                __fixunssfsi
                0x000000000800110c                __aeabi_f2uiz
 .text          0x000000000800114c       0xa0 c:/users/e/.platformio/packages/toolchain-gccarmnoneeabi/bin/../lib/gcc/arm-none-eabi/10.3.1/thumb/v7-m/nofp\libgcc.a(_aeabi_ldivmod.o)
                0x000000000800114c                __aeabi_ldivmod
 .text          0x00000000080011ec       0x30 c:/users/e/.platformio/packages/toolchain-gccarmnoneeabi/bin/../lib/gcc/arm-none-eabi/10.3.1/thumb/v7-m/nofp\libgcc.a(_aeabi_uldivmod.o)
                0x00000000080011ec                __aeabi_uldivmod
 .text          0x000000000800121c      0x1ac c:/users/e/.platformio/packages/toolchain-gccarmnoneeabi/bin/../lib/gcc/arm-none-eabi/10.3.1/thumb/v7-m/nofp\libgcc.a(libunwind.o)
                0x000000000800121c                __restore_core_regs
                0x000000000800121c                restore_core_regs
                0x0000000008001234                __gnu_Unwind_Restore_VFP
                0x000000000800123c                __gnu_Unwind_Save_VFP
                0x0000000008001244                __gnu_Unwind_Restore_VFP_D
                0x000000000800124c                __gnu_Unwind_Save_VFP_D
                0x0000000008001254                __gnu_Unwind_Restore_VFP_D_16_to_31
                0x000000000800125c                __gnu_Unwind_Save_VFP_D_16_to_31
                0x0000000008001264                __gnu_Unwind_Restore_WMMXD
                0x00000000080012a8                __gnu_Unwind_Save_WMMXD
                0x00000000080012ec                __gnu_Unwind_Restore_WMMXC
                0x0000000008001300                __gnu_Unwind_Save_WMMXC
                0x0000000008001314                ___Unwind_RaiseException
                0x0000000008001314                _Unwind_RaiseException
                0x0000000008001338                _Unwind_Resume
                0x0000000008001338                ___Unwind_Resume
                0x000000000800135c                _Unwind_Resume_or_Rethrow
                0x000000000800135c                ___Unwind_Resume_or_Rethrow
                0x0000000008001380                _Unwind_ForcedUnwind
                0x0000000008001380                ___Unwind_ForcedUnwind
                0x00000000080013a4                ___Unwind_Backtrace
                0x00000000080013a4                _Unwind_Backtrace
 .text          0x00000000080013c8        0x4 c:/users/e/.platformio/packages/toolchain-gccarmnoneeabi/bin/../lib/gcc/arm-none-eabi/10.3.1/thumb/v7-m/nofp\libgcc.a(_dvmd_tls.o)
                0x00000000080013c8                __aeabi_idiv0
                0x00000000080013c8                __aeabi_ldiv0
 .text          0x00000000080013cc       0x10 c:/users/e/.platformio/packages/toolchain-gccarmnoneeabi/bin/../lib/gcc/arm-none-eabi/10.3.1/../../../../arm-none-eabi/lib/thumb/v7-m/nofp\libc_nano.a(lib_a-strlen.o)
                0x00000000080013cc                strlen
 *(.text*)
 .text.__do_global_dtors_aux
                0x00000000080013dc       0x24 c:/users/e/.platformio/packages/toolchain-gccarmnoneeabi/bin/../lib/gcc/arm-none-eabi/10.3.1/thumb/v7-m/nofp/crtbegin.o
 .text.frame_dummy
                0x0000000008001400       0x1c c:/users/e/.platformio/packages/toolchain-gccarmnoneeabi/bin/../lib/gcc/arm-none-eabi/10.3.1/thumb/v7-m/nofp/crtbegin.o
 .text.SystemClock_Config
                0x000000000800141c       0x5c .pio/build/genericSTM32F103C8/FrameworkArduinoVariant/generic_clock.c.o
                0x000000000800141c                SystemClock_Config
 .text.Reset_Handler
                0x0000000008001478       0x60 .pio/build/genericSTM32F103C8/FrameworkArduinoVariant/startup_M200_f103xb.S.o
                0x0000000008001478                Reset_Handler
 .text.Default_Handler
                0x00000000080014d8        0x4 .pio/build/genericSTM32F103C8/FrameworkArduinoVariant/startup_M200_f103xb.S.o
                0x00000000080014d8                RTC_Alarm_IRQHandler
                0x00000000080014d8                DebugMon_Handler
                0x00000000080014d8                HardFault_Handler
                0x00000000080014d8                PVD_IRQHandler
                0x00000000080014d8                PendSV_Handler
                0x00000000080014d8                NMI_Handler
                0x00000000080014d8                UsageFault_Handler
                0x00000000080014d8                ADC1_2_IRQHandler
                0x00000000080014d8                SPI1_IRQHandler
                0x00000000080014d8                TAMPER_IRQHandler
                0x00000000080014d8                DMA1_Channel4_IRQHandler
                0x00000000080014d8                RTC_IRQHandler
                0x00000000080014d8                DMA1_Channel7_IRQHandler
                0x00000000080014d8                CAN1_RX1_IRQHandler
                0x00000000080014d8                DMA1_Channel6_IRQHandler
                0x00000000080014d8                RCC_IRQHandler
                0x00000000080014d8                TIM1_TRG_COM_IRQHandler
                0x00000000080014d8                DMA1_Channel1_IRQHandler
                0x00000000080014d8                Default_Handler
                0x00000000080014d8                SPI2_IRQHandler
                0x00000000080014d8                MemManage_Handler
                0x00000000080014d8                SVC_Handler
                0x00000000080014d8                DMA1_Channel5_IRQHandler
                0x00000000080014d8                USB_LP_CAN1_RX0_IRQHandler
                0x00000000080014d8                USB_HP_CAN1_TX_IRQHandler
                0x00000000080014d8                DMA1_Channel3_IRQHandler
                0x00000000080014d8                WWDG_IRQHandler
                0x00000000080014d8                TIM1_BRK_IRQHandler
                0x00000000080014d8                DMA1_Channel2_IRQHandler
                0x00000000080014d8                CAN1_SCE_IRQHandler
                0x00000000080014d8                FLASH_IRQHandler
                0x00000000080014d8                BusFault_Handler
                0x00000000080014d8                USBWakeUp_IRQHandler
 .text.HAL_MspInit
                0x00000000080014dc        0x2 .pio/build/genericSTM32F103C8/SrcWrapper/src/HAL/stm32yyxx_hal.c.o
                0x00000000080014dc                HAL_MspInit
 *fill*         0x00000000080014de        0x2 
 .text.HAL_InitTick
                0x00000000080014e0       0x4c .pio/build/genericSTM32F103C8/SrcWrapper/src/HAL/stm32yyxx_hal.c.o
                0x00000000080014e0                HAL_InitTick
 .text.HAL_Init
                0x000000000800152c       0x24 .pio/build/genericSTM32F103C8/SrcWrapper/src/HAL/stm32yyxx_hal.c.o
                0x000000000800152c                HAL_Init
 .text.HAL_IncTick
                0x0000000008001550       0x18 .pio/build/genericSTM32F103C8/SrcWrapper/src/HAL/stm32yyxx_hal.c.o
                0x0000000008001550                HAL_IncTick
 .text.HAL_GetTick
                0x0000000008001568        0xc .pio/build/genericSTM32F103C8/SrcWrapper/src/HAL/stm32yyxx_hal.c.o
                0x0000000008001568                HAL_GetTick
 .text.HAL_NVIC_SetPriorityGrouping
                0x0000000008001574       0x24 .pio/build/genericSTM32F103C8/SrcWrapper/src/HAL/stm32yyxx_hal_cortex.c.o
                0x0000000008001574                HAL_NVIC_SetPriorityGrouping
 .text.HAL_NVIC_SetPriority
                0x0000000008001598       0x70 .pio/build/genericSTM32F103C8/SrcWrapper/src/HAL/stm32yyxx_hal_cortex.c.o
                0x0000000008001598                HAL_NVIC_SetPriority
 .text.HAL_NVIC_EnableIRQ
                0x0000000008001608       0x1c .pio/build/genericSTM32F103C8/SrcWrapper/src/HAL/stm32yyxx_hal_cortex.c.o
                0x0000000008001608                HAL_NVIC_EnableIRQ
 .text.HAL_NVIC_DisableIRQ
                0x0000000008001624       0x24 .pio/build/genericSTM32F103C8/SrcWrapper/src/HAL/stm32yyxx_hal_cortex.c.o
                0x0000000008001624                HAL_NVIC_DisableIRQ
 .text.HAL_SYSTICK_Config
                0x0000000008001648       0x28 .pio/build/genericSTM32F103C8/SrcWrapper/src/HAL/stm32yyxx_hal_cortex.c.o
                0x0000000008001648                HAL_SYSTICK_Config
 .text.HAL_NVIC_ClearPendingIRQ
                0x0000000008001670       0x1c .pio/build/genericSTM32F103C8/SrcWrapper/src/HAL/stm32yyxx_hal_cortex.c.o
                0x0000000008001670                HAL_NVIC_ClearPendingIRQ
 .text.HAL_SYSTICK_Callback
                0x000000000800168c        0x2 .pio/build/genericSTM32F103C8/SrcWrapper/src/HAL/stm32yyxx_hal_cortex.c.o
                0x000000000800168c                HAL_SYSTICK_Callback
 .text.HAL_SYSTICK_IRQHandler
                0x000000000800168e        0x8 .pio/build/genericSTM32F103C8/SrcWrapper/src/HAL/stm32yyxx_hal_cortex.c.o
                0x000000000800168e                HAL_SYSTICK_IRQHandler
 .text.HAL_CRC_MspInit
                0x0000000008001696        0x2 .pio/build/genericSTM32F103C8/SrcWrapper/src/HAL/stm32yyxx_hal_crc.c.o
                0x0000000008001696                HAL_CRC_MspInit
 .text.HAL_CRC_Init
                0x0000000008001698       0x1e .pio/build/genericSTM32F103C8/SrcWrapper/src/HAL/stm32yyxx_hal_crc.c.o
                0x0000000008001698                HAL_CRC_Init
 .text.HAL_DMA_Abort
                0x00000000080016b6       0x44 .pio/build/genericSTM32F103C8/SrcWrapper/src/HAL/stm32yyxx_hal_dma.c.o
                0x00000000080016b6                HAL_DMA_Abort
 *fill*         0x00000000080016fa        0x2 
 .text.HAL_DMA_Abort_IT
                0x00000000080016fc       0x98 .pio/build/genericSTM32F103C8/SrcWrapper/src/HAL/stm32yyxx_hal_dma.c.o
                0x00000000080016fc                HAL_DMA_Abort_IT
 .text.HAL_DMA_GetState
                0x0000000008001794        0x6 .pio/build/genericSTM32F103C8/SrcWrapper/src/HAL/stm32yyxx_hal_dma.c.o
                0x0000000008001794                HAL_DMA_GetState
 *fill*         0x000000000800179a        0x2 
 .text.HAL_GPIO_EXTI_IRQHandler
                0x000000000800179c       0x1c .pio/build/genericSTM32F103C8/SrcWrapper/src/HAL/stm32yyxx_hal_gpio.c.o
                0x000000000800179c                HAL_GPIO_EXTI_IRQHandler
 .text.I2C_Master_SB
                0x00000000080017b8       0xa8 .pio/build/genericSTM32F103C8/SrcWrapper/src/HAL/stm32yyxx_hal_i2c.c.o
 .text.I2C_Master_ADD10
                0x0000000008001860       0x2a .pio/build/genericSTM32F103C8/SrcWrapper/src/HAL/stm32yyxx_hal_i2c.c.o
 .text.I2C_Master_ADDR
                0x000000000800188a      0x216 .pio/build/genericSTM32F103C8/SrcWrapper/src/HAL/stm32yyxx_hal_i2c.c.o
 .text.I2C_SlaveTransmit_BTF
                0x0000000008001aa0       0x20 .pio/build/genericSTM32F103C8/SrcWrapper/src/HAL/stm32yyxx_hal_i2c.c.o
 .text.I2C_SlaveReceive_BTF
                0x0000000008001ac0       0x20 .pio/build/genericSTM32F103C8/SrcWrapper/src/HAL/stm32yyxx_hal_i2c.c.o
 .text.I2C_WaitOnSTOPRequestThroughIT
                0x0000000008001ae0       0x48 .pio/build/genericSTM32F103C8/SrcWrapper/src/HAL/stm32yyxx_hal_i2c.c.o
 .text.I2C_ConvertOtherXferOptions
                0x0000000008001b28       0x1e .pio/build/genericSTM32F103C8/SrcWrapper/src/HAL/stm32yyxx_hal_i2c.c.o
 .text.I2C_WaitOnFlagUntilTimeout
                0x0000000008001b46       0x7c .pio/build/genericSTM32F103C8/SrcWrapper/src/HAL/stm32yyxx_hal_i2c.c.o
 .text.HAL_I2C_MspInit
                0x0000000008001bc2        0x2 .pio/build/genericSTM32F103C8/SrcWrapper/src/HAL/stm32yyxx_hal_i2c.c.o
                0x0000000008001bc2                HAL_I2C_MspInit
 .text.HAL_I2C_Init
                0x0000000008001bc4      0x1bc .pio/build/genericSTM32F103C8/SrcWrapper/src/HAL/stm32yyxx_hal_i2c.c.o
                0x0000000008001bc4                HAL_I2C_Init
 .text.HAL_I2C_MspDeInit
                0x0000000008001d80        0x2 .pio/build/genericSTM32F103C8/SrcWrapper/src/HAL/stm32yyxx_hal_i2c.c.o
                0x0000000008001d80                HAL_I2C_MspDeInit
 .text.HAL_I2C_DeInit
                0x0000000008001d82       0x32 .pio/build/genericSTM32F103C8/SrcWrapper/src/HAL/stm32yyxx_hal_i2c.c.o
                0x0000000008001d82                HAL_I2C_DeInit
 .text.HAL_I2C_IsDeviceReady
                0x0000000008001db4      0x194 .pio/build/genericSTM32F103C8/SrcWrapper/src/HAL/stm32yyxx_hal_i2c.c.o
                0x0000000008001db4                HAL_I2C_IsDeviceReady
 .text.HAL_I2C_Master_Seq_Transmit_IT
                0x0000000008001f48      0x100 .pio/build/genericSTM32F103C8/SrcWrapper/src/HAL/stm32yyxx_hal_i2c.c.o
                0x0000000008001f48                HAL_I2C_Master_Seq_Transmit_IT
 .text.HAL_I2C_Master_Seq_Receive_IT
                0x0000000008002048      0x150 .pio/build/genericSTM32F103C8/SrcWrapper/src/HAL/stm32yyxx_hal_i2c.c.o
                0x0000000008002048                HAL_I2C_Master_Seq_Receive_IT
 .text.HAL_I2C_Slave_Seq_Transmit_IT
                0x0000000008002198       0x90 .pio/build/genericSTM32F103C8/SrcWrapper/src/HAL/stm32yyxx_hal_i2c.c.o
                0x0000000008002198                HAL_I2C_Slave_Seq_Transmit_IT
 .text.HAL_I2C_Slave_Seq_Receive_IT
                0x0000000008002228       0x90 .pio/build/genericSTM32F103C8/SrcWrapper/src/HAL/stm32yyxx_hal_i2c.c.o
                0x0000000008002228                HAL_I2C_Slave_Seq_Receive_IT
 .text.HAL_I2C_EnableListen_IT
                0x00000000080022b8       0x3e .pio/build/genericSTM32F103C8/SrcWrapper/src/HAL/stm32yyxx_hal_i2c.c.o
                0x00000000080022b8                HAL_I2C_EnableListen_IT
 .text.HAL_I2C_MasterTxCpltCallback
                0x00000000080022f6        0x2 .pio/build/genericSTM32F103C8/SrcWrapper/src/HAL/stm32yyxx_hal_i2c.c.o
                0x00000000080022f6                HAL_I2C_MasterTxCpltCallback
 .text.HAL_I2C_MasterRxCpltCallback
                0x00000000080022f8        0x2 .pio/build/genericSTM32F103C8/SrcWrapper/src/HAL/stm32yyxx_hal_i2c.c.o
                0x00000000080022f8                HAL_I2C_MasterRxCpltCallback
 .text.I2C_SlaveTransmit_TXE
                0x00000000080022fa       0x4c .pio/build/genericSTM32F103C8/SrcWrapper/src/HAL/stm32yyxx_hal_i2c.c.o
 .text.I2C_SlaveReceive_RXNE
                0x0000000008002346       0x4c .pio/build/genericSTM32F103C8/SrcWrapper/src/HAL/stm32yyxx_hal_i2c.c.o
 .text.I2C_Slave_ADDR
                0x0000000008002392       0x5a .pio/build/genericSTM32F103C8/SrcWrapper/src/HAL/stm32yyxx_hal_i2c.c.o
 .text.I2C_Slave_AF
                0x00000000080023ec       0x94 .pio/build/genericSTM32F103C8/SrcWrapper/src/HAL/stm32yyxx_hal_i2c.c.o
 .text.HAL_I2C_MemTxCpltCallback
                0x0000000008002480        0x2 .pio/build/genericSTM32F103C8/SrcWrapper/src/HAL/stm32yyxx_hal_i2c.c.o
                0x0000000008002480                HAL_I2C_MemTxCpltCallback
 .text.I2C_MasterTransmit_BTF
                0x0000000008002482       0x9e .pio/build/genericSTM32F103C8/SrcWrapper/src/HAL/stm32yyxx_hal_i2c.c.o
 .text.I2C_MemoryTransmit_TXE_BTF
                0x0000000008002520       0xbe .pio/build/genericSTM32F103C8/SrcWrapper/src/HAL/stm32yyxx_hal_i2c.c.o
 .text.I2C_MasterTransmit_TXE
                0x00000000080025de       0xd0 .pio/build/genericSTM32F103C8/SrcWrapper/src/HAL/stm32yyxx_hal_i2c.c.o
 .text.HAL_I2C_MemRxCpltCallback
                0x00000000080026ae        0x2 .pio/build/genericSTM32F103C8/SrcWrapper/src/HAL/stm32yyxx_hal_i2c.c.o
                0x00000000080026ae                HAL_I2C_MemRxCpltCallback
 .text.I2C_MasterReceive_BTF
                0x00000000080026b0      0x128 .pio/build/genericSTM32F103C8/SrcWrapper/src/HAL/stm32yyxx_hal_i2c.c.o
 .text.I2C_MasterReceive_RXNE
                0x00000000080027d8       0xec .pio/build/genericSTM32F103C8/SrcWrapper/src/HAL/stm32yyxx_hal_i2c.c.o
 .text.HAL_I2C_AbortCpltCallback
                0x00000000080028c4        0x2 .pio/build/genericSTM32F103C8/SrcWrapper/src/HAL/stm32yyxx_hal_i2c.c.o
                0x00000000080028c4                HAL_I2C_AbortCpltCallback
 *fill*         0x00000000080028c6        0x2 
 .text.I2C_DMAAbort
                0x00000000080028c8       0xe4 .pio/build/genericSTM32F103C8/SrcWrapper/src/HAL/stm32yyxx_hal_i2c.c.o
 .text.I2C_ITError
                0x00000000080029ac      0x174 .pio/build/genericSTM32F103C8/SrcWrapper/src/HAL/stm32yyxx_hal_i2c.c.o
 .text.I2C_Slave_STOPF
                0x0000000008002b20      0x18c .pio/build/genericSTM32F103C8/SrcWrapper/src/HAL/stm32yyxx_hal_i2c.c.o
 .text.HAL_I2C_EV_IRQHandler
                0x0000000008002cac      0x1a0 .pio/build/genericSTM32F103C8/SrcWrapper/src/HAL/stm32yyxx_hal_i2c.c.o
                0x0000000008002cac                HAL_I2C_EV_IRQHandler
 .text.HAL_I2C_ER_IRQHandler
                0x0000000008002e4c       0xce .pio/build/genericSTM32F103C8/SrcWrapper/src/HAL/stm32yyxx_hal_i2c.c.o
                0x0000000008002e4c                HAL_I2C_ER_IRQHandler
 .text.HAL_I2C_GetState
                0x0000000008002f1a        0x6 .pio/build/genericSTM32F103C8/SrcWrapper/src/HAL/stm32yyxx_hal_i2c.c.o
                0x0000000008002f1a                HAL_I2C_GetState
 .text.HAL_I2C_GetError
                0x0000000008002f20        0x4 .pio/build/genericSTM32F103C8/SrcWrapper/src/HAL/stm32yyxx_hal_i2c.c.o
                0x0000000008002f20                HAL_I2C_GetError
 .text.RCC_Delay
                0x0000000008002f24       0x2c .pio/build/genericSTM32F103C8/SrcWrapper/src/HAL/stm32yyxx_hal_rcc.c.o
 .text.HAL_RCC_OscConfig
                0x0000000008002f50      0x410 .pio/build/genericSTM32F103C8/SrcWrapper/src/HAL/stm32yyxx_hal_rcc.c.o
                0x0000000008002f50                HAL_RCC_OscConfig
 .text.HAL_RCC_GetSysClockFreq
                0x0000000008003360       0x70 .pio/build/genericSTM32F103C8/SrcWrapper/src/HAL/stm32yyxx_hal_rcc.c.o
                0x0000000008003360                HAL_RCC_GetSysClockFreq
 .text.HAL_RCC_ClockConfig
                0x00000000080033d0      0x16c .pio/build/genericSTM32F103C8/SrcWrapper/src/HAL/stm32yyxx_hal_rcc.c.o
                0x00000000080033d0                HAL_RCC_ClockConfig
 .text.HAL_RCC_GetHCLKFreq
                0x000000000800353c        0xc .pio/build/genericSTM32F103C8/SrcWrapper/src/HAL/stm32yyxx_hal_rcc.c.o
                0x000000000800353c                HAL_RCC_GetHCLKFreq
 .text.HAL_RCC_GetPCLK1Freq
                0x0000000008003548       0x20 .pio/build/genericSTM32F103C8/SrcWrapper/src/HAL/stm32yyxx_hal_rcc.c.o
                0x0000000008003548                HAL_RCC_GetPCLK1Freq
 .text.HAL_RCC_GetPCLK2Freq
                0x0000000008003568       0x20 .pio/build/genericSTM32F103C8/SrcWrapper/src/HAL/stm32yyxx_hal_rcc.c.o
                0x0000000008003568                HAL_RCC_GetPCLK2Freq
 .text.HAL_RCC_GetClockConfig
                0x0000000008003588       0x3c .pio/build/genericSTM32F103C8/SrcWrapper/src/HAL/stm32yyxx_hal_rcc.c.o
                0x0000000008003588                HAL_RCC_GetClockConfig
 .text.HAL_SPI_MspInit
                0x00000000080035c4        0x2 .pio/build/genericSTM32F103C8/SrcWrapper/src/HAL/stm32yyxx_hal_spi.c.o
                0x00000000080035c4                HAL_SPI_MspInit
 .text.HAL_SPI_Init
                0x00000000080035c6       0xb6 .pio/build/genericSTM32F103C8/SrcWrapper/src/HAL/stm32yyxx_hal_spi.c.o
                0x00000000080035c6                HAL_SPI_Init
 .text.HAL_TIM_Base_Start
                0x000000000800367c       0x5c .pio/build/genericSTM32F103C8/SrcWrapper/src/HAL/stm32yyxx_hal_tim.c.o
                0x000000000800367c                HAL_TIM_Base_Start
 .text.HAL_TIM_Base_Stop
                0x00000000080036d8       0x28 .pio/build/genericSTM32F103C8/SrcWrapper/src/HAL/stm32yyxx_hal_tim.c.o
                0x00000000080036d8                HAL_TIM_Base_Stop
 .text.HAL_TIM_GenerateEvent
                0x0000000008003700       0x2a .pio/build/genericSTM32F103C8/SrcWrapper/src/HAL/stm32yyxx_hal_tim.c.o
                0x0000000008003700                HAL_TIM_GenerateEvent
 .text.HAL_TIM_PWM_PulseFinishedCallback
                0x000000000800372a        0x2 .pio/build/genericSTM32F103C8/SrcWrapper/src/HAL/stm32yyxx_hal_tim.c.o
                0x000000000800372a                HAL_TIM_PWM_PulseFinishedCallback
 .text.HAL_TIM_TriggerCallback
                0x000000000800372c        0x2 .pio/build/genericSTM32F103C8/SrcWrapper/src/HAL/stm32yyxx_hal_tim.c.o
                0x000000000800372c                HAL_TIM_TriggerCallback
 .text.HAL_TIM_IRQHandler
                0x000000000800372e      0x17a .pio/build/genericSTM32F103C8/SrcWrapper/src/HAL/stm32yyxx_hal_tim.c.o
                0x000000000800372e                HAL_TIM_IRQHandler
 .text.TIM_Base_SetConfig
                0x00000000080038a8       0x74 .pio/build/genericSTM32F103C8/SrcWrapper/src/HAL/stm32yyxx_hal_tim.c.o
                0x00000000080038a8                TIM_Base_SetConfig
 .text.HAL_TIM_Base_Init
                0x000000000800391c       0x58 .pio/build/genericSTM32F103C8/SrcWrapper/src/HAL/stm32yyxx_hal_tim.c.o
                0x000000000800391c                HAL_TIM_Base_Init
 .text.TIM_CCxChannelCmd
                0x0000000008003974       0x1e .pio/build/genericSTM32F103C8/SrcWrapper/src/HAL/stm32yyxx_hal_tim.c.o
                0x0000000008003974                TIM_CCxChannelCmd
 *fill*         0x0000000008003992        0x2 
 .text.HAL_TIM_OC_Start
                0x0000000008003994       0xdc .pio/build/genericSTM32F103C8/SrcWrapper/src/HAL/stm32yyxx_hal_tim.c.o
                0x0000000008003994                HAL_TIM_OC_Start
 .text.HAL_TIM_PWM_Start
                0x0000000008003a70       0xdc .pio/build/genericSTM32F103C8/SrcWrapper/src/HAL/stm32yyxx_hal_tim.c.o
                0x0000000008003a70                HAL_TIM_PWM_Start
 .text.HAL_TIM_IC_Start
                0x0000000008003b4c      0x10c .pio/build/genericSTM32F103C8/SrcWrapper/src/HAL/stm32yyxx_hal_tim.c.o
                0x0000000008003b4c                HAL_TIM_IC_Start
 .text.TIM_CCxNChannelCmd
                0x0000000008003c58       0x1e .pio/build/genericSTM32F103C8/SrcWrapper/src/HAL/stm32yyxx_hal_tim_ex.c.o
 *fill*         0x0000000008003c76        0x2 
 .text.HAL_TIMEx_OCN_Start
                0x0000000008003c78       0xd4 .pio/build/genericSTM32F103C8/SrcWrapper/src/HAL/stm32yyxx_hal_tim_ex.c.o
                0x0000000008003c78                HAL_TIMEx_OCN_Start
 .text.HAL_TIMEx_PWMN_Start
                0x0000000008003d4c       0xd4 .pio/build/genericSTM32F103C8/SrcWrapper/src/HAL/stm32yyxx_hal_tim_ex.c.o
                0x0000000008003d4c                HAL_TIMEx_PWMN_Start
 .text.HAL_TIMEx_CommutCallback
                0x0000000008003e20        0x2 .pio/build/genericSTM32F103C8/SrcWrapper/src/HAL/stm32yyxx_hal_tim_ex.c.o
                0x0000000008003e20                HAL_TIMEx_CommutCallback
 .text.HAL_TIMEx_BreakCallback
                0x0000000008003e22        0x2 .pio/build/genericSTM32F103C8/SrcWrapper/src/HAL/stm32yyxx_hal_tim_ex.c.o
                0x0000000008003e22                HAL_TIMEx_BreakCallback
 .text.UART_EndRxTransfer
                0x0000000008003e24       0x32 .pio/build/genericSTM32F103C8/SrcWrapper/src/HAL/stm32yyxx_hal_uart.c.o
 .text.UART_Transmit_IT
                0x0000000008003e56       0x60 .pio/build/genericSTM32F103C8/SrcWrapper/src/HAL/stm32yyxx_hal_uart.c.o
 *fill*         0x0000000008003eb6        0x2 
 .text.UART_SetConfig
                0x0000000008003eb8       0x94 .pio/build/genericSTM32F103C8/SrcWrapper/src/HAL/stm32yyxx_hal_uart.c.o
 .text.HAL_UART_MspInit
                0x0000000008003f4c        0x2 .pio/build/genericSTM32F103C8/SrcWrapper/src/HAL/stm32yyxx_hal_uart.c.o
                0x0000000008003f4c                HAL_UART_MspInit
 .text.HAL_UART_Init
                0x0000000008003f4e       0x5e .pio/build/genericSTM32F103C8/SrcWrapper/src/HAL/stm32yyxx_hal_uart.c.o
                0x0000000008003f4e                HAL_UART_Init
 .text.HAL_HalfDuplex_Init
                0x0000000008003fac       0x6a .pio/build/genericSTM32F103C8/SrcWrapper/src/HAL/stm32yyxx_hal_uart.c.o
                0x0000000008003fac                HAL_HalfDuplex_Init
 .text.HAL_UART_Transmit_IT
                0x0000000008004016       0x4e .pio/build/genericSTM32F103C8/SrcWrapper/src/HAL/stm32yyxx_hal_uart.c.o
                0x0000000008004016                HAL_UART_Transmit_IT
 .text.UART_EndTransmit_IT
                0x0000000008004064       0x1a .pio/build/genericSTM32F103C8/SrcWrapper/src/HAL/stm32yyxx_hal_uart.c.o
 .text.UART_DMAAbortOnError
                0x000000000800407e       0x10 .pio/build/genericSTM32F103C8/SrcWrapper/src/HAL/stm32yyxx_hal_uart.c.o
 .text.HAL_UARTEx_RxEventCallback
                0x000000000800408e        0x2 .pio/build/genericSTM32F103C8/SrcWrapper/src/HAL/stm32yyxx_hal_uart.c.o
                0x000000000800408e                HAL_UARTEx_RxEventCallback
 .text.UART_Receive_IT
                0x0000000008004090       0xd4 .pio/build/genericSTM32F103C8/SrcWrapper/src/HAL/stm32yyxx_hal_uart.c.o
 .text.HAL_UART_IRQHandler
                0x0000000008004164      0x204 .pio/build/genericSTM32F103C8/SrcWrapper/src/HAL/stm32yyxx_hal_uart.c.o
                0x0000000008004164                HAL_UART_IRQHandler
 .text.HAL_HalfDuplex_EnableTransmitter
                0x0000000008004368       0x36 .pio/build/genericSTM32F103C8/SrcWrapper/src/HAL/stm32yyxx_hal_uart.c.o
                0x0000000008004368                HAL_HalfDuplex_EnableTransmitter
 .text.HAL_HalfDuplex_EnableReceiver
                0x000000000800439e       0x36 .pio/build/genericSTM32F103C8/SrcWrapper/src/HAL/stm32yyxx_hal_uart.c.o
                0x000000000800439e                HAL_HalfDuplex_EnableReceiver
 .text.HAL_UART_GetState
                0x00000000080043d4        0xc .pio/build/genericSTM32F103C8/SrcWrapper/src/HAL/stm32yyxx_hal_uart.c.o
                0x00000000080043d4                HAL_UART_GetState
 .text.UART_Start_Receive_IT
                0x00000000080043e0       0x36 .pio/build/genericSTM32F103C8/SrcWrapper/src/HAL/stm32yyxx_hal_uart.c.o
                0x00000000080043e0                UART_Start_Receive_IT
 .text.HAL_UART_Receive_IT
                0x0000000008004416       0x38 .pio/build/genericSTM32F103C8/SrcWrapper/src/HAL/stm32yyxx_hal_uart.c.o
                0x0000000008004416                HAL_UART_Receive_IT
 .text._ZN13HardwareTimer5pauseEv
                0x000000000800444e       0x6a .pio/build/genericSTM32F103C8/SrcWrapper/src/HardwareTimer.cpp.o
                0x000000000800444e                HardwareTimer::pause()
 .text._ZN13HardwareTimer10getChannelEm
                0x00000000080044b8       0x24 .pio/build/genericSTM32F103C8/SrcWrapper/src/HardwareTimer.cpp.o
                0x00000000080044b8                HardwareTimer::getChannel(unsigned long)
 .text._ZN13HardwareTimer12getLLChannelEm
                0x00000000080044dc       0x5c .pio/build/genericSTM32F103C8/SrcWrapper/src/HardwareTimer.cpp.o
                0x00000000080044dc                HardwareTimer::getLLChannel(unsigned long)
 .text._ZN13HardwareTimer5getITEm
                0x0000000008004538       0x24 .pio/build/genericSTM32F103C8/SrcWrapper/src/HardwareTimer.cpp.o
                0x0000000008004538                HardwareTimer::getIT(unsigned long)
 .text._ZN13HardwareTimer20getAssociatedChannelEm
                0x000000000800455c       0x24 .pio/build/genericSTM32F103C8/SrcWrapper/src/HardwareTimer.cpp.o
                0x000000000800455c                HardwareTimer::getAssociatedChannel(unsigned long)
 .text._ZN13HardwareTimer13resumeChannelEm
                0x0000000008004580      0x110 .pio/build/genericSTM32F103C8/SrcWrapper/src/HardwareTimer.cpp.o
                0x0000000008004580                HardwareTimer::resumeChannel(unsigned long)
 .text._ZN13HardwareTimer6resumeEv
                0x0000000008004690       0x42 .pio/build/genericSTM32F103C8/SrcWrapper/src/HardwareTimer.cpp.o
                0x0000000008004690                HardwareTimer::resume()
 .text._ZN13HardwareTimer7refreshEv
                0x00000000080046d2        0xc .pio/build/genericSTM32F103C8/SrcWrapper/src/HardwareTimer.cpp.o
                0x00000000080046d2                HardwareTimer::refresh()
 .text._ZN13HardwareTimer9isRunningEv
                0x00000000080046de        0xe .pio/build/genericSTM32F103C8/SrcWrapper/src/HardwareTimer.cpp.o
                0x00000000080046de                HardwareTimer::isRunning()
 .text._ZN13HardwareTimer27updateRegistersIfNotRunningEP11TIM_TypeDef
                0x00000000080046ec       0x3a .pio/build/genericSTM32F103C8/SrcWrapper/src/HardwareTimer.cpp.o
                0x00000000080046ec                HardwareTimer::updateRegistersIfNotRunning(TIM_TypeDef*)
 *fill*         0x0000000008004726        0x2 
 .text._Z15get_timer_indexP11TIM_TypeDef
                0x0000000008004728       0x3c .pio/build/genericSTM32F103C8/SrcWrapper/src/HardwareTimer.cpp.o
                0x0000000008004728                get_timer_index(TIM_TypeDef*)
 .text._ZN13HardwareTimerD2Ev
                0x0000000008004764       0x48 .pio/build/genericSTM32F103C8/SrcWrapper/src/HardwareTimer.cpp.o
                0x0000000008004764                HardwareTimer::~HardwareTimer()
                0x0000000008004764                HardwareTimer::~HardwareTimer()
 .text._ZN13HardwareTimer5setupEP11TIM_TypeDef
                0x00000000080047ac       0xb0 .pio/build/genericSTM32F103C8/SrcWrapper/src/HardwareTimer.cpp.o
                0x00000000080047ac                HardwareTimer::setup(TIM_TypeDef*)
 .text._ZN13HardwareTimerC2EP11TIM_TypeDef
                0x000000000800485c       0x26 .pio/build/genericSTM32F103C8/SrcWrapper/src/HardwareTimer.cpp.o
                0x000000000800485c                HardwareTimer::HardwareTimer(TIM_TypeDef*)
                0x000000000800485c                HardwareTimer::HardwareTimer(TIM_TypeDef*)
 .text._ZN13HardwareTimer15getTimerClkFreqEv
                0x0000000008004882       0x5c .pio/build/genericSTM32F103C8/SrcWrapper/src/HardwareTimer.cpp.o
                0x0000000008004882                HardwareTimer::getTimerClkFreq()
 *fill*         0x00000000080048de        0x2 
 .text._ZN13HardwareTimer11setOverflowEm13TimerFormat_t
                0x00000000080048e0       0x5c .pio/build/genericSTM32F103C8/SrcWrapper/src/HardwareTimer.cpp.o
                0x00000000080048e0                HardwareTimer::setOverflow(unsigned long, TimerFormat_t)
 .text.TIM1_UP_IRQHandler
                0x000000000800493c       0x14 .pio/build/genericSTM32F103C8/SrcWrapper/src/HardwareTimer.cpp.o
                0x000000000800493c                TIM1_UP_IRQHandler
 .text.TIM1_CC_IRQHandler
                0x0000000008004950       0x14 .pio/build/genericSTM32F103C8/SrcWrapper/src/HardwareTimer.cpp.o
                0x0000000008004950                TIM1_CC_IRQHandler
 .text.TIM2_IRQHandler
                0x0000000008004964       0x14 .pio/build/genericSTM32F103C8/SrcWrapper/src/HardwareTimer.cpp.o
                0x0000000008004964                TIM2_IRQHandler
 .text.TIM3_IRQHandler
                0x0000000008004978       0x14 .pio/build/genericSTM32F103C8/SrcWrapper/src/HardwareTimer.cpp.o
                0x0000000008004978                TIM3_IRQHandler
 .text.TIM4_IRQHandler
                0x000000000800498c       0x14 .pio/build/genericSTM32F103C8/SrcWrapper/src/HardwareTimer.cpp.o
                0x000000000800498c                TIM4_IRQHandler
 .text._ZNSt8functionIFvvEEC2ERKS1_
                0x00000000080049a0       0x1e .pio/build/genericSTM32F103C8/SrcWrapper/src/HardwareTimer.cpp.o
                0x00000000080049a0                std::function<void ()>::function(std::function<void ()> const&)
                0x00000000080049a0                std::function<void ()>::function(std::function<void ()> const&)
 .text._ZN13HardwareTimer15attachInterruptESt8functionIFvvEE
                0x00000000080049be       0xa8 .pio/build/genericSTM32F103C8/SrcWrapper/src/HardwareTimer.cpp.o
                0x00000000080049be                HardwareTimer::attachInterrupt(std::function<void ()>)
 .text._ZNKSt8functionIFvvEEclEv
                0x0000000008004a66       0x10 .pio/build/genericSTM32F103C8/SrcWrapper/src/HardwareTimer.cpp.o
                0x0000000008004a66                std::function<void ()>::operator()() const
 .text._ZN13HardwareTimer14updateCallbackEP17TIM_HandleTypeDef
                0x0000000008004a76       0x18 .pio/build/genericSTM32F103C8/SrcWrapper/src/HardwareTimer.cpp.o
                0x0000000008004a76                HardwareTimer::updateCallback(TIM_HandleTypeDef*)
 .text.HAL_TIM_PeriodElapsedCallback
                0x0000000008004a8e        0x8 .pio/build/genericSTM32F103C8/SrcWrapper/src/HardwareTimer.cpp.o
                0x0000000008004a8e                HAL_TIM_PeriodElapsedCallback
 .text._ZN13HardwareTimer22captureCompareCallbackEP17TIM_HandleTypeDef
                0x0000000008004a96       0x42 .pio/build/genericSTM32F103C8/SrcWrapper/src/HardwareTimer.cpp.o
                0x0000000008004a96                HardwareTimer::captureCompareCallback(TIM_HandleTypeDef*)
 .text.HAL_TIM_IC_CaptureCallback
                0x0000000008004ad8        0x8 .pio/build/genericSTM32F103C8/SrcWrapper/src/HardwareTimer.cpp.o
                0x0000000008004ad8                HAL_TIM_IC_CaptureCallback
 .text.HAL_TIM_OC_DelayElapsedCallback
                0x0000000008004ae0        0x8 .pio/build/genericSTM32F103C8/SrcWrapper/src/HardwareTimer.cpp.o
                0x0000000008004ae0                HAL_TIM_OC_DelayElapsedCallback
 .text._Znwj    0x0000000008004ae8        0x8 .pio/build/genericSTM32F103C8/SrcWrapper/src/new.cpp.o
                0x0000000008004ae8                operator new(unsigned int)
 .text._ZdlPvj  0x0000000008004af0        0x8 .pio/build/genericSTM32F103C8/SrcWrapper/src/new.cpp.o
                0x0000000008004af0                operator delete(void*, unsigned int)
 .text.set_GPIO_Port_Clock
                0x0000000008004af8       0xa8 .pio/build/genericSTM32F103C8/SrcWrapper/src/stm32/PortNames.c.o
                0x0000000008004af8                set_GPIO_Port_Clock
 .text.pwm_stop
                0x0000000008004ba0       0x5c .pio/build/genericSTM32F103C8/SrcWrapper/src/stm32/analog.cpp.o
                0x0000000008004ba0                pwm_stop
 .text.getCurrentMicros
                0x0000000008004bfc       0x50 .pio/build/genericSTM32F103C8/SrcWrapper/src/stm32/clock.c.o
                0x0000000008004bfc                getCurrentMicros
 .text.getCurrentMillis
                0x0000000008004c4c        0x8 .pio/build/genericSTM32F103C8/SrcWrapper/src/stm32/clock.c.o
                0x0000000008004c4c                getCurrentMillis
 .text.noOsSystickHandler
                0x0000000008004c54        0x2 .pio/build/genericSTM32F103C8/SrcWrapper/src/stm32/clock.c.o
                0x0000000008004c54                osSystickHandler
                0x0000000008004c54                noOsSystickHandler
 .text.SysTick_Handler
                0x0000000008004c56       0x10 .pio/build/genericSTM32F103C8/SrcWrapper/src/stm32/clock.c.o
                0x0000000008004c56                SysTick_Handler
 .text.configHSECapacitorTuning
                0x0000000008004c66        0x2 .pio/build/genericSTM32F103C8/SrcWrapper/src/stm32/clock.c.o
                0x0000000008004c66                configHSECapacitorTuning
 .text.configIPClock
                0x0000000008004c68       0x44 .pio/build/genericSTM32F103C8/SrcWrapper/src/stm32/clock.c.o
                0x0000000008004c68                configIPClock
 .text.dwt_init
                0x0000000008004cac       0x40 .pio/build/genericSTM32F103C8/SrcWrapper/src/stm32/dwt.c.o
                0x0000000008004cac                dwt_init
 .text.hw_config_init
                0x0000000008004cec       0x24 .pio/build/genericSTM32F103C8/SrcWrapper/src/stm32/hw_config.c.o
                0x0000000008004cec                hw_config_init
 .text._ZL10get_pin_idt
                0x0000000008004d10       0x12 .pio/build/genericSTM32F103C8/SrcWrapper/src/stm32/interrupt.cpp.o
 .text._ZNSt17_Function_handlerIFvvEPS0_E9_M_invokeERKSt9_Any_data
                0x0000000008004d22        0x8 .pio/build/genericSTM32F103C8/SrcWrapper/src/stm32/interrupt.cpp.o
                0x0000000008004d22                std::_Function_handler<void (), void (*)()>::_M_invoke(std::_Any_data const&)
 .text._ZNSt17_Function_handlerIFvvEPS0_E10_M_managerERSt9_Any_dataRKS3_St18_Manager_operation
                0x0000000008004d2a       0x20 .pio/build/genericSTM32F103C8/SrcWrapper/src/stm32/interrupt.cpp.o
                0x0000000008004d2a                std::_Function_handler<void (), void (*)()>::_M_manager(std::_Any_data&, std::_Any_data const&, std::_Manager_operation)
 *fill*         0x0000000008004d4a        0x2 
 .text._Z41__static_initialization_and_destruction_0ii
                0x0000000008004d4c       0xc4 .pio/build/genericSTM32F103C8/SrcWrapper/src/stm32/interrupt.cpp.o
 .text.EXTI0_IRQHandler
                0x0000000008004e10        0xa .pio/build/genericSTM32F103C8/SrcWrapper/src/stm32/interrupt.cpp.o
                0x0000000008004e10                EXTI0_IRQHandler
 .text.EXTI1_IRQHandler
                0x0000000008004e1a        0xa .pio/build/genericSTM32F103C8/SrcWrapper/src/stm32/interrupt.cpp.o
                0x0000000008004e1a                EXTI1_IRQHandler
 .text.EXTI2_IRQHandler
                0x0000000008004e24        0xa .pio/build/genericSTM32F103C8/SrcWrapper/src/stm32/interrupt.cpp.o
                0x0000000008004e24                EXTI2_IRQHandler
 .text.EXTI3_IRQHandler
                0x0000000008004e2e        0xa .pio/build/genericSTM32F103C8/SrcWrapper/src/stm32/interrupt.cpp.o
                0x0000000008004e2e                EXTI3_IRQHandler
 .text.EXTI4_IRQHandler
                0x0000000008004e38        0xa .pio/build/genericSTM32F103C8/SrcWrapper/src/stm32/interrupt.cpp.o
                0x0000000008004e38                EXTI4_IRQHandler
 .text.EXTI9_5_IRQHandler
                0x0000000008004e42       0x16 .pio/build/genericSTM32F103C8/SrcWrapper/src/stm32/interrupt.cpp.o
                0x0000000008004e42                EXTI9_5_IRQHandler
 .text.EXTI15_10_IRQHandler
                0x0000000008004e58       0x18 .pio/build/genericSTM32F103C8/SrcWrapper/src/stm32/interrupt.cpp.o
                0x0000000008004e58                EXTI15_10_IRQHandler
 .text._ZNSt8functionIFvvEEC2IPS0_vvEET_
                0x0000000008004e70       0x1c .pio/build/genericSTM32F103C8/SrcWrapper/src/stm32/interrupt.cpp.o
                0x0000000008004e70                std::function<void ()>::function<void (*)(), void, void>(void (*)())
                0x0000000008004e70                std::function<void ()>::function<void (*)(), void, void>(void (*)())
 .text.HAL_GPIO_EXTI_Callback
                0x0000000008004e8c       0x20 .pio/build/genericSTM32F103C8/SrcWrapper/src/stm32/interrupt.cpp.o
                0x0000000008004e8c                HAL_GPIO_EXTI_Callback
 .text._GLOBAL__sub_I__Z22stm32_interrupt_enableP12GPIO_TypeDeftSt8functionIFvvEEm
                0x0000000008004eac        0xe .pio/build/genericSTM32F103C8/SrcWrapper/src/stm32/interrupt.cpp.o
 .text._GLOBAL__sub_D__Z22stm32_interrupt_enableP12GPIO_TypeDeftSt8functionIFvvEEm
                0x0000000008004eba        0xe .pio/build/genericSTM32F103C8/SrcWrapper/src/stm32/interrupt.cpp.o
 .text.pin_in_pinmap
                0x0000000008004ec8       0x22 .pio/build/genericSTM32F103C8/SrcWrapper/src/stm32/pinmap.c.o
                0x0000000008004ec8                pin_in_pinmap
 *fill*         0x0000000008004eea        0x2 
 .text.pin_function
                0x0000000008004eec      0x770 .pio/build/genericSTM32F103C8/SrcWrapper/src/stm32/pinmap.c.o
                0x0000000008004eec                pin_function
 .text.pinmap_pinout
                0x000000000800565c       0x24 .pio/build/genericSTM32F103C8/SrcWrapper/src/stm32/pinmap.c.o
                0x000000000800565c                pinmap_pinout
 .text.pinmap_find_peripheral
                0x0000000008005680       0x18 .pio/build/genericSTM32F103C8/SrcWrapper/src/stm32/pinmap.c.o
                0x0000000008005680                pinmap_find_peripheral
 .text.pinmap_peripheral
                0x0000000008005698       0x12 .pio/build/genericSTM32F103C8/SrcWrapper/src/stm32/pinmap.c.o
                0x0000000008005698                pinmap_peripheral
 .text.pinmap_find_pin
                0x00000000080056aa       0x16 .pio/build/genericSTM32F103C8/SrcWrapper/src/stm32/pinmap.c.o
                0x00000000080056aa                pinmap_find_pin
 .text.pinmap_pin
                0x00000000080056c0       0x10 .pio/build/genericSTM32F103C8/SrcWrapper/src/stm32/pinmap.c.o
                0x00000000080056c0                pinmap_pin
 .text.pinmap_merge_peripheral
                0x00000000080056d0       0x10 .pio/build/genericSTM32F103C8/SrcWrapper/src/stm32/pinmap.c.o
                0x00000000080056d0                pinmap_merge_peripheral
 .text.SystemInit
                0x00000000080056e0       0x4c .pio/build/genericSTM32F103C8/SrcWrapper/src/stm32/system_stm32yyxx.c.o
                0x00000000080056e0                SystemInit
 .text.get_timer_obj
                0x000000000800572c        0x4 .pio/build/genericSTM32F103C8/SrcWrapper/src/stm32/timer.c.o
                0x000000000800572c                get_timer_obj
 .text.enableTimerClock
                0x0000000008005730       0x94 .pio/build/genericSTM32F103C8/SrcWrapper/src/stm32/timer.c.o
                0x0000000008005730                enableTimerClock
 .text.disableTimerClock
                0x00000000080057c4       0x64 .pio/build/genericSTM32F103C8/SrcWrapper/src/stm32/timer.c.o
                0x00000000080057c4                disableTimerClock
 .text.getTimerUpIrq
                0x0000000008005828       0x44 .pio/build/genericSTM32F103C8/SrcWrapper/src/stm32/timer.c.o
                0x0000000008005828                getTimerUpIrq
 .text.getTimerCCIrq
                0x000000000800586c       0x44 .pio/build/genericSTM32F103C8/SrcWrapper/src/stm32/timer.c.o
                0x000000000800586c                getTimerCCIrq
 .text.HAL_TIM_Base_MspInit
                0x00000000080058b0       0x54 .pio/build/genericSTM32F103C8/SrcWrapper/src/stm32/timer.c.o
                0x00000000080058b0                HAL_TIM_Base_MspInit
 .text.getTimerClkSrc
                0x0000000008005904       0x40 .pio/build/genericSTM32F103C8/SrcWrapper/src/stm32/timer.c.o
                0x0000000008005904                getTimerClkSrc
 .text.get_serial_obj
                0x0000000008005944        0x4 .pio/build/genericSTM32F103C8/SrcWrapper/src/stm32/uart.c.o
                0x0000000008005944                get_serial_obj
 .text.uart_init
                0x0000000008005948      0x1dc .pio/build/genericSTM32F103C8/SrcWrapper/src/stm32/uart.c.o
                0x0000000008005948                uart_init
 .text.serial_rx_active
                0x0000000008005b24       0x24 .pio/build/genericSTM32F103C8/SrcWrapper/src/stm32/uart.c.o
                0x0000000008005b24                serial_rx_active
 .text.serial_tx_active
                0x0000000008005b48       0x24 .pio/build/genericSTM32F103C8/SrcWrapper/src/stm32/uart.c.o
                0x0000000008005b48                serial_tx_active
 .text.uart_getc
                0x0000000008005b6c       0x3c .pio/build/genericSTM32F103C8/SrcWrapper/src/stm32/uart.c.o
                0x0000000008005b6c                uart_getc
 .text.uart_attach_rx_callback
                0x0000000008005ba8       0x40 .pio/build/genericSTM32F103C8/SrcWrapper/src/stm32/uart.c.o
                0x0000000008005ba8                uart_attach_rx_callback
 .text.uart_attach_tx_callback
                0x0000000008005be8       0x3c .pio/build/genericSTM32F103C8/SrcWrapper/src/stm32/uart.c.o
                0x0000000008005be8                uart_attach_tx_callback
 .text.uart_enable_tx
                0x0000000008005c24       0x24 .pio/build/genericSTM32F103C8/SrcWrapper/src/stm32/uart.c.o
                0x0000000008005c24                uart_enable_tx
 .text.uart_enable_rx
                0x0000000008005c48       0x24 .pio/build/genericSTM32F103C8/SrcWrapper/src/stm32/uart.c.o
                0x0000000008005c48                uart_enable_rx
 .text.HAL_UART_RxCpltCallback
                0x0000000008005c6c        0xe .pio/build/genericSTM32F103C8/SrcWrapper/src/stm32/uart.c.o
                0x0000000008005c6c                HAL_UART_RxCpltCallback
 .text.HAL_UART_TxCpltCallback
                0x0000000008005c7a        0xe .pio/build/genericSTM32F103C8/SrcWrapper/src/stm32/uart.c.o
                0x0000000008005c7a                HAL_UART_TxCpltCallback
 .text.HAL_UART_ErrorCallback
                0x0000000008005c88       0x88 .pio/build/genericSTM32F103C8/SrcWrapper/src/stm32/uart.c.o
                0x0000000008005c88                HAL_UART_ErrorCallback
 .text.USART1_IRQHandler
                0x0000000008005d10       0x18 .pio/build/genericSTM32F103C8/SrcWrapper/src/stm32/uart.c.o
                0x0000000008005d10                USART1_IRQHandler
 .text.USART2_IRQHandler
                0x0000000008005d28       0x18 .pio/build/genericSTM32F103C8/SrcWrapper/src/stm32/uart.c.o
                0x0000000008005d28                USART2_IRQHandler
 .text.USART3_IRQHandler
                0x0000000008005d40       0x18 .pio/build/genericSTM32F103C8/SrcWrapper/src/stm32/uart.c.o
                0x0000000008005d40                USART3_IRQHandler
 .text._sbrk    0x0000000008005d58       0x48 .pio/build/genericSTM32F103C8/SrcWrapper/src/syscalls.c.o
                0x0000000008005d58                _sbrk
 .text._exit    0x0000000008005da0        0x2 .pio/build/genericSTM32F103C8/SrcWrapper/src/syscalls.c.o
                0x0000000008005da0                _exit
 *fill*         0x0000000008005da2        0x2 
 .text._kill    0x0000000008005da4       0x10 .pio/build/genericSTM32F103C8/SrcWrapper/src/syscalls.c.o
                0x0000000008005da4                _kill
 .text._getpid  0x0000000008005db4        0x4 .pio/build/genericSTM32F103C8/SrcWrapper/src/syscalls.c.o
                0x0000000008005db4                _getpid
 .text._Z41__static_initialization_and_destruction_0ii
                0x0000000008005db8       0x88 .pio/build/genericSTM32F103C8/src/main.cpp.o
 .text._Z16int32tobytearraylPh
                0x0000000008005e40       0x16 .pio/build/genericSTM32F103C8/src/main.cpp.o
                0x0000000008005e40                int32tobytearray(long, unsigned char*)
 .text._Z16bytearraytoint32Ph
                0x0000000008005e56       0x1c .pio/build/genericSTM32F103C8/src/main.cpp.o
                0x0000000008005e56                bytearraytoint32(unsigned char*)
 .text._Z16int16tobytearraysPh
                0x0000000008005e72       0x12 .pio/build/genericSTM32F103C8/src/main.cpp.o
                0x0000000008005e72                int16tobytearray(short, unsigned char*)
 .text._Z6setledi
                0x0000000008005e84       0x92 .pio/build/genericSTM32F103C8/src/main.cpp.o
                0x0000000008005e84                setled(int)
 .text._Z10configpinsv
                0x0000000008005f16       0x54 .pio/build/genericSTM32F103C8/src/main.cpp.o
                0x0000000008005f16                configpins()
 *fill*         0x0000000008005f6a        0x2 
 .text._Z17findglobaladdressv
                0x0000000008005f6c      0x104 .pio/build/genericSTM32F103C8/src/main.cpp.o
                0x0000000008005f6c                findglobaladdress()
 .text._Z9testflashv
                0x0000000008006070       0xb0 .pio/build/genericSTM32F103C8/src/main.cpp.o
                0x0000000008006070                testflash()
 .text._Z7initimuv
                0x0000000008006120       0xb4 .pio/build/genericSTM32F103C8/src/main.cpp.o
                0x0000000008006120                initimu()
 .text._Z7initbmpv
                0x00000000080061d4       0x78 .pio/build/genericSTM32F103C8/src/main.cpp.o
                0x00000000080061d4                initbmp()
 .text._Z7zerobmpi
                0x000000000800624c      0x100 .pio/build/genericSTM32F103C8/src/main.cpp.o
                0x000000000800624c                zerobmp(int)
 .text._Z9initradiov
                0x000000000800634c      0x168 .pio/build/genericSTM32F103C8/src/main.cpp.o
                0x000000000800634c                initradio()
 .text._Z13sendtelemetry12accelgyrobmph
                0x00000000080064b4      0x104 .pio/build/genericSTM32F103C8/src/main.cpp.o
                0x00000000080064b4                sendtelemetry(accelgyrobmp, unsigned char)
 .text._Z8readdatayPl
                0x00000000080065b8      0x204 .pio/build/genericSTM32F103C8/src/main.cpp.o
                0x00000000080065b8                readdata(unsigned long long, long*)
 .text._Z7logdata12accelgyrobmphm
                0x00000000080067bc      0x114 .pio/build/genericSTM32F103C8/src/main.cpp.o
                0x00000000080067bc                logdata(accelgyrobmp, unsigned char, unsigned long)
 .text._Z10clearflashv
                0x00000000080068d0       0x34 .pio/build/genericSTM32F103C8/src/main.cpp.o
                0x00000000080068d0                clearflash()
 *fill*         0x0000000008006904        0x4 
 .text._Z9fetchdata12accelgyrobmp
                0x0000000008006908      0x45c .pio/build/genericSTM32F103C8/src/main.cpp.o
                0x0000000008006908                fetchdata(accelgyrobmp)
 .text._Z18generateimuoffsetsi
                0x0000000008006d64      0x154 .pio/build/genericSTM32F103C8/src/main.cpp.o
                0x0000000008006d64                generateimuoffsets(int)
 .text._Z16sendtoserialdata12accelgyrobmpb
                0x0000000008006eb8      0x4d0 .pio/build/genericSTM32F103C8/src/main.cpp.o
                0x0000000008006eb8                sendtoserialdata(accelgyrobmp, bool)
 .text._Z12movedatatosdyb
                0x0000000008007388      0x21c .pio/build/genericSTM32F103C8/src/main.cpp.o
                0x0000000008007388                movedatatosd(unsigned long long, bool)
 *fill*         0x00000000080075a4        0x4 
 .text._Z17detectstatechangea
                0x00000000080075a8      0x180 .pio/build/genericSTM32F103C8/src/main.cpp.o
                0x00000000080075a8                detectstatechange(signed char)
 .text._GLOBAL__sub_I__Z16int32tobytearraylPh
                0x0000000008007728        0xe .pio/build/genericSTM32F103C8/src/main.cpp.o
 *fill*         0x0000000008007736        0x2 
 .text._Z9initflashv
                0x0000000008007738       0x3c .pio/build/genericSTM32F103C8/src/main.cpp.o
                0x0000000008007738                initflash()
 .text._Z6initsdv
                0x0000000008007774       0x88 .pio/build/genericSTM32F103C8/src/main.cpp.o
                0x0000000008007774                initsd()
 .text.setup    0x00000000080077fc      0x1a4 .pio/build/genericSTM32F103C8/src/main.cpp.o
                0x00000000080077fc                setup
 .text._Z12parsecommandh
                0x00000000080079a0      0x16c .pio/build/genericSTM32F103C8/src/main.cpp.o
                0x00000000080079a0                parsecommand(unsigned char)
 .text._Z13recivecommandv
                0x0000000008007b0c       0x6c .pio/build/genericSTM32F103C8/src/main.cpp.o
                0x0000000008007b0c                recivecommand()
 .text.loop     0x0000000008007b78      0x300 .pio/build/genericSTM32F103C8/src/main.cpp.o
                0x0000000008007b78                loop
 .text._ZN5Print17availableForWriteEv
                0x0000000008007e78        0x4 .pio/build/genericSTM32F103C8/lib737/libWire.a(Wire.cpp.o)
                0x0000000008007e78                Print::availableForWrite()
 .text._ZN7TwoWire9availableEv
                0x0000000008007e7c        0x8 .pio/build/genericSTM32F103C8/lib737/libWire.a(Wire.cpp.o)
                0x0000000008007e7c                TwoWire::available()
 .text._ZN7TwoWire4readEv
                0x0000000008007e84       0x1a .pio/build/genericSTM32F103C8/lib737/libWire.a(Wire.cpp.o)
                0x0000000008007e84                TwoWire::read()
 .text._ZN7TwoWire4peekEv
                0x0000000008007e9e       0x14 .pio/build/genericSTM32F103C8/lib737/libWire.a(Wire.cpp.o)
                0x0000000008007e9e                TwoWire::peek()
 .text._ZN7TwoWire5writeEPKhj
                0x0000000008007eb2       0x74 .pio/build/genericSTM32F103C8/lib737/libWire.a(Wire.cpp.o)
                0x0000000008007eb2                TwoWire::write(unsigned char const*, unsigned int)
 .text._ZN7TwoWire5flushEv
                0x0000000008007f26       0x28 .pio/build/genericSTM32F103C8/lib737/libWire.a(Wire.cpp.o)
                0x0000000008007f26                TwoWire::flush()
 .text._ZN7TwoWire5writeEh
                0x0000000008007f4e       0x6e .pio/build/genericSTM32F103C8/lib737/libWire.a(Wire.cpp.o)
                0x0000000008007f4e                TwoWire::write(unsigned char)
 .text._ZN7TwoWireC2Ev
                0x0000000008007fbc       0x40 .pio/build/genericSTM32F103C8/lib737/libWire.a(Wire.cpp.o)
                0x0000000008007fbc                TwoWire::TwoWire()
                0x0000000008007fbc                TwoWire::TwoWire()
 .text._Z41__static_initialization_and_destruction_0ii
                0x0000000008007ffc       0x60 .pio/build/genericSTM32F103C8/lib737/libWire.a(Wire.cpp.o)
 .text._ZN7TwoWire3endEv
                0x000000000800805c       0x22 .pio/build/genericSTM32F103C8/lib737/libWire.a(Wire.cpp.o)
                0x000000000800805c                TwoWire::end()
 *fill*         0x000000000800807e        0x2 
 .text._ZN7TwoWire8setClockEm
                0x0000000008008080       0x30 .pio/build/genericSTM32F103C8/lib737/libWire.a(Wire.cpp.o)
                0x0000000008008080                TwoWire::setClock(unsigned long)
 .text._ZN7TwoWire17beginTransmissionEh
                0x00000000080080b0       0x10 .pio/build/genericSTM32F103C8/lib737/libWire.a(Wire.cpp.o)
                0x00000000080080b0                TwoWire::beginTransmission(unsigned char)
 .text._ZN7TwoWire17beginTransmissionEi
                0x00000000080080c0        0xa .pio/build/genericSTM32F103C8/lib737/libWire.a(Wire.cpp.o)
                0x00000000080080c0                TwoWire::beginTransmission(int)
 .text._ZN7TwoWire15endTransmissionEh
                0x00000000080080ca       0x64 .pio/build/genericSTM32F103C8/lib737/libWire.a(Wire.cpp.o)
                0x00000000080080ca                TwoWire::endTransmission(unsigned char)
 .text._ZN7TwoWire15endTransmissionEv
                0x000000000800812e        0xa .pio/build/genericSTM32F103C8/lib737/libWire.a(Wire.cpp.o)
                0x000000000800812e                TwoWire::endTransmission()
 .text._ZN7TwoWire16allocateRxBufferEj
                0x0000000008008138       0x24 .pio/build/genericSTM32F103C8/lib737/libWire.a(Wire.cpp.o)
                0x0000000008008138                TwoWire::allocateRxBuffer(unsigned int)
 .text._ZN7TwoWire11requestFromEhhmhh
                0x000000000800815c       0xa2 .pio/build/genericSTM32F103C8/lib737/libWire.a(Wire.cpp.o)
                0x000000000800815c                TwoWire::requestFrom(unsigned char, unsigned char, unsigned long, unsigned char, unsigned char)
 .text._ZN7TwoWire11requestFromEhhh
                0x00000000080081fe       0x14 .pio/build/genericSTM32F103C8/lib737/libWire.a(Wire.cpp.o)
                0x00000000080081fe                TwoWire::requestFrom(unsigned char, unsigned char, unsigned char)
 .text._ZN7TwoWire11requestFromEhh
                0x0000000008008212        0xa .pio/build/genericSTM32F103C8/lib737/libWire.a(Wire.cpp.o)
                0x0000000008008212                TwoWire::requestFrom(unsigned char, unsigned char)
 .text._ZN7TwoWire10recoverBusEv
                0x000000000800821c      0x110 .pio/build/genericSTM32F103C8/lib737/libWire.a(Wire.cpp.o)
                0x000000000800821c                TwoWire::recoverBus()
 .text._ZN7TwoWire5beginEhbb
                0x000000000800832c       0xb4 .pio/build/genericSTM32F103C8/lib737/libWire.a(Wire.cpp.o)
                0x000000000800832c                TwoWire::begin(unsigned char, bool, bool)
 .text._ZN7TwoWire5beginEb
                0x00000000080083e0        0xe .pio/build/genericSTM32F103C8/lib737/libWire.a(Wire.cpp.o)
                0x00000000080083e0                TwoWire::begin(bool)
 .text._ZNKSt8functionIFviEEclEi
                0x00000000080083ee       0x1a .pio/build/genericSTM32F103C8/lib737/libWire.a(Wire.cpp.o)
                0x00000000080083ee                std::function<void (int)>::operator()(int) const
 .text._ZN7TwoWire16onReceiveServiceEP5i2c_s
                0x0000000008008408       0x3e .pio/build/genericSTM32F103C8/lib737/libWire.a(Wire.cpp.o)
                0x0000000008008408                TwoWire::onReceiveService(i2c_s*)
 .text._ZN7TwoWire16onRequestServiceEP5i2c_s
                0x0000000008008446       0x16 .pio/build/genericSTM32F103C8/lib737/libWire.a(Wire.cpp.o)
                0x0000000008008446                TwoWire::onRequestService(i2c_s*)
 .text._GLOBAL__sub_I__ZN7TwoWireC2Ev
                0x000000000800845c        0xe .pio/build/genericSTM32F103C8/lib737/libWire.a(Wire.cpp.o)
 .text._GLOBAL__sub_D__ZN7TwoWireC2Ev
                0x000000000800846a        0xe .pio/build/genericSTM32F103C8/lib737/libWire.a(Wire.cpp.o)
 .text.i2c_getTiming
                0x0000000008008478       0x30 .pio/build/genericSTM32F103C8/lib737/libWire.a(twi.c.o)
 .text.i2c_custom_init
                0x00000000080084a8      0x17c .pio/build/genericSTM32F103C8/lib737/libWire.a(twi.c.o)
                0x00000000080084a8                i2c_custom_init
 .text.i2c_deinit
                0x0000000008008624       0x1c .pio/build/genericSTM32F103C8/lib737/libWire.a(twi.c.o)
                0x0000000008008624                i2c_deinit
 .text.i2c_setTiming
                0x0000000008008640       0x40 .pio/build/genericSTM32F103C8/lib737/libWire.a(twi.c.o)
                0x0000000008008640                i2c_setTiming
 .text.i2c_slave_write_IT
                0x0000000008008680       0x3c .pio/build/genericSTM32F103C8/lib737/libWire.a(twi.c.o)
                0x0000000008008680                i2c_slave_write_IT
 .text.i2c_master_read
                0x00000000080086bc       0xbe .pio/build/genericSTM32F103C8/lib737/libWire.a(twi.c.o)
                0x00000000080086bc                i2c_master_read
 .text.i2c_IsDeviceReady
                0x000000000800877a       0x48 .pio/build/genericSTM32F103C8/lib737/libWire.a(twi.c.o)
                0x000000000800877a                i2c_IsDeviceReady
 .text.i2c_master_write
                0x00000000080087c2       0xd2 .pio/build/genericSTM32F103C8/lib737/libWire.a(twi.c.o)
                0x00000000080087c2                i2c_master_write
 .text.get_i2c_obj
                0x0000000008008894        0x4 .pio/build/genericSTM32F103C8/lib737/libWire.a(twi.c.o)
                0x0000000008008894                get_i2c_obj
 .text.i2c_attachSlaveRxEvent
                0x0000000008008898       0x12 .pio/build/genericSTM32F103C8/lib737/libWire.a(twi.c.o)
                0x0000000008008898                i2c_attachSlaveRxEvent
 .text.i2c_attachSlaveTxEvent
                0x00000000080088aa       0x12 .pio/build/genericSTM32F103C8/lib737/libWire.a(twi.c.o)
                0x00000000080088aa                i2c_attachSlaveTxEvent
 .text.HAL_I2C_AddrCallback
                0x00000000080088bc       0x70 .pio/build/genericSTM32F103C8/lib737/libWire.a(twi.c.o)
                0x00000000080088bc                HAL_I2C_AddrCallback
 .text.HAL_I2C_ListenCpltCallback
                0x000000000800892c       0x32 .pio/build/genericSTM32F103C8/lib737/libWire.a(twi.c.o)
                0x000000000800892c                HAL_I2C_ListenCpltCallback
 .text.HAL_I2C_SlaveRxCpltCallback
                0x000000000800895e       0x34 .pio/build/genericSTM32F103C8/lib737/libWire.a(twi.c.o)
                0x000000000800895e                HAL_I2C_SlaveRxCpltCallback
 .text.HAL_I2C_SlaveTxCpltCallback
                0x0000000008008992        0xe .pio/build/genericSTM32F103C8/lib737/libWire.a(twi.c.o)
                0x0000000008008992                HAL_I2C_SlaveTxCpltCallback
 .text.HAL_I2C_ErrorCallback
                0x00000000080089a0       0x18 .pio/build/genericSTM32F103C8/lib737/libWire.a(twi.c.o)
                0x00000000080089a0                HAL_I2C_ErrorCallback
 .text.I2C1_EV_IRQHandler
                0x00000000080089b8       0x10 .pio/build/genericSTM32F103C8/lib737/libWire.a(twi.c.o)
                0x00000000080089b8                I2C1_EV_IRQHandler
 .text.I2C1_ER_IRQHandler
                0x00000000080089c8       0x10 .pio/build/genericSTM32F103C8/lib737/libWire.a(twi.c.o)
                0x00000000080089c8                I2C1_ER_IRQHandler
 .text.I2C2_EV_IRQHandler
                0x00000000080089d8       0x10 .pio/build/genericSTM32F103C8/lib737/libWire.a(twi.c.o)
                0x00000000080089d8                I2C2_EV_IRQHandler
 .text.I2C2_ER_IRQHandler
                0x00000000080089e8       0x10 .pio/build/genericSTM32F103C8/lib737/libWire.a(twi.c.o)
                0x00000000080089e8                I2C2_ER_IRQHandler
 .text._ZN8SPIClass8transferEhPvS0_j15SPITransferMode
                0x00000000080089f8      0x10c .pio/build/genericSTM32F103C8/libdc6/libSPI.a(SPI.cpp.o)
                0x00000000080089f8                SPIClass::transfer(unsigned char, void*, void*, unsigned int, SPITransferMode)
 .text._ZN8SPIClass8transferEhh15SPITransferMode
                0x0000000008008b04      0x108 .pio/build/genericSTM32F103C8/libdc6/libSPI.a(SPI.cpp.o)
                0x0000000008008b04                SPIClass::transfer(unsigned char, unsigned char, SPITransferMode)
 .text._ZN8SPIClass5beginEh
                0x0000000008008c0c       0xe0 .pio/build/genericSTM32F103C8/libdc6/libSPI.a(SPI.cpp.o)
                0x0000000008008c0c                SPIClass::begin(unsigned char)
 .text._ZN8SPIClass10transfer16Eht15SPITransferMode
                0x0000000008008cec      0x144 .pio/build/genericSTM32F103C8/libdc6/libSPI.a(SPI.cpp.o)
                0x0000000008008cec                SPIClass::transfer16(unsigned char, unsigned short, SPITransferMode)
 .text._ZN8SPIClass16beginTransactionEh11SPISettings
                0x0000000008008e30      0x10c .pio/build/genericSTM32F103C8/libdc6/libSPI.a(SPI.cpp.o)
                0x0000000008008e30                SPIClass::beginTransaction(unsigned char, SPISettings)
 .text._ZN8SPIClass8transferEhPvj15SPITransferMode
                0x0000000008008f3c      0x108 .pio/build/genericSTM32F103C8/libdc6/libSPI.a(SPI.cpp.o)
                0x0000000008008f3c                SPIClass::transfer(unsigned char, void*, unsigned int, SPITransferMode)
 .text._ZN8SPIClassC2Ev
                0x0000000008009044       0x68 .pio/build/genericSTM32F103C8/libdc6/libSPI.a(SPI.cpp.o)
                0x0000000008009044                SPIClass::SPIClass()
                0x0000000008009044                SPIClass::SPIClass()
 .text._Z41__static_initialization_and_destruction_0ii
                0x00000000080090ac       0x20 .pio/build/genericSTM32F103C8/libdc6/libSPI.a(SPI.cpp.o)
 .text._ZN8SPIClass14endTransactionEh
                0x00000000080090cc       0xbc .pio/build/genericSTM32F103C8/libdc6/libSPI.a(SPI.cpp.o)
                0x00000000080090cc                SPIClass::endTransaction(unsigned char)
 .text._ZN8SPIClass11setBitOrderEh8BitOrder
                0x0000000008009188       0x9c .pio/build/genericSTM32F103C8/libdc6/libSPI.a(SPI.cpp.o)
                0x0000000008009188                SPIClass::setBitOrder(unsigned char, BitOrder)
 .text._ZN8SPIClass11setDataModeEhh
                0x0000000008009224       0xd4 .pio/build/genericSTM32F103C8/libdc6/libSPI.a(SPI.cpp.o)
                0x0000000008009224                SPIClass::setDataMode(unsigned char, unsigned char)
 .text._GLOBAL__sub_I_SPI
                0x00000000080092f8        0xe .pio/build/genericSTM32F103C8/libdc6/libSPI.a(SPI.cpp.o)
 *fill*         0x0000000008009306        0x2 
 .text.spi_getClkFreqInst
                0x0000000008009308       0x34 .pio/build/genericSTM32F103C8/libdc6/libSPI.a(spi_com.c.o)
                0x0000000008009308                spi_getClkFreqInst
 .text.spi_init
                0x000000000800933c      0x358 .pio/build/genericSTM32F103C8/libdc6/libSPI.a(spi_com.c.o)
                0x000000000800933c                spi_init
 .text.spi_transfer
                0x0000000008009694       0x7e .pio/build/genericSTM32F103C8/libdc6/libSPI.a(spi_com.c.o)
                0x0000000008009694                spi_transfer
 *fill*         0x0000000008009712        0x2 
 .text._ZN11Bmi088AccelC2ER7TwoWireh
                0x0000000008009714       0x4c .pio/build/genericSTM32F103C8/lib261/libBolder Flight Systems BMI088.a(BMI088.cpp.o)
                0x0000000008009714                Bmi088Accel::Bmi088Accel(TwoWire&, unsigned char)
                0x0000000008009714                Bmi088Accel::Bmi088Accel(TwoWire&, unsigned char)
 .text._ZN11Bmi088Accel13getAccelX_mssEv
                0x0000000008009760        0x4 .pio/build/genericSTM32F103C8/lib261/libBolder Flight Systems BMI088.a(BMI088.cpp.o)
                0x0000000008009760                Bmi088Accel::getAccelX_mss()
 .text._ZN11Bmi088Accel13getAccelY_mssEv
                0x0000000008009764        0x4 .pio/build/genericSTM32F103C8/lib261/libBolder Flight Systems BMI088.a(BMI088.cpp.o)
                0x0000000008009764                Bmi088Accel::getAccelY_mss()
 .text._ZN11Bmi088Accel13getAccelZ_mssEv
                0x0000000008009768        0x4 .pio/build/genericSTM32F103C8/lib261/libBolder Flight Systems BMI088.a(BMI088.cpp.o)
                0x0000000008009768                Bmi088Accel::getAccelZ_mss()
 .text._ZN11Bmi088Accel16getTemperature_CEv
                0x000000000800976c        0x4 .pio/build/genericSTM32F103C8/lib261/libBolder Flight Systems BMI088.a(BMI088.cpp.o)
                0x000000000800976c                Bmi088Accel::getTemperature_C()
 .text._ZN11Bmi088Accel13writeRegisterEhh
                0x0000000008009770       0xb8 .pio/build/genericSTM32F103C8/lib261/libBolder Flight Systems BMI088.a(BMI088.cpp.o)
                0x0000000008009770                Bmi088Accel::writeRegister(unsigned char, unsigned char)
 .text._ZN11Bmi088Accel9softResetEv
                0x0000000008009828       0x2a .pio/build/genericSTM32F103C8/lib261/libBolder Flight Systems BMI088.a(BMI088.cpp.o)
                0x0000000008009828                Bmi088Accel::softReset()
 .text._ZN11Bmi088Accel13readRegistersEhhPh
                0x0000000008009852       0xf0 .pio/build/genericSTM32F103C8/lib261/libBolder Flight Systems BMI088.a(BMI088.cpp.o)
                0x0000000008009852                Bmi088Accel::readRegisters(unsigned char, unsigned char, unsigned char*)
 .text._ZN11Bmi088Accel6setOdrENS_3OdrE
                0x0000000008009942       0xba .pio/build/genericSTM32F103C8/lib261/libBolder Flight Systems BMI088.a(BMI088.cpp.o)
                0x0000000008009942                Bmi088Accel::setOdr(Bmi088Accel::Odr)
 .text._ZN11Bmi088Accel8setRangeENS_5RangeE
                0x00000000080099fc       0xa8 .pio/build/genericSTM32F103C8/lib261/libBolder Flight Systems BMI088.a(BMI088.cpp.o)
                0x00000000080099fc                Bmi088Accel::setRange(Bmi088Accel::Range)
 .text._ZN11Bmi088Accel10readSensorEv
                0x0000000008009aa4      0x138 .pio/build/genericSTM32F103C8/lib261/libBolder Flight Systems BMI088.a(BMI088.cpp.o)
                0x0000000008009aa4                Bmi088Accel::readSensor()
 .text._ZN11Bmi088Accel8selfTestEv
                0x0000000008009bdc       0xfc .pio/build/genericSTM32F103C8/lib261/libBolder Flight Systems BMI088.a(BMI088.cpp.o)
                0x0000000008009bdc                Bmi088Accel::selfTest()
 .text._ZN11Bmi088Accel7setModeEb
                0x0000000008009cd8       0x42 .pio/build/genericSTM32F103C8/lib261/libBolder Flight Systems BMI088.a(BMI088.cpp.o)
                0x0000000008009cd8                Bmi088Accel::setMode(bool)
 .text._ZN11Bmi088Accel8setPowerEb
                0x0000000008009d1a       0x42 .pio/build/genericSTM32F103C8/lib261/libBolder Flight Systems BMI088.a(BMI088.cpp.o)
                0x0000000008009d1a                Bmi088Accel::setPower(bool)
 .text._ZN11Bmi088Accel11isConfigErrEv
                0x0000000008009d5c       0x28 .pio/build/genericSTM32F103C8/lib261/libBolder Flight Systems BMI088.a(BMI088.cpp.o)
                0x0000000008009d5c                Bmi088Accel::isConfigErr()
 .text._ZN11Bmi088Accel10isFatalErrEv
                0x0000000008009d84       0x24 .pio/build/genericSTM32F103C8/lib261/libBolder Flight Systems BMI088.a(BMI088.cpp.o)
                0x0000000008009d84                Bmi088Accel::isFatalErr()
 .text._ZN11Bmi088Accel11isCorrectIdEv
                0x0000000008009da8       0x26 .pio/build/genericSTM32F103C8/lib261/libBolder Flight Systems BMI088.a(BMI088.cpp.o)
                0x0000000008009da8                Bmi088Accel::isCorrectId()
 .text._ZN11Bmi088Accel5beginEv
                0x0000000008009dce       0xe6 .pio/build/genericSTM32F103C8/lib261/libBolder Flight Systems BMI088.a(BMI088.cpp.o)
                0x0000000008009dce                Bmi088Accel::begin()
 .text._ZN10Bmi088GyroC2ER7TwoWireh
                0x0000000008009eb4       0x5c .pio/build/genericSTM32F103C8/lib261/libBolder Flight Systems BMI088.a(BMI088.cpp.o)
                0x0000000008009eb4                Bmi088Gyro::Bmi088Gyro(TwoWire&, unsigned char)
                0x0000000008009eb4                Bmi088Gyro::Bmi088Gyro(TwoWire&, unsigned char)
 .text._ZN10Bmi088Gyro13getGyroX_radsEv
                0x0000000008009f10        0x4 .pio/build/genericSTM32F103C8/lib261/libBolder Flight Systems BMI088.a(BMI088.cpp.o)
                0x0000000008009f10                Bmi088Gyro::getGyroX_rads()
 .text._ZN10Bmi088Gyro13getGyroY_radsEv
                0x0000000008009f14        0x4 .pio/build/genericSTM32F103C8/lib261/libBolder Flight Systems BMI088.a(BMI088.cpp.o)
                0x0000000008009f14                Bmi088Gyro::getGyroY_rads()
 .text._ZN10Bmi088Gyro13getGyroZ_radsEv
                0x0000000008009f18        0x4 .pio/build/genericSTM32F103C8/lib261/libBolder Flight Systems BMI088.a(BMI088.cpp.o)
                0x0000000008009f18                Bmi088Gyro::getGyroZ_rads()
 .text._ZN10Bmi088Gyro13writeRegisterEhh
                0x0000000008009f1c       0xb8 .pio/build/genericSTM32F103C8/lib261/libBolder Flight Systems BMI088.a(BMI088.cpp.o)
                0x0000000008009f1c                Bmi088Gyro::writeRegister(unsigned char, unsigned char)
 .text._ZN10Bmi088Gyro9softResetEv
                0x0000000008009fd4       0x12 .pio/build/genericSTM32F103C8/lib261/libBolder Flight Systems BMI088.a(BMI088.cpp.o)
                0x0000000008009fd4                Bmi088Gyro::softReset()
 .text._ZN10Bmi088Gyro13readRegistersEhhPh
                0x0000000008009fe6       0xde .pio/build/genericSTM32F103C8/lib261/libBolder Flight Systems BMI088.a(BMI088.cpp.o)
                0x0000000008009fe6                Bmi088Gyro::readRegisters(unsigned char, unsigned char, unsigned char*)
 .text._ZN10Bmi088Gyro6setOdrENS_3OdrE
                0x000000000800a0c4       0x3a .pio/build/genericSTM32F103C8/lib261/libBolder Flight Systems BMI088.a(BMI088.cpp.o)
                0x000000000800a0c4                Bmi088Gyro::setOdr(Bmi088Gyro::Odr)
 *fill*         0x000000000800a0fe        0x2 
 .text._ZN10Bmi088Gyro8setRangeENS_5RangeE
                0x000000000800a100       0x98 .pio/build/genericSTM32F103C8/lib261/libBolder Flight Systems BMI088.a(BMI088.cpp.o)
                0x000000000800a100                Bmi088Gyro::setRange(Bmi088Gyro::Range)
 .text._ZN10Bmi088Gyro10readSensorEv
                0x000000000800a198       0xd4 .pio/build/genericSTM32F103C8/lib261/libBolder Flight Systems BMI088.a(BMI088.cpp.o)
                0x000000000800a198                Bmi088Gyro::readSensor()
 .text._ZN10Bmi088Gyro10setDrdyIntEb
                0x000000000800a26c       0x42 .pio/build/genericSTM32F103C8/lib261/libBolder Flight Systems BMI088.a(BMI088.cpp.o)
                0x000000000800a26c                Bmi088Gyro::setDrdyInt(bool)
 .text._ZN10Bmi088Gyro11isCorrectIdEv
                0x000000000800a2ae       0x26 .pio/build/genericSTM32F103C8/lib261/libBolder Flight Systems BMI088.a(BMI088.cpp.o)
                0x000000000800a2ae                Bmi088Gyro::isCorrectId()
 .text._ZN10Bmi088Gyro5beginEv
                0x000000000800a2d4       0x82 .pio/build/genericSTM32F103C8/lib261/libBolder Flight Systems BMI088.a(BMI088.cpp.o)
                0x000000000800a2d4                Bmi088Gyro::begin()
 *fill*         0x000000000800a356        0x2 
 .text._ZL10delay_usecmPv
                0x000000000800a358       0x2c .pio/build/genericSTM32F103C8/lib5e3/libAdafruit BMP3XX Library.a(Adafruit_BMP3XX.cpp.o)
 .text._ZL7cal_crchh
                0x000000000800a384       0x3c .pio/build/genericSTM32F103C8/lib5e3/libAdafruit BMP3XX Library.a(Adafruit_BMP3XX.cpp.o)
 .text._ZL9i2c_writehPKhmPv
                0x000000000800a3c0       0x2c .pio/build/genericSTM32F103C8/lib5e3/libAdafruit BMP3XX Library.a(Adafruit_BMP3XX.cpp.o)
 .text._ZL8i2c_readhPhmPv
                0x000000000800a3ec       0x30 .pio/build/genericSTM32F103C8/lib5e3/libAdafruit BMP3XX Library.a(Adafruit_BMP3XX.cpp.o)
 .text._ZL23validate_trimming_paramP8bmp3_dev
                0x000000000800a41c       0x58 .pio/build/genericSTM32F103C8/lib5e3/libAdafruit BMP3XX Library.a(Adafruit_BMP3XX.cpp.o)
 .text._ZN15Adafruit_BMP3XXC2Ev
                0x000000000800a474       0x10 .pio/build/genericSTM32F103C8/lib5e3/libAdafruit BMP3XX Library.a(Adafruit_BMP3XX.cpp.o)
                0x000000000800a474                Adafruit_BMP3XX::Adafruit_BMP3XX()
                0x000000000800a474                Adafruit_BMP3XX::Adafruit_BMP3XX()
 .text._ZN15Adafruit_BMP3XX14performReadingEv
                0x000000000800a484       0x94 .pio/build/genericSTM32F103C8/lib5e3/libAdafruit BMP3XX Library.a(Adafruit_BMP3XX.cpp.o)
                0x000000000800a484                Adafruit_BMP3XX::performReading()
 .text._ZN15Adafruit_BMP3XX15readTemperatureEv
                0x000000000800a518       0x12 .pio/build/genericSTM32F103C8/lib5e3/libAdafruit BMP3XX Library.a(Adafruit_BMP3XX.cpp.o)
                0x000000000800a518                Adafruit_BMP3XX::readTemperature()
 .text._ZN15Adafruit_BMP3XX12readPressureEv
                0x000000000800a52a       0x12 .pio/build/genericSTM32F103C8/lib5e3/libAdafruit BMP3XX Library.a(Adafruit_BMP3XX.cpp.o)
                0x000000000800a52a                Adafruit_BMP3XX::readPressure()
 *fill*         0x000000000800a53c        0x4 
 .text._ZN15Adafruit_BMP3XX12readAltitudeEf
                0x000000000800a540       0x58 .pio/build/genericSTM32F103C8/lib5e3/libAdafruit BMP3XX Library.a(Adafruit_BMP3XX.cpp.o)
                0x000000000800a540                Adafruit_BMP3XX::readAltitude(float)
 .text._ZN15Adafruit_BMP3XX26setTemperatureOversamplingEh
                0x000000000800a598       0x1e .pio/build/genericSTM32F103C8/lib5e3/libAdafruit BMP3XX Library.a(Adafruit_BMP3XX.cpp.o)
                0x000000000800a598                Adafruit_BMP3XX::setTemperatureOversampling(unsigned char)
 .text._ZN15Adafruit_BMP3XX23setPressureOversamplingEh
                0x000000000800a5b6       0x1e .pio/build/genericSTM32F103C8/lib5e3/libAdafruit BMP3XX Library.a(Adafruit_BMP3XX.cpp.o)
                0x000000000800a5b6                Adafruit_BMP3XX::setPressureOversampling(unsigned char)
 .text._ZN15Adafruit_BMP3XX17setIIRFilterCoeffEh
                0x000000000800a5d4       0x1e .pio/build/genericSTM32F103C8/lib5e3/libAdafruit BMP3XX Library.a(Adafruit_BMP3XX.cpp.o)
                0x000000000800a5d4                Adafruit_BMP3XX::setIIRFilterCoeff(unsigned char)
 .text._ZN15Adafruit_BMP3XX17setOutputDataRateEh
                0x000000000800a5f2       0x14 .pio/build/genericSTM32F103C8/lib5e3/libAdafruit BMP3XX Library.a(Adafruit_BMP3XX.cpp.o)
                0x000000000800a5f2                Adafruit_BMP3XX::setOutputDataRate(unsigned char)
 *fill*         0x000000000800a606        0x2 
 .text._ZN15Adafruit_BMP3XX5_initEv
                0x000000000800a608       0x6c .pio/build/genericSTM32F103C8/lib5e3/libAdafruit BMP3XX Library.a(Adafruit_BMP3XX.cpp.o)
                0x000000000800a608                Adafruit_BMP3XX::_init()
 .text._ZN15Adafruit_BMP3XX9begin_I2CEhP7TwoWire
                0x000000000800a674       0x7c .pio/build/genericSTM32F103C8/lib5e3/libAdafruit BMP3XX Library.a(Adafruit_BMP3XX.cpp.o)
                0x000000000800a674                Adafruit_BMP3XX::begin_I2C(unsigned char, TwoWire*)
 .text.interleave_reg_addr
                0x000000000800a6f0       0x2e .pio/build/genericSTM32F103C8/lib5e3/libAdafruit BMP3XX Library.a(bmp3.c.o)
 .text.parse_odr_filter_settings
                0x000000000800a71e       0x22 .pio/build/genericSTM32F103C8/lib5e3/libAdafruit BMP3XX Library.a(bmp3.c.o)
 .text.verify_meas_time_and_odr_duration
                0x000000000800a740        0xe .pio/build/genericSTM32F103C8/lib5e3/libAdafruit BMP3XX Library.a(bmp3.c.o)
 .text.fill_osr_data
                0x000000000800a74e       0x68 .pio/build/genericSTM32F103C8/lib5e3/libAdafruit BMP3XX Library.a(bmp3.c.o)
 .text.fill_odr_data
                0x000000000800a7b6       0x40 .pio/build/genericSTM32F103C8/lib5e3/libAdafruit BMP3XX Library.a(bmp3.c.o)
 .text.fill_filter_data
                0x000000000800a7f6       0x3c .pio/build/genericSTM32F103C8/lib5e3/libAdafruit BMP3XX Library.a(bmp3.c.o)
 .text.parse_sensor_data
                0x000000000800a832       0x26 .pio/build/genericSTM32F103C8/lib5e3/libAdafruit BMP3XX Library.a(bmp3.c.o)
 .text.parse_calib_data
                0x000000000800a858      0x1b0 .pio/build/genericSTM32F103C8/lib5e3/libAdafruit BMP3XX Library.a(bmp3.c.o)
 .text.compensate_temperature
                0x000000000800aa08       0x50 .pio/build/genericSTM32F103C8/lib5e3/libAdafruit BMP3XX Library.a(bmp3.c.o)
 .text.pow_bmp3
                0x000000000800aa58       0x2c .pio/build/genericSTM32F103C8/lib5e3/libAdafruit BMP3XX Library.a(bmp3.c.o)
 .text.calculate_press_meas_time
                0x000000000800aa84       0x38 .pio/build/genericSTM32F103C8/lib5e3/libAdafruit BMP3XX Library.a(bmp3.c.o)
 .text.calculate_temp_meas_time
                0x000000000800aabc       0x38 .pio/build/genericSTM32F103C8/lib5e3/libAdafruit BMP3XX Library.a(bmp3.c.o)
 .text.validate_osr_and_odr_settings
                0x000000000800aaf4       0x50 .pio/build/genericSTM32F103C8/lib5e3/libAdafruit BMP3XX Library.a(bmp3.c.o)
 .text.compensate_pressure
                0x000000000800ab44      0x170 .pio/build/genericSTM32F103C8/lib5e3/libAdafruit BMP3XX Library.a(bmp3.c.o)
 .text.compensate_data
                0x000000000800acb4       0x50 .pio/build/genericSTM32F103C8/lib5e3/libAdafruit BMP3XX Library.a(bmp3.c.o)
 .text.are_settings_changed
                0x000000000800ad04        0xc .pio/build/genericSTM32F103C8/lib5e3/libAdafruit BMP3XX Library.a(bmp3.c.o)
 .text.null_ptr_check
                0x000000000800ad10       0x34 .pio/build/genericSTM32F103C8/lib5e3/libAdafruit BMP3XX Library.a(bmp3.c.o)
 .text.bmp3_get_regs
                0x000000000800ad44       0x86 .pio/build/genericSTM32F103C8/lib5e3/libAdafruit BMP3XX Library.a(bmp3.c.o)
                0x000000000800ad44                bmp3_get_regs
 .text.get_calib_data
                0x000000000800adca       0x32 .pio/build/genericSTM32F103C8/lib5e3/libAdafruit BMP3XX Library.a(bmp3.c.o)
 .text.get_odr_filter_settings
                0x000000000800adfc       0x26 .pio/build/genericSTM32F103C8/lib5e3/libAdafruit BMP3XX Library.a(bmp3.c.o)
 .text.validate_normal_mode_settings
                0x000000000800ae22       0x12 .pio/build/genericSTM32F103C8/lib5e3/libAdafruit BMP3XX Library.a(bmp3.c.o)
 .text.bmp3_set_regs
                0x000000000800ae34       0x9c .pio/build/genericSTM32F103C8/lib5e3/libAdafruit BMP3XX Library.a(bmp3.c.o)
                0x000000000800ae34                bmp3_set_regs
 .text.set_pwr_ctrl_settings
                0x000000000800aed0       0x6e .pio/build/genericSTM32F103C8/lib5e3/libAdafruit BMP3XX Library.a(bmp3.c.o)
 *fill*         0x000000000800af3e        0x2 
 .text.set_odr_filter_settings
                0x000000000800af40       0xac .pio/build/genericSTM32F103C8/lib5e3/libAdafruit BMP3XX Library.a(bmp3.c.o)
 .text.set_int_ctrl_settings
                0x000000000800afec       0xb6 .pio/build/genericSTM32F103C8/lib5e3/libAdafruit BMP3XX Library.a(bmp3.c.o)
 .text.set_advance_settings
                0x000000000800b0a2       0x78 .pio/build/genericSTM32F103C8/lib5e3/libAdafruit BMP3XX Library.a(bmp3.c.o)
 .text.put_device_to_sleep
                0x000000000800b11a       0x3c .pio/build/genericSTM32F103C8/lib5e3/libAdafruit BMP3XX Library.a(bmp3.c.o)
 .text.write_power_mode
                0x000000000800b156       0x4a .pio/build/genericSTM32F103C8/lib5e3/libAdafruit BMP3XX Library.a(bmp3.c.o)
 .text.set_normal_mode
                0x000000000800b1a0       0x3c .pio/build/genericSTM32F103C8/lib5e3/libAdafruit BMP3XX Library.a(bmp3.c.o)
 .text.bmp3_set_sensor_settings
                0x000000000800b1dc       0x76 .pio/build/genericSTM32F103C8/lib5e3/libAdafruit BMP3XX Library.a(bmp3.c.o)
                0x000000000800b1dc                bmp3_set_sensor_settings
 .text.bmp3_soft_reset
                0x000000000800b252       0x86 .pio/build/genericSTM32F103C8/lib5e3/libAdafruit BMP3XX Library.a(bmp3.c.o)
                0x000000000800b252                bmp3_soft_reset
 .text.bmp3_init
                0x000000000800b2d8       0x5a .pio/build/genericSTM32F103C8/lib5e3/libAdafruit BMP3XX Library.a(bmp3.c.o)
                0x000000000800b2d8                bmp3_init
 .text.bmp3_get_op_mode
                0x000000000800b332       0x32 .pio/build/genericSTM32F103C8/lib5e3/libAdafruit BMP3XX Library.a(bmp3.c.o)
                0x000000000800b332                bmp3_get_op_mode
 .text.bmp3_set_op_mode
                0x000000000800b364       0x5e .pio/build/genericSTM32F103C8/lib5e3/libAdafruit BMP3XX Library.a(bmp3.c.o)
                0x000000000800b364                bmp3_set_op_mode
 .text.bmp3_get_sensor_data
                0x000000000800b3c2       0x56 .pio/build/genericSTM32F103C8/lib5e3/libAdafruit BMP3XX Library.a(bmp3.c.o)
                0x000000000800b3c2                bmp3_get_sensor_data
 .text._ZN5SDLib4File5writeEh
                0x000000000800b418       0x1a .pio/build/genericSTM32F103C8/libe08/libSD.a(File.cpp.o)
                0x000000000800b418                SDLib::File::write(unsigned char)
 .text._ZN5SDLib4File17availableForWriteEv
                0x000000000800b432       0x12 .pio/build/genericSTM32F103C8/libe08/libSD.a(File.cpp.o)
                0x000000000800b432                SDLib::File::availableForWrite()
 .text._ZN5SDLib4File5writeEPKhj
                0x000000000800b444       0x2c .pio/build/genericSTM32F103C8/libe08/libSD.a(File.cpp.o)
                0x000000000800b444                SDLib::File::write(unsigned char const*, unsigned int)
 .text._ZN5SDLib4File4peekEv
                0x000000000800b470       0x40 .pio/build/genericSTM32F103C8/libe08/libSD.a(File.cpp.o)
                0x000000000800b470                SDLib::File::peek()
 .text._ZN5SDLib4File5flushEv
                0x000000000800b4b0       0x10 .pio/build/genericSTM32F103C8/libe08/libSD.a(File.cpp.o)
                0x000000000800b4b0                SDLib::File::flush()
 .text._ZN5SDLib4File4readEv
                0x000000000800b4c0       0x2c .pio/build/genericSTM32F103C8/libe08/libSD.a(File.cpp.o)
                0x000000000800b4c0                SDLib::File::read()
 .text._ZN5SDLib4FileC2E6SdFilePKc
                0x000000000800b4ec       0x78 .pio/build/genericSTM32F103C8/libe08/libSD.a(File.cpp.o)
                0x000000000800b4ec                SDLib::File::File(SdFile, char const*)
                0x000000000800b4ec                SDLib::File::File(SdFile, char const*)
 .text._ZN5SDLib4FileC2Ev
                0x000000000800b564       0x28 .pio/build/genericSTM32F103C8/libe08/libSD.a(File.cpp.o)
                0x000000000800b564                SDLib::File::File()
                0x000000000800b564                SDLib::File::File()
 .text._ZN5SDLib4File8positionEv
                0x000000000800b58c        0xe .pio/build/genericSTM32F103C8/libe08/libSD.a(File.cpp.o)
                0x000000000800b58c                SDLib::File::position()
 .text._ZN5SDLib4File4sizeEv
                0x000000000800b59a        0xc .pio/build/genericSTM32F103C8/libe08/libSD.a(File.cpp.o)
                0x000000000800b59a                SDLib::File::size()
 .text._ZN5SDLib4File9availableEv
                0x000000000800b5a6       0x26 .pio/build/genericSTM32F103C8/libe08/libSD.a(File.cpp.o)
                0x000000000800b5a6                SDLib::File::available()
 .text._ZN5SDLib4File5closeEv
                0x000000000800b5cc       0x18 .pio/build/genericSTM32F103C8/libe08/libSD.a(File.cpp.o)
                0x000000000800b5cc                SDLib::File::close()
 .text._ZN5SDLib4FilecvbEv
                0x000000000800b5e4       0x12 .pio/build/genericSTM32F103C8/libe08/libSD.a(File.cpp.o)
                0x000000000800b5e4                SDLib::File::operator bool()
 *fill*         0x000000000800b5f6        0x2 
 .text._Z41__static_initialization_and_destruction_0ii
                0x000000000800b5f8       0x40 .pio/build/genericSTM32F103C8/libe08/libSD.a(SD.cpp.o)
 .text._ZN5SDLib19callback_pathExistsER6SdFilePKcbPv
                0x000000000800b638       0x40 .pio/build/genericSTM32F103C8/libe08/libSD.a(SD.cpp.o)
                0x000000000800b638                SDLib::callback_pathExists(SdFile&, char const*, bool, void*)
 .text._ZN5SDLib20getNextPathComponentEPKcPjPc
                0x000000000800b678       0x40 .pio/build/genericSTM32F103C8/libe08/libSD.a(SD.cpp.o)
                0x000000000800b678                SDLib::getNextPathComponent(char const*, unsigned int*, char*)
 .text._ZN5SDLib8walkPathEPKcR6SdFilePFbS3_S1_bPvES4_
                0x000000000800b6b8       0xa8 .pio/build/genericSTM32F103C8/libe08/libSD.a(SD.cpp.o)