Archive member included to satisfy reference by file (symbol)

.pio/build/genericSTM32F405RG/lib737/libWire.a(Wire.cpp.o)
                              .pio/build/genericSTM32F405RG/src/main.cpp.o (TwoWire::beginTransmission(unsigned char))
.pio/build/genericSTM32F405RG/lib737/libWire.a(twi.c.o)
                              .pio/build/genericSTM32F405RG/lib737/libWire.a(Wire.cpp.o) (i2c_custom_init)
.pio/build/genericSTM32F405RG/lib4ed/libBolder Flight Systems BMI088.a(BMI088.cpp.o)
                              .pio/build/genericSTM32F405RG/src/main.cpp.o (Bmi088Accel::Bmi088Accel(TwoWire&, unsigned char))
.pio/build/genericSTM32F405RG/lib0c8/libAdafruit BMP3XX Library.a(Adafruit_BMP3XX.cpp.o)
                              .pio/build/genericSTM32F405RG/src/main.cpp.o (Adafruit_BMP3XX::Adafruit_BMP3XX())
.pio/build/genericSTM32F405RG/lib0c8/libAdafruit BMP3XX Library.a(bmp3.c.o)
                              .pio/build/genericSTM32F405RG/lib0c8/libAdafruit BMP3XX Library.a(Adafruit_BMP3XX.cpp.o) (bmp3_get_regs)
.pio/build/genericSTM32F405RG/libbe6/libSPIFlash.a(SPIFlash.cpp.o)
                              .pio/build/genericSTM32F405RG/src/main.cpp.o (SPIFlash::SPIFlash(unsigned char, unsigned short))
.pio/build/genericSTM32F405RG/lib7d8/libRF24.a(RF24.cpp.o)
                              .pio/build/genericSTM32F405RG/src/main.cpp.o (RF24::RF24(unsigned char, unsigned char, unsigned long))
.pio/build/genericSTM32F405RG/libFrameworkArduino.a(HardwareSerial.cpp.o)
                              .pio/build/genericSTM32F405RG/src/main.cpp.o (HardwareSerial::begin(unsigned long, unsigned char))
.pio/build/genericSTM32F405RG/libFrameworkArduino.a(Print.cpp.o)
                              .pio/build/genericSTM32F405RG/src/main.cpp.o (Print::print(char const*))
.pio/build/genericSTM32F405RG/libFrameworkArduino.a(Stream.cpp.o)
                              .pio/build/genericSTM32F405RG/lib737/libWire.a(Wire.cpp.o) (Stream::readBytes(char*, unsigned int))
.pio/build/genericSTM32F405RG/libFrameworkArduino.a(WString.cpp.o)
                              .pio/build/genericSTM32F405RG/libFrameworkArduino.a(Stream.cpp.o) (String::String(char const*))
.pio/build/genericSTM32F405RG/libFrameworkArduino.a(abi.cpp.o)
                              .pio/build/genericSTM32F405RG/libFrameworkArduino.a(Print.cpp.o) (__cxa_pure_virtual)
.pio/build/genericSTM32F405RG/libFrameworkArduino.a(dtostrf.c.o)
                              .pio/build/genericSTM32F405RG/libFrameworkArduino.a(WString.cpp.o) (dtostrf)
.pio/build/genericSTM32F405RG/libFrameworkArduino.a(itoa.c.o)
                              .pio/build/genericSTM32F405RG/libFrameworkArduino.a(WString.cpp.o) (ltoa)
.pio/build/genericSTM32F405RG/libFrameworkArduino.a(main.cpp.o)
                              c:/users/e/.platformio/packages/toolchain-gccarmnoneeabi/bin/../lib/gcc/arm-none-eabi/10.3.1/../../../../arm-none-eabi/lib/thumb/v7e-m+fp/hard/crt0.o (main)
.pio/build/genericSTM32F405RG/libFrameworkArduino.a(pins_arduino.c.o)
                              .pio/build/genericSTM32F405RG/lib737/libWire.a(Wire.cpp.o) (pinNametoDigitalPin)
.pio/build/genericSTM32F405RG/libFrameworkArduino.a(startup_stm32yyxx.S.o)
                              (Reset_Handler)
.pio/build/genericSTM32F405RG/libFrameworkArduino.a(wiring_digital.c.o)
                              .pio/build/genericSTM32F405RG/src/main.cpp.o (pinMode)
.pio/build/genericSTM32F405RG/libFrameworkArduino.a(wiring_time.c.o)
                              .pio/build/genericSTM32F405RG/lib7d8/libRF24.a(RF24.cpp.o) (millis)
.pio/build/genericSTM32F405RG/libFrameworkArduino.a(WSerial.cpp.o)
                              .pio/build/genericSTM32F405RG/libFrameworkArduino.a(main.cpp.o) (serialEventRun())
.pio/build/genericSTM32F405RG/libFrameworkArduino.a(board.c.o)
                              .pio/build/genericSTM32F405RG/libFrameworkArduino.a(main.cpp.o) (init)
.pio/build/genericSTM32F405RG/libFrameworkArduino.a(hooks.c.o)
                              .pio/build/genericSTM32F405RG/libFrameworkArduino.a(wiring_time.c.o) (yield)
.pio/build/genericSTM32F405RG/libFrameworkArduino.a(wiring_analog.c.o)
                              .pio/build/genericSTM32F405RG/libFrameworkArduino.a(wiring_digital.c.o) (g_anOutputPinConfigured)
c:/users/e/.platformio/packages/toolchain-gccarmnoneeabi/bin/../lib/gcc/arm-none-eabi/10.3.1/thumb/v7e-m+fp/hard\libgcc.a(_arm_muldf3.o)
                              .pio/build/genericSTM32F405RG/SrcWrapper/src/HardwareTimer.cpp.o (__aeabi_dmul)
c:/users/e/.platformio/packages/toolchain-gccarmnoneeabi/bin/../lib/gcc/arm-none-eabi/10.3.1/thumb/v7e-m+fp/hard\libgcc.a(_arm_addsubdf3.o)
                              .pio/build/genericSTM32F405RG/lib0c8/libAdafruit BMP3XX Library.a(Adafruit_BMP3XX.cpp.o) (__aeabi_dsub)
c:/users/e/.platformio/packages/toolchain-gccarmnoneeabi/bin/../lib/gcc/arm-none-eabi/10.3.1/thumb/v7e-m+fp/hard\libgcc.a(_arm_muldivdf3.o)
[...]
Memory Configuration

Name             Origin             Length             Attributes
*default*        0x0000000000000000 0xffffffffffffffff
CCMRAM           0x0000000010000000 0x0000000000010000 xrw
RAM              0x0000000020000000 0x0000000000020000 xrw
FLASH            0x0000000008000000 0x0000000000100000 xr

Linker script and memory map

                0x0000000020020000                _estack = (ORIGIN (RAM) + LENGTH (RAM))
                0x0000000000000200                _Min_Heap_Size = 0x200
                0x0000000000000400                _Min_Stack_Size = 0x400

.isr_vector     0x0000000008000000      0x188
                0x0000000008000000                . = ALIGN (0x4)
 *(.isr_vector)
 .isr_vector    0x0000000008000000      0x188 .pio/build/genericSTM32F405RG/libFrameworkArduino.a(startup_stm32yyxx.S.o)
                0x0000000008000000                g_pfnVectors
                0x0000000008000188                . = ALIGN (0x4)

.text           0x0000000008000188     0x4e14
                0x0000000008000188                . = ALIGN (0x4)
 *(.text)
 .text          0x0000000008000188       0x30 c:/users/e/.platformio/packages/toolchain-gccarmnoneeabi/bin/../lib/gcc/arm-none-eabi/10.3.1/thumb/v7e-m+fp/hard\libgcc.a(_aeabi_uldivmod.o)
                0x0000000008000188                __aeabi_uldivmod
 .text          0x00000000080001b8        0x4 c:/users/e/.platformio/packages/toolchain-gccarmnoneeabi/bin/../lib/gcc/arm-none-eabi/10.3.1/thumb/v7e-m+fp/hard\libgcc.a(_dvmd_tls.o)
                0x00000000080001b8                __aeabi_idiv0
                0x00000000080001b8                __aeabi_ldiv0
 .text          0x00000000080001bc       0x10 c:/users/e/.platformio/packages/toolchain-gccarmnoneeabi/bin/../lib/gcc/arm-none-eabi/10.3.1/../../../../arm-none-eabi/lib/thumb/v7e-m+fp/hard\libc_nano.a(lib_a-strlen.o)
                0x00000000080001bc                strlen
 *(.text*)
 .text.__do_global_dtors_aux
                0x00000000080001cc       0x24 c:/users/e/.platformio/packages/toolchain-gccarmnoneeabi/bin/../lib/gcc/arm-none-eabi/10.3.1/thumb/v7e-m+fp/hard/crtbegin.o
 .text.frame_dummy
                0x00000000080001f0       0x1c c:/users/e/.platformio/packages/toolchain-gccarmnoneeabi/bin/../lib/gcc/arm-none-eabi/10.3.1/thumb/v7e-m+fp/hard/crtbegin.o
 .text.SystemClock_Config
                0x000000000800020c       0x9c .pio/build/genericSTM32F405RG/FrameworkArduinoVariant/generic_clock.c.o
                0x000000000800020c                SystemClock_Config
 .text.HAL_MspInit
                0x00000000080002a8        0x2 .pio/build/genericSTM32F405RG/SrcWrapper/src/HAL/stm32yyxx_hal.c.o
                0x00000000080002a8                HAL_MspInit
 *fill*         0x00000000080002aa        0x2 
 .text.HAL_InitTick
                0x00000000080002ac       0x48 .pio/build/genericSTM32F405RG/SrcWrapper/src/HAL/stm32yyxx_hal.c.o
                0x00000000080002ac                HAL_InitTick
 .text.HAL_Init
                0x00000000080002f4       0x34 .pio/build/genericSTM32F405RG/SrcWrapper/src/HAL/stm32yyxx_hal.c.o
                0x00000000080002f4                HAL_Init
 .text.HAL_IncTick
                0x0000000008000328       0x18 .pio/build/genericSTM32F405RG/SrcWrapper/src/HAL/stm32yyxx_hal.c.o
                0x0000000008000328                HAL_IncTick
 .text.HAL_GetTick
                0x0000000008000340        0xc .pio/build/genericSTM32F405RG/SrcWrapper/src/HAL/stm32yyxx_hal.c.o
                0x0000000008000340                HAL_GetTick
 .text.HAL_NVIC_SetPriorityGrouping
                0x000000000800034c       0x24 .pio/build/genericSTM32F405RG/SrcWrapper/src/HAL/stm32yyxx_hal_cortex.c.o
                0x000000000800034c                HAL_NVIC_SetPriorityGrouping
 .text.HAL_NVIC_SetPriority
                0x0000000008000370       0x64 .pio/build/genericSTM32F405RG/SrcWrapper/src/HAL/stm32yyxx_hal_cortex.c.o
                0x0000000008000370                HAL_NVIC_SetPriority
 .text.HAL_NVIC_EnableIRQ
                0x00000000080003d4       0x1c .pio/build/genericSTM32F405RG/SrcWrapper/src/HAL/stm32yyxx_hal_cortex.c.o
                0x00000000080003d4                HAL_NVIC_EnableIRQ
 .text.HAL_NVIC_DisableIRQ
                0x00000000080003f0       0x28 .pio/build/genericSTM32F405RG/SrcWrapper/src/HAL/stm32yyxx_hal_cortex.c.o
                0x00000000080003f0                HAL_NVIC_DisableIRQ
 .text.HAL_SYSTICK_Config
                0x0000000008000418       0x28 .pio/build/genericSTM32F405RG/SrcWrapper/src/HAL/stm32yyxx_hal_cortex.c.o
                0x0000000008000418                HAL_SYSTICK_Config
 .text.HAL_NVIC_ClearPendingIRQ
                0x0000000008000440       0x20 .pio/build/genericSTM32F405RG/SrcWrapper/src/HAL/stm32yyxx_hal_cortex.c.o
                0x0000000008000440                HAL_NVIC_ClearPendingIRQ
 .text.HAL_SYSTICK_Callback
                0x0000000008000460        0x2 .pio/build/genericSTM32F405RG/SrcWrapper/src/HAL/stm32yyxx_hal_cortex.c.o
                0x0000000008000460                HAL_SYSTICK_Callback
 .text.HAL_SYSTICK_IRQHandler
                0x0000000008000462        0x8 .pio/build/genericSTM32F405RG/SrcWrapper/src/HAL/stm32yyxx_hal_cortex.c.o
                0x0000000008000462                HAL_SYSTICK_IRQHandler
 .text.HAL_CRC_MspInit
                0x000000000800046a        0x2 .pio/build/genericSTM32F405RG/SrcWrapper/src/HAL/stm32yyxx_hal_crc.c.o
                0x000000000800046a                HAL_CRC_MspInit
 .text.HAL_CRC_Init
                0x000000000800046c       0x20 .pio/build/genericSTM32F405RG/SrcWrapper/src/HAL/stm32yyxx_hal_crc.c.o
                0x000000000800046c                HAL_CRC_Init
 .text.HAL_DAC_DeInit
                0x000000000800048c       0x1c .pio/build/genericSTM32F405RG/SrcWrapper/src/HAL/stm32yyxx_hal_dac.c.o
                0x000000000800048c                HAL_DAC_DeInit
 .text.HAL_DAC_Stop
                0x00000000080004a8       0x1c .pio/build/genericSTM32F405RG/SrcWrapper/src/HAL/stm32yyxx_hal_dac.c.o
                0x00000000080004a8                HAL_DAC_Stop
 .text.HAL_DMA_Abort
                0x00000000080004c4       0x88 .pio/build/genericSTM32F405RG/SrcWrapper/src/HAL/stm32yyxx_hal_dma.c.o
                0x00000000080004c4                HAL_DMA_Abort
 .text.HAL_DMA_Abort_IT
                0x000000000800054c       0x24 .pio/build/genericSTM32F405RG/SrcWrapper/src/HAL/stm32yyxx_hal_dma.c.o
                0x000000000800054c                HAL_DMA_Abort_IT
 .text.HAL_DMA_GetState
                0x0000000008000570        0x6 .pio/build/genericSTM32F405RG/SrcWrapper/src/HAL/stm32yyxx_hal_dma.c.o
                0x0000000008000570                HAL_DMA_GetState
 *fill*         0x0000000008000576        0x2 
 .text.HAL_GPIO_EXTI_IRQHandler
                0x0000000008000578       0x18 .pio/build/genericSTM32F405RG/SrcWrapper/src/HAL/stm32yyxx_hal_gpio.c.o
                0x0000000008000578                HAL_GPIO_EXTI_IRQHandler
 .text.HAL_I2C_Slave_Seq_Transmit_IT
                0x0000000008000590       0x76 .pio/build/genericSTM32F405RG/SrcWrapper/src/HAL/stm32yyxx_hal_i2c.c.o
                0x0000000008000590                HAL_I2C_Slave_Seq_Transmit_IT
 .text.HAL_I2C_Slave_Seq_Receive_IT
                0x0000000008000606       0x76 .pio/build/genericSTM32F405RG/SrcWrapper/src/HAL/stm32yyxx_hal_i2c.c.o
                0x0000000008000606                HAL_I2C_Slave_Seq_Receive_IT
 .text.HAL_I2C_EnableListen_IT
                0x000000000800067c       0x36 .pio/build/genericSTM32F405RG/SrcWrapper/src/HAL/stm32yyxx_hal_i2c.c.o
                0x000000000800067c                HAL_I2C_EnableListen_IT
 .text.HAL_I2C_MasterTxCpltCallback
                0x00000000080006b2        0x2 .pio/build/genericSTM32F405RG/SrcWrapper/src/HAL/stm32yyxx_hal_i2c.c.o
                0x00000000080006b2                HAL_I2C_MasterTxCpltCallback
 .text.HAL_I2C_MasterRxCpltCallback
                0x00000000080006b4        0x2 .pio/build/genericSTM32F405RG/SrcWrapper/src/HAL/stm32yyxx_hal_i2c.c.o
                0x00000000080006b4                HAL_I2C_MasterRxCpltCallback
 .text.HAL_I2C_MemTxCpltCallback
                0x00000000080006b6        0x2 .pio/build/genericSTM32F405RG/SrcWrapper/src/HAL/stm32yyxx_hal_i2c.c.o
                0x00000000080006b6                HAL_I2C_MemTxCpltCallback
 .text.I2C_MemoryTransmit_TXE_BTF
                0x00000000080006b8       0xa2 .pio/build/genericSTM32F405RG/SrcWrapper/src/HAL/stm32yyxx_hal_i2c.c.o
 .text.HAL_I2C_MemRxCpltCallback
                0x000000000800075a        0x2 .pio/build/genericSTM32F405RG/SrcWrapper/src/HAL/stm32yyxx_hal_i2c.c.o
                0x000000000800075a                HAL_I2C_MemRxCpltCallback
 .text.HAL_I2C_AbortCpltCallback
                0x000000000800075c        0x2 .pio/build/genericSTM32F405RG/SrcWrapper/src/HAL/stm32yyxx_hal_i2c.c.o
                0x000000000800075c                HAL_I2C_AbortCpltCallback
 *fill*         0x000000000800075e        0x2 
 .text.I2C_DMAAbort
                0x0000000008000760       0xc0 .pio/build/genericSTM32F405RG/SrcWrapper/src/HAL/stm32yyxx_hal_i2c.c.o
 .text.I2C_ITError
                0x0000000008000820      0x150 .pio/build/genericSTM32F405RG/SrcWrapper/src/HAL/stm32yyxx_hal_i2c.c.o
 .text.HAL_I2C_EV_IRQHandler
                0x0000000008000970      0x868 .pio/build/genericSTM32F405RG/SrcWrapper/src/HAL/stm32yyxx_hal_i2c.c.o
                0x0000000008000970                HAL_I2C_EV_IRQHandler
 .text.HAL_I2C_ER_IRQHandler
                0x00000000080011d8      0x134 .pio/build/genericSTM32F405RG/SrcWrapper/src/HAL/stm32yyxx_hal_i2c.c.o
                0x00000000080011d8                HAL_I2C_ER_IRQHandler
 .text.HAL_RCC_OscConfig
                0x000000000800130c      0x360 .pio/build/genericSTM32F405RG/SrcWrapper/src/HAL/stm32yyxx_hal_rcc.c.o
                0x000000000800130c                HAL_RCC_OscConfig
 .text.HAL_RCC_GetSysClockFreq
                0x000000000800166c       0x5c .pio/build/genericSTM32F405RG/SrcWrapper/src/HAL/stm32yyxx_hal_rcc.c.o
                0x000000000800166c                HAL_RCC_GetSysClockFreq
 .text.HAL_RCC_ClockConfig
                0x00000000080016c8      0x138 .pio/build/genericSTM32F405RG/SrcWrapper/src/HAL/stm32yyxx_hal_rcc.c.o
                0x00000000080016c8                HAL_RCC_ClockConfig
 .text.HAL_RCC_GetPCLK1Freq
                0x0000000008001800       0x20 .pio/build/genericSTM32F405RG/SrcWrapper/src/HAL/stm32yyxx_hal_rcc.c.o
                0x0000000008001800                HAL_RCC_GetPCLK1Freq
 .text.HAL_RCC_GetPCLK2Freq
                0x0000000008001820       0x20 .pio/build/genericSTM32F405RG/SrcWrapper/src/HAL/stm32yyxx_hal_rcc.c.o
                0x0000000008001820                HAL_RCC_GetPCLK2Freq
 .text.HAL_SPI_MspInit
                0x0000000008001840        0x2 .pio/build/genericSTM32F405RG/SrcWrapper/src/HAL/stm32yyxx_hal_spi.c.o
                0x0000000008001840                HAL_SPI_MspInit
 .text.HAL_SPI_Init
                0x0000000008001842       0xb8 .pio/build/genericSTM32F405RG/SrcWrapper/src/HAL/stm32yyxx_hal_spi.c.o
                0x0000000008001842                HAL_SPI_Init
 .text.HAL_TIM_PWM_PulseFinishedCallback
                0x00000000080018fa        0x2 .pio/build/genericSTM32F405RG/SrcWrapper/src/HAL/stm32yyxx_hal_tim.c.o
                0x00000000080018fa                HAL_TIM_PWM_PulseFinishedCallback
 .text.HAL_TIM_TriggerCallback
                0x00000000080018fc        0x2 .pio/build/genericSTM32F405RG/SrcWrapper/src/HAL/stm32yyxx_hal_tim.c.o
                0x00000000080018fc                HAL_TIM_TriggerCallback
 .text.HAL_TIM_IRQHandler
                0x00000000080018fe      0x144 .pio/build/genericSTM32F405RG/SrcWrapper/src/HAL/stm32yyxx_hal_tim.c.o
                0x00000000080018fe                HAL_TIM_IRQHandler
 *fill*         0x0000000008001a42        0x2 
 .text.TIM_Base_SetConfig
                0x0000000008001a44       0xcc .pio/build/genericSTM32F405RG/SrcWrapper/src/HAL/stm32yyxx_hal_tim.c.o
                0x0000000008001a44                TIM_Base_SetConfig
 .text.HAL_TIM_Base_Init
                0x0000000008001b10       0x58 .pio/build/genericSTM32F405RG/SrcWrapper/src/HAL/stm32yyxx_hal_tim.c.o
                0x0000000008001b10                HAL_TIM_Base_Init
 .text.HAL_TIMEx_CommutCallback
                0x0000000008001b68        0x2 .pio/build/genericSTM32F405RG/SrcWrapper/src/HAL/stm32yyxx_hal_tim_ex.c.o
                0x0000000008001b68                HAL_TIMEx_CommutCallback
 .text.HAL_TIMEx_BreakCallback
                0x0000000008001b6a        0x2 .pio/build/genericSTM32F405RG/SrcWrapper/src/HAL/stm32yyxx_hal_tim_ex.c.o
                0x0000000008001b6a                HAL_TIMEx_BreakCallback
 .text.UART_EndRxTransfer
                0x0000000008001b6c       0x5c .pio/build/genericSTM32F405RG/SrcWrapper/src/HAL/stm32yyxx_hal_uart.c.o
 .text.UART_SetConfig
                0x0000000008001bc8       0xbc .pio/build/genericSTM32F405RG/SrcWrapper/src/HAL/stm32yyxx_hal_uart.c.o
 .text.HAL_UART_MspInit
                0x0000000008001c84        0x2 .pio/build/genericSTM32F405RG/SrcWrapper/src/HAL/stm32yyxx_hal_uart.c.o
                0x0000000008001c84                HAL_UART_MspInit
 .text.HAL_UART_Init
                0x0000000008001c86       0x5c .pio/build/genericSTM32F405RG/SrcWrapper/src/HAL/stm32yyxx_hal_uart.c.o
                0x0000000008001c86                HAL_UART_Init
 .text.HAL_HalfDuplex_Init
                0x0000000008001ce2       0x64 .pio/build/genericSTM32F405RG/SrcWrapper/src/HAL/stm32yyxx_hal_uart.c.o
                0x0000000008001ce2                HAL_HalfDuplex_Init
 .text.HAL_UART_Transmit_IT
                0x0000000008001d46       0x3e .pio/build/genericSTM32F405RG/SrcWrapper/src/HAL/stm32yyxx_hal_uart.c.o
                0x0000000008001d46                HAL_UART_Transmit_IT
 .text.UART_DMAAbortOnError
                0x0000000008001d84       0x10 .pio/build/genericSTM32F405RG/SrcWrapper/src/HAL/stm32yyxx_hal_uart.c.o
 .text.HAL_UARTEx_RxEventCallback
                0x0000000008001d94        0x2 .pio/build/genericSTM32F405RG/SrcWrapper/src/HAL/stm32yyxx_hal_uart.c.o
                0x0000000008001d94                HAL_UARTEx_RxEventCallback
 .text.UART_Receive_IT.part.0.isra.0
                0x0000000008001d96       0xac .pio/build/genericSTM32F405RG/SrcWrapper/src/HAL/stm32yyxx_hal_uart.c.o
 *fill*         0x0000000008001e42        0x2 
 .text.HAL_UART_IRQHandler
                0x0000000008001e44      0x2a0 .pio/build/genericSTM32F405RG/SrcWrapper/src/HAL/stm32yyxx_hal_uart.c.o
                0x0000000008001e44                HAL_UART_IRQHandler
 .text.HAL_HalfDuplex_EnableTransmitter
                0x00000000080020e4       0x30 .pio/build/genericSTM32F405RG/SrcWrapper/src/HAL/stm32yyxx_hal_uart.c.o
                0x00000000080020e4                HAL_HalfDuplex_EnableTransmitter
 .text.HAL_HalfDuplex_EnableReceiver
                0x0000000008002114       0x30 .pio/build/genericSTM32F405RG/SrcWrapper/src/HAL/stm32yyxx_hal_uart.c.o
                0x0000000008002114                HAL_HalfDuplex_EnableReceiver
 .text.HAL_UART_GetState
                0x0000000008002144        0xc .pio/build/genericSTM32F405RG/SrcWrapper/src/HAL/stm32yyxx_hal_uart.c.o
                0x0000000008002144                HAL_UART_GetState
 .text.UART_Start_Receive_IT
                0x0000000008002150       0x36 .pio/build/genericSTM32F405RG/SrcWrapper/src/HAL/stm32yyxx_hal_uart.c.o
                0x0000000008002150                UART_Start_Receive_IT
 .text.HAL_UART_Receive_IT
                0x0000000008002186       0x30 .pio/build/genericSTM32F405RG/SrcWrapper/src/HAL/stm32yyxx_hal_uart.c.o
                0x0000000008002186                HAL_UART_Receive_IT
 .text._ZNSt8functionIFvvEEaSEDn.isra.0
                0x00000000080021b6       0x16 .pio/build/genericSTM32F405RG/SrcWrapper/src/HardwareTimer.cpp.o
 .text._ZNSt14_Function_baseD2Ev
                0x00000000080021cc       0x12 .pio/build/genericSTM32F405RG/SrcWrapper/src/HardwareTimer.cpp.o
                0x00000000080021cc                std::_Function_base::~_Function_base()
                0x00000000080021cc                std::_Function_base::~_Function_base()
 *fill*         0x00000000080021de        0x2 
 .text._Z15get_timer_indexP11TIM_TypeDef
                0x00000000080021e0       0xc0 .pio/build/genericSTM32F405RG/SrcWrapper/src/HardwareTimer.cpp.o
                0x00000000080021e0                get_timer_index(TIM_TypeDef*)
 .text._ZN13HardwareTimerD2Ev
                0x00000000080022a0       0x40 .pio/build/genericSTM32F405RG/SrcWrapper/src/HardwareTimer.cpp.o
                0x00000000080022a0                HardwareTimer::~HardwareTimer()
                0x00000000080022a0                HardwareTimer::~HardwareTimer()
 .text._ZN13HardwareTimer5setupEP11TIM_TypeDef
                0x00000000080022e0       0x90 .pio/build/genericSTM32F405RG/SrcWrapper/src/HardwareTimer.cpp.o
                0x00000000080022e0                HardwareTimer::setup(TIM_TypeDef*)
 .text._ZN13HardwareTimerC2EP11TIM_TypeDef
                0x0000000008002370       0x20 .pio/build/genericSTM32F405RG/SrcWrapper/src/HardwareTimer.cpp.o
                0x0000000008002370                HardwareTimer::HardwareTimer(TIM_TypeDef*)
                0x0000000008002370                HardwareTimer::HardwareTimer(TIM_TypeDef*)
 .text.TIM1_UP_TIM10_IRQHandler
                0x0000000008002390       0x24 .pio/build/genericSTM32F405RG/SrcWrapper/src/HardwareTimer.cpp.o
                0x0000000008002390                TIM1_UP_TIM10_IRQHandler
 .text.TIM1_CC_IRQHandler
                0x00000000080023b4       0x14 .pio/build/genericSTM32F405RG/SrcWrapper/src/HardwareTimer.cpp.o
                0x00000000080023b4                TIM1_CC_IRQHandler
 .text.TIM2_IRQHandler
                0x00000000080023c8       0x14 .pio/build/genericSTM32F405RG/SrcWrapper/src/HardwareTimer.cpp.o
                0x00000000080023c8                TIM2_IRQHandler
 .text.TIM3_IRQHandler
                0x00000000080023dc       0x14 .pio/build/genericSTM32F405RG/SrcWrapper/src/HardwareTimer.cpp.o
                0x00000000080023dc                TIM3_IRQHandler
 .text.TIM4_IRQHandler
                0x00000000080023f0       0x14 .pio/build/genericSTM32F405RG/SrcWrapper/src/HardwareTimer.cpp.o
                0x00000000080023f0                TIM4_IRQHandler
 .text.TIM5_IRQHandler
                0x0000000008002404       0x14 .pio/build/genericSTM32F405RG/SrcWrapper/src/HardwareTimer.cpp.o
                0x0000000008002404                TIM5_IRQHandler
 .text.TIM6_DAC_IRQHandler
                0x0000000008002418       0x14 .pio/build/genericSTM32F405RG/SrcWrapper/src/HardwareTimer.cpp.o
                0x0000000008002418                TIM6_DAC_IRQHandler
 .text.TIM7_IRQHandler
                0x000000000800242c       0x14 .pio/build/genericSTM32F405RG/SrcWrapper/src/HardwareTimer.cpp.o
                0x000000000800242c                TIM7_IRQHandler
 .text.TIM8_UP_TIM13_IRQHandler
                0x0000000008002440       0x24 .pio/build/genericSTM32F405RG/SrcWrapper/src/HardwareTimer.cpp.o
                0x0000000008002440                TIM8_UP_TIM13_IRQHandler
 .text.TIM8_CC_IRQHandler
                0x0000000008002464       0x14 .pio/build/genericSTM32F405RG/SrcWrapper/src/HardwareTimer.cpp.o
                0x0000000008002464                TIM8_CC_IRQHandler
 .text.TIM1_BRK_TIM9_IRQHandler
                0x0000000008002478       0x14 .pio/build/genericSTM32F405RG/SrcWrapper/src/HardwareTimer.cpp.o
                0x0000000008002478                TIM1_BRK_TIM9_IRQHandler
 .text.TIM1_TRG_COM_TIM11_IRQHandler
                0x000000000800248c       0x14 .pio/build/genericSTM32F405RG/SrcWrapper/src/HardwareTimer.cpp.o
                0x000000000800248c                TIM1_TRG_COM_TIM11_IRQHandler
 .text.TIM8_BRK_TIM12_IRQHandler
                0x00000000080024a0       0x14 .pio/build/genericSTM32F405RG/SrcWrapper/src/HardwareTimer.cpp.o
                0x00000000080024a0                TIM8_BRK_TIM12_IRQHandler
 .text.TIM8_TRG_COM_TIM14_IRQHandler
                0x00000000080024b4       0x14 .pio/build/genericSTM32F405RG/SrcWrapper/src/HardwareTimer.cpp.o
                0x00000000080024b4                TIM8_TRG_COM_TIM14_IRQHandler
 .text._ZNKSt8functionIFvvEEclEv
                0x00000000080024c8       0x12 .pio/build/genericSTM32F405RG/SrcWrapper/src/HardwareTimer.cpp.o
                0x00000000080024c8                std::function<void ()>::operator()() const
 .text._ZN13HardwareTimer14updateCallbackEP17TIM_HandleTypeDef
                0x00000000080024da       0x18 .pio/build/genericSTM32F405RG/SrcWrapper/src/HardwareTimer.cpp.o
                0x00000000080024da                HardwareTimer::updateCallback(TIM_HandleTypeDef*)
 .text.HAL_TIM_PeriodElapsedCallback
                0x00000000080024f2        0x4 .pio/build/genericSTM32F405RG/SrcWrapper/src/HardwareTimer.cpp.o
                0x00000000080024f2                HAL_TIM_PeriodElapsedCallback
 .text._ZN13HardwareTimer22captureCompareCallbackEP17TIM_HandleTypeDef
                0x00000000080024f6       0x3e .pio/build/genericSTM32F405RG/SrcWrapper/src/HardwareTimer.cpp.o
                0x00000000080024f6                HardwareTimer::captureCompareCallback(TIM_HandleTypeDef*)
 .text.HAL_TIM_OC_DelayElapsedCallback
                0x0000000008002534        0x4 .pio/build/genericSTM32F405RG/SrcWrapper/src/HardwareTimer.cpp.o
                0x0000000008002534                HAL_TIM_OC_DelayElapsedCallback
 .text.HAL_TIM_IC_CaptureCallback
                0x0000000008002538        0x4 .pio/build/genericSTM32F405RG/SrcWrapper/src/HardwareTimer.cpp.o
                0x0000000008002538                HAL_TIM_IC_CaptureCallback
 .text._Znwj    0x000000000800253c        0x4 .pio/build/genericSTM32F405RG/SrcWrapper/src/new.cpp.o
                0x000000000800253c                operator new(unsigned int)
 .text._ZdlPvj  0x0000000008002540        0x4 .pio/build/genericSTM32F405RG/SrcWrapper/src/new.cpp.o
                0x0000000008002540                operator delete(void*, unsigned int)
 .text.set_GPIO_Port_Clock
                0x0000000008002544      0x130 .pio/build/genericSTM32F405RG/SrcWrapper/src/stm32/PortNames.c.o
                0x0000000008002544                set_GPIO_Port_Clock
 .text.get_dac_channel
                0x0000000008002674       0x24 .pio/build/genericSTM32F405RG/SrcWrapper/src/stm32/analog.cpp.o
                0x0000000008002674                get_dac_channel
 .text.HAL_DAC_MspDeInit
                0x0000000008002698       0x2c .pio/build/genericSTM32F405RG/SrcWrapper/src/stm32/analog.cpp.o
                0x0000000008002698                HAL_DAC_MspDeInit
 .text.dac_stop
                0x00000000080026c4       0x34 .pio/build/genericSTM32F405RG/SrcWrapper/src/stm32/analog.cpp.o
                0x00000000080026c4                dac_stop
 .text.pwm_stop
                0x00000000080026f8       0x60 .pio/build/genericSTM32F405RG/SrcWrapper/src/stm32/analog.cpp.o
                0x00000000080026f8                pwm_stop
 .text.getCurrentMillis
                0x0000000008002758        0x4 .pio/build/genericSTM32F405RG/SrcWrapper/src/stm32/clock.c.o
                0x0000000008002758                getCurrentMillis
 .text.noOsSystickHandler
                0x000000000800275c        0x2 .pio/build/genericSTM32F405RG/SrcWrapper/src/stm32/clock.c.o
                0x000000000800275c                osSystickHandler
                0x000000000800275c                noOsSystickHandler
 .text.SysTick_Handler
                0x000000000800275e       0x10 .pio/build/genericSTM32F405RG/SrcWrapper/src/stm32/clock.c.o
                0x000000000800275e                SysTick_Handler
 .text.configHSECapacitorTuning
                0x000000000800276e        0x2 .pio/build/genericSTM32F405RG/SrcWrapper/src/stm32/clock.c.o
                0x000000000800276e                configHSECapacitorTuning
 .text.configIPClock
                0x0000000008002770       0x4c .pio/build/genericSTM32F405RG/SrcWrapper/src/stm32/clock.c.o
                0x0000000008002770                configIPClock
 .text.dwt_init
                0x00000000080027bc       0x3c .pio/build/genericSTM32F405RG/SrcWrapper/src/stm32/dwt.c.o
                0x00000000080027bc                dwt_init
 .text.hw_config_init
                0x00000000080027f8       0x24 .pio/build/genericSTM32F405RG/SrcWrapper/src/stm32/hw_config.c.o
                0x00000000080027f8                hw_config_init
 .text.HAL_GPIO_EXTI_Callback
                0x000000000800281c       0x2c .pio/build/genericSTM32F405RG/SrcWrapper/src/stm32/interrupt.cpp.o
                0x000000000800281c                HAL_GPIO_EXTI_Callback
 .text.EXTI0_IRQHandler
                0x0000000008002848        0x6 .pio/build/genericSTM32F405RG/SrcWrapper/src/stm32/interrupt.cpp.o
                0x0000000008002848                EXTI0_IRQHandler
 .text.EXTI1_IRQHandler
                0x000000000800284e        0x6 .pio/build/genericSTM32F405RG/SrcWrapper/src/stm32/interrupt.cpp.o
                0x000000000800284e                EXTI1_IRQHandler
 .text.EXTI2_IRQHandler
                0x0000000008002854        0x6 .pio/build/genericSTM32F405RG/SrcWrapper/src/stm32/interrupt.cpp.o
                0x0000000008002854                EXTI2_IRQHandler
 .text.EXTI3_IRQHandler
                0x000000000800285a        0x6 .pio/build/genericSTM32F405RG/SrcWrapper/src/stm32/interrupt.cpp.o
                0x000000000800285a                EXTI3_IRQHandler
 .text.EXTI4_IRQHandler
                0x0000000008002860        0x6 .pio/build/genericSTM32F405RG/SrcWrapper/src/stm32/interrupt.cpp.o
                0x0000000008002860                EXTI4_IRQHandler
 .text.EXTI9_5_IRQHandler
                0x0000000008002866       0x16 .pio/build/genericSTM32F405RG/SrcWrapper/src/stm32/interrupt.cpp.o
                0x0000000008002866                EXTI9_5_IRQHandler
 .text.EXTI15_10_IRQHandler
                0x000000000800287c       0x18 .pio/build/genericSTM32F405RG/SrcWrapper/src/stm32/interrupt.cpp.o
                0x000000000800287c                EXTI15_10_IRQHandler
 .text.startup._GLOBAL__sub_I__Z22stm32_interrupt_enableP12GPIO_TypeDeftSt8functionIFvvEEm
                0x0000000008002894       0x88 .pio/build/genericSTM32F405RG/SrcWrapper/src/stm32/interrupt.cpp.o
 .text.exit._GLOBAL__sub_D__Z22stm32_interrupt_enableP12GPIO_TypeDeftSt8functionIFvvEEm
                0x000000000800291c       0x1c .pio/build/genericSTM32F405RG/SrcWrapper/src/stm32/interrupt.cpp.o
 .text.LL_GPIO_SetPinPull
                0x0000000008002938       0x2a .pio/build/genericSTM32F405RG/SrcWrapper/src/stm32/pinmap.c.o
 .text.pin_in_pinmap
                0x0000000008002962       0x1e .pio/build/genericSTM32F405RG/SrcWrapper/src/stm32/pinmap.c.o
                0x0000000008002962                pin_in_pinmap
 .text.pin_function
                0x0000000008002980      0x110 .pio/build/genericSTM32F405RG/SrcWrapper/src/stm32/pinmap.c.o
                0x0000000008002980                pin_function
 .text.pinmap_pinout
                0x0000000008002a90       0x1a .pio/build/genericSTM32F405RG/SrcWrapper/src/stm32/pinmap.c.o
                0x0000000008002a90                pinmap_pinout
 .text.pinmap_find_peripheral
                0x0000000008002aaa       0x16 .pio/build/genericSTM32F405RG/SrcWrapper/src/stm32/pinmap.c.o
                0x0000000008002aaa                pinmap_find_peripheral
 .text.pinmap_peripheral
                0x0000000008002ac0        0xc .pio/build/genericSTM32F405RG/SrcWrapper/src/stm32/pinmap.c.o
                0x0000000008002ac0                pinmap_peripheral
 .text.pinmap_find_pin
                0x0000000008002acc       0x16 .pio/build/genericSTM32F405RG/SrcWrapper/src/stm32/pinmap.c.o
                0x0000000008002acc                pinmap_find_pin
 .text.pinmap_pin
                0x0000000008002ae2        0xc .pio/build/genericSTM32F405RG/SrcWrapper/src/stm32/pinmap.c.o
                0x0000000008002ae2                pinmap_pin
 .text.pinmap_find_function
                0x0000000008002aee       0x16 .pio/build/genericSTM32F405RG/SrcWrapper/src/stm32/pinmap.c.o
                0x0000000008002aee                pinmap_find_function
 .text.pinmap_function
                0x0000000008002b04        0xa .pio/build/genericSTM32F405RG/SrcWrapper/src/stm32/pinmap.c.o
                0x0000000008002b04                pinmap_function
 .text.pinmap_merge_peripheral
                0x0000000008002b0e       0x12 .pio/build/genericSTM32F405RG/SrcWrapper/src/stm32/pinmap.c.o
                0x0000000008002b0e                pinmap_merge_peripheral
 .text.SystemInit
                0x0000000008002b20       0x50 .pio/build/genericSTM32F405RG/SrcWrapper/src/stm32/system_stm32yyxx.c.o
                0x0000000008002b20                SystemInit
 .text.get_timer_obj
                0x0000000008002b70        0x4 .pio/build/genericSTM32F405RG/SrcWrapper/src/stm32/timer.c.o
                0x0000000008002b70                get_timer_obj
 .text.enableTimerClock
                0x0000000008002b74      0x1f0 .pio/build/genericSTM32F405RG/SrcWrapper/src/stm32/timer.c.o
                0x0000000008002b74                enableTimerClock
 .text.disableTimerClock
                0x0000000008002d64      0x124 .pio/build/genericSTM32F405RG/SrcWrapper/src/stm32/timer.c.o
                0x0000000008002d64                disableTimerClock
 .text.getTimerUpIrq
                0x0000000008002e88       0xbc .pio/build/genericSTM32F405RG/SrcWrapper/src/stm32/timer.c.o
                0x0000000008002e88                getTimerUpIrq
 .text.getTimerCCIrq
                0x0000000008002f44       0xc4 .pio/build/genericSTM32F405RG/SrcWrapper/src/stm32/timer.c.o
                0x0000000008002f44                getTimerCCIrq
 .text.HAL_TIM_Base_MspInit
                0x0000000008003008       0x4e .pio/build/genericSTM32F405RG/SrcWrapper/src/stm32/timer.c.o
                0x0000000008003008                HAL_TIM_Base_MspInit
 *fill*         0x0000000008003056        0x2 
 .text.uart_init.part.0
                0x0000000008003058      0x278 .pio/build/genericSTM32F405RG/SrcWrapper/src/stm32/uart.c.o
 .text.uart_init
                0x00000000080032d0       0x12 .pio/build/genericSTM32F405RG/SrcWrapper/src/stm32/uart.c.o
                0x00000000080032d0                uart_init
 *fill*         0x00000000080032e2        0x2 
 .text.serial_rx_active
                0x00000000080032e4       0x24 .pio/build/genericSTM32F405RG/SrcWrapper/src/stm32/uart.c.o
                0x00000000080032e4                serial_rx_active
 .text.serial_tx_active
                0x0000000008003308       0x24 .pio/build/genericSTM32F405RG/SrcWrapper/src/stm32/uart.c.o
                0x0000000008003308                serial_tx_active
 .text.uart_getc
                0x000000000800332c       0x38 .pio/build/genericSTM32F405RG/SrcWrapper/src/stm32/uart.c.o
                0x000000000800332c                uart_getc
 .text.uart_attach_rx_callback
                0x0000000008003364       0x40 .pio/build/genericSTM32F405RG/SrcWrapper/src/stm32/uart.c.o
                0x0000000008003364                uart_attach_rx_callback
 .text.uart_attach_tx_callback
                0x00000000080033a4       0x40 .pio/build/genericSTM32F405RG/SrcWrapper/src/stm32/uart.c.o
                0x00000000080033a4                uart_attach_tx_callback
 .text.uart_enable_tx
                0x00000000080033e4       0x1c .pio/build/genericSTM32F405RG/SrcWrapper/src/stm32/uart.c.o
                0x00000000080033e4                uart_enable_tx
 .text.uart_enable_rx
                0x0000000008003400       0x1c .pio/build/genericSTM32F405RG/SrcWrapper/src/stm32/uart.c.o
                0x0000000008003400                uart_enable_rx
 .text.HAL_UART_RxCpltCallback
                0x000000000800341c        0x6 .pio/build/genericSTM32F405RG/SrcWrapper/src/stm32/uart.c.o
                0x000000000800341c                HAL_UART_RxCpltCallback
 .text.HAL_UART_TxCpltCallback
                0x0000000008003422        0x6 .pio/build/genericSTM32F405RG/SrcWrapper/src/stm32/uart.c.o
                0x0000000008003422                HAL_UART_TxCpltCallback
 .text.HAL_UART_ErrorCallback
                0x0000000008003428       0x7a .pio/build/genericSTM32F405RG/SrcWrapper/src/stm32/uart.c.o
                0x0000000008003428                HAL_UART_ErrorCallback
 *fill*         0x00000000080034a2        0x2 
 .text.USART1_IRQHandler
                0x00000000080034a4       0x18 .pio/build/genericSTM32F405RG/SrcWrapper/src/stm32/uart.c.o
                0x00000000080034a4                USART1_IRQHandler
 .text.USART2_IRQHandler
                0x00000000080034bc       0x1c .pio/build/genericSTM32F405RG/SrcWrapper/src/stm32/uart.c.o
                0x00000000080034bc                USART2_IRQHandler
 .text.USART3_IRQHandler
                0x00000000080034d8       0x1c .pio/build/genericSTM32F405RG/SrcWrapper/src/stm32/uart.c.o
                0x00000000080034d8                USART3_IRQHandler
 .text.UART4_IRQHandler
                0x00000000080034f4       0x18 .pio/build/genericSTM32F405RG/SrcWrapper/src/stm32/uart.c.o
                0x00000000080034f4                UART4_IRQHandler
 .text.UART5_IRQHandler
                0x000000000800350c       0x18 .pio/build/genericSTM32F405RG/SrcWrapper/src/stm32/uart.c.o
                0x000000000800350c                UART5_IRQHandler
 .text.USART6_IRQHandler
                0x0000000008003524       0x18 .pio/build/genericSTM32F405RG/SrcWrapper/src/stm32/uart.c.o
                0x0000000008003524                USART6_IRQHandler
 .text._sbrk    0x000000000800353c       0x3c .pio/build/genericSTM32F405RG/SrcWrapper/src/syscalls.c.o
                0x000000000800353c                _sbrk
 .text._exit    0x0000000008003578        0x2 .pio/build/genericSTM32F405RG/SrcWrapper/src/syscalls.c.o
                0x0000000008003578                _exit
 *fill*         0x000000000800357a        0x2 
 .text._kill    0x000000000800357c       0x10 .pio/build/genericSTM32F405RG/SrcWrapper/src/syscalls.c.o
                0x000000000800357c                _kill
 .text._getpid  0x000000000800358c        0x4 .pio/build/genericSTM32F405RG/SrcWrapper/src/syscalls.c.o
                0x000000000800358c                _getpid
 .text._Z6setledi
                0x0000000008003590       0x5a .pio/build/genericSTM32F405RG/src/main.cpp.o
                0x0000000008003590                setled(int)
 .text._Z10configpinsv
                0x00000000080035ea       0x56 .pio/build/genericSTM32F405RG/src/main.cpp.o
                0x00000000080035ea                configpins()
 .text.setup    0x0000000008003640       0x2c .pio/build/genericSTM32F405RG/src/main.cpp.o
                0x0000000008003640                setup
 .text.loop     0x000000000800366c       0x22 .pio/build/genericSTM32F405RG/src/main.cpp.o
                0x000000000800366c                loop
 *fill*         0x000000000800368e        0x2 
 .text.startup._GLOBAL__sub_I__Z16int32tobytearraylPh
                0x0000000008003690       0x54 .pio/build/genericSTM32F405RG/src/main.cpp.o
 .text._ZN5Print17availableForWriteEv
                0x00000000080036e4        0x4 .pio/build/genericSTM32F405RG/lib737/libWire.a(Wire.cpp.o)
                0x00000000080036e4                Print::availableForWrite()
 .text._ZN7TwoWire9availableEv
                0x00000000080036e8        0x8 .pio/build/genericSTM32F405RG/lib737/libWire.a(Wire.cpp.o)
                0x00000000080036e8                TwoWire::available()
 .text._ZN7TwoWire4readEv
                0x00000000080036f0       0x1a .pio/build/genericSTM32F405RG/lib737/libWire.a(Wire.cpp.o)
                0x00000000080036f0                TwoWire::read()
 .text._ZN7TwoWire4peekEv
                0x000000000800370a       0x12 .pio/build/genericSTM32F405RG/lib737/libWire.a(Wire.cpp.o)
                0x000000000800370a                TwoWire::peek()
 .text._ZN7TwoWireC2Ev
                0x000000000800371c       0x30 .pio/build/genericSTM32F405RG/lib737/libWire.a(Wire.cpp.o)
                0x000000000800371c                TwoWire::TwoWire()
                0x000000000800371c                TwoWire::TwoWire()
 .text._ZN7TwoWire16allocateTxBufferEj
                0x000000000800374c       0x32 .pio/build/genericSTM32F405RG/lib737/libWire.a(Wire.cpp.o)
                0x000000000800374c                TwoWire::allocateTxBuffer(unsigned int)
 .text._ZN7TwoWire5writeEh
                0x000000000800377e       0x42 .pio/build/genericSTM32F405RG/lib737/libWire.a(Wire.cpp.o)
                0x000000000800377e                TwoWire::write(unsigned char)
 .text._ZN7TwoWire5writeEPKhj
                0x00000000080037c0       0x40 .pio/build/genericSTM32F405RG/lib737/libWire.a(Wire.cpp.o)
                0x00000000080037c0                TwoWire::write(unsigned char const*, unsigned int)
 .text._ZN7TwoWire13resetTxBufferEv
                0x0000000008003800       0x10 .pio/build/genericSTM32F405RG/lib737/libWire.a(Wire.cpp.o)
                0x0000000008003800                TwoWire::resetTxBuffer()
 .text._ZN7TwoWire5flushEv
                0x0000000008003810       0x20 .pio/build/genericSTM32F405RG/lib737/libWire.a(Wire.cpp.o)
                0x0000000008003810                TwoWire::flush()
 .text.startup._GLOBAL__sub_I__ZN7TwoWireC2Ev
                0x0000000008003830        0xc .pio/build/genericSTM32F405RG/lib737/libWire.a(Wire.cpp.o)
 .text.exit._GLOBAL__sub_D__ZN7TwoWireC2Ev
                0x000000000800383c       0x24 .pio/build/genericSTM32F405RG/lib737/libWire.a(Wire.cpp.o)
 .text.i2c_slave_write_IT
                0x0000000008003860       0x34 .pio/build/genericSTM32F405RG/lib737/libWire.a(twi.c.o)
                0x0000000008003860                i2c_slave_write_IT
 .text.HAL_I2C_AddrCallback
                0x0000000008003894       0x6c .pio/build/genericSTM32F405RG/lib737/libWire.a(twi.c.o)
                0x0000000008003894                HAL_I2C_AddrCallback
 .text.HAL_I2C_ListenCpltCallback
                0x0000000008003900       0x2a .pio/build/genericSTM32F405RG/lib737/libWire.a(twi.c.o)
                0x0000000008003900                HAL_I2C_ListenCpltCallback
 .text.HAL_I2C_SlaveRxCpltCallback
                0x000000000800392a       0x24 .pio/build/genericSTM32F405RG/lib737/libWire.a(twi.c.o)
                0x000000000800392a                HAL_I2C_SlaveRxCpltCallback
 .text.HAL_I2C_SlaveTxCpltCallback
                0x000000000800394e        0x8 .pio/build/genericSTM32F405RG/lib737/libWire.a(twi.c.o)
                0x000000000800394e                HAL_I2C_SlaveTxCpltCallback
 .text.HAL_I2C_ErrorCallback
                0x0000000008003956        0xc .pio/build/genericSTM32F405RG/lib737/libWire.a(twi.c.o)
                0x0000000008003956                HAL_I2C_ErrorCallback
 *fill*         0x0000000008003962        0x2 
 .text.I2C1_EV_IRQHandler
                0x0000000008003964        0xc .pio/build/genericSTM32F405RG/lib737/libWire.a(twi.c.o)
                0x0000000008003964                I2C1_EV_IRQHandler
 .text.I2C1_ER_IRQHandler
                0x0000000008003970        0xc .pio/build/genericSTM32F405RG/lib737/libWire.a(twi.c.o)
                0x0000000008003970                I2C1_ER_IRQHandler
 .text.I2C2_EV_IRQHandler
                0x000000000800397c        0xc .pio/build/genericSTM32F405RG/lib737/libWire.a(twi.c.o)
                0x000000000800397c                I2C2_EV_IRQHandler
 .text.I2C2_ER_IRQHandler
                0x0000000008003988        0xc .pio/build/genericSTM32F405RG/lib737/libWire.a(twi.c.o)
                0x0000000008003988                I2C2_ER_IRQHandler
 .text.I2C3_EV_IRQHandler
                0x0000000008003994        0xc .pio/build/genericSTM32F405RG/lib737/libWire.a(twi.c.o)
                0x0000000008003994                I2C3_EV_IRQHandler
 .text.I2C3_ER_IRQHandler
                0x00000000080039a0        0xc .pio/build/genericSTM32F405RG/lib737/libWire.a(twi.c.o)
                0x00000000080039a0                I2C3_ER_IRQHandler
 .text._ZN11Bmi088AccelC2ER7TwoWireh
                0x00000000080039ac       0x3c .pio/build/genericSTM32F405RG/lib4ed/libBolder Flight Systems BMI088.a(BMI088.cpp.o)
                0x00000000080039ac                Bmi088Accel::Bmi088Accel(TwoWire&, unsigned char)
                0x00000000080039ac                Bmi088Accel::Bmi088Accel(TwoWire&, unsigned char)
 .text._ZN10Bmi088GyroC2ER7TwoWireh
                0x00000000080039e8       0x38 .pio/build/genericSTM32F405RG/lib4ed/libBolder Flight Systems BMI088.a(BMI088.cpp.o)
                0x00000000080039e8                Bmi088Gyro::Bmi088Gyro(TwoWire&, unsigned char)
                0x00000000080039e8                Bmi088Gyro::Bmi088Gyro(TwoWire&, unsigned char)
 .text._ZN15Adafruit_BMP3XXC2Ev
                0x0000000008003a20        0xe .pio/build/genericSTM32F405RG/lib0c8/libAdafruit BMP3XX Library.a(Adafruit_BMP3XX.cpp.o)
                0x0000000008003a20                Adafruit_BMP3XX::Adafruit_BMP3XX()
                0x0000000008003a20                Adafruit_BMP3XX::Adafruit_BMP3XX()
 *fill*         0x0000000008003a2e        0x2 
 .text._ZN8SPIFlashC2Eht
                0x0000000008003a30       0x20 .pio/build/genericSTM32F405RG/libbe6/libSPIFlash.a(SPIFlash.cpp.o)
                0x0000000008003a30                SPIFlash::SPIFlash(unsigned char, unsigned short)
                0x0000000008003a30                SPIFlash::SPIFlash(unsigned char, unsigned short)
 .text._ZN4RF249_init_objEv
                0x0000000008003a50       0x20 .pio/build/genericSTM32F405RG/lib7d8/libRF24.a(RF24.cpp.o)
                0x0000000008003a50                RF24::_init_obj()
 .text._ZN4RF24C2Ehhm
                0x0000000008003a70       0x20 .pio/build/genericSTM32F405RG/lib7d8/libRF24.a(RF24.cpp.o)
                0x0000000008003a70                RF24::RF24(unsigned char, unsigned char, unsigned long)
                0x0000000008003a70                RF24::RF24(unsigned char, unsigned char, unsigned long)
 .text._ZN14HardwareSerial9availableEv
                0x0000000008003a90       0x10 .pio/build/genericSTM32F405RG/libFrameworkArduino.a(HardwareSerial.cpp.o)
                0x0000000008003a90                HardwareSerial::available()
 .text._ZN14HardwareSerial4peekEv
                0x0000000008003aa0       0x1a .pio/build/genericSTM32F405RG/libFrameworkArduino.a(HardwareSerial.cpp.o)
                0x0000000008003aa0                HardwareSerial::peek()
 .text._ZN14HardwareSerial17availableForWriteEv
                0x0000000008003aba       0x1c .pio/build/genericSTM32F405RG/libFrameworkArduino.a(HardwareSerial.cpp.o)
                0x0000000008003aba                HardwareSerial::availableForWrite()
 .text._ZN14HardwareSerial5writeEh
                0x0000000008003ad6       0x18 .pio/build/genericSTM32F405RG/libFrameworkArduino.a(HardwareSerial.cpp.o)
                0x0000000008003ad6                HardwareSerial::write(unsigned char)
 .text._ZN14HardwareSerial16_rx_complete_irqEP8serial_s
                0x0000000008003aee       0x38 .pio/build/genericSTM32F405RG/libFrameworkArduino.a(HardwareSerial.cpp.o)
                0x0000000008003aee                HardwareSerial::_rx_complete_irq(serial_s*)
 *fill*         0x0000000008003b26        0x2 
 .text._ZN14HardwareSerial16_tx_complete_irqEP8serial_s
                0x0000000008003b28       0x64 .pio/build/genericSTM32F405RG/libFrameworkArduino.a(HardwareSerial.cpp.o)
                0x0000000008003b28                HardwareSerial::_tx_complete_irq(serial_s*)
 .text._ZN14HardwareSerial5writeEPKhj
                0x0000000008003b8c       0xe4 .pio/build/genericSTM32F405RG/libFrameworkArduino.a(HardwareSerial.cpp.o)
                0x0000000008003b8c                HardwareSerial::write(unsigned char const*, unsigned int)
 .text._ZN14HardwareSerial5flushEv
                0x0000000008003c70       0x14 .pio/build/genericSTM32F405RG/libFrameworkArduino.a(HardwareSerial.cpp.o)
                0x0000000008003c70                HardwareSerial::flush()
 .text._ZN14HardwareSerial4initE7PinNameS0_S0_S0_
                0x0000000008003c84       0x32 .pio/build/genericSTM32F405RG/libFrameworkArduino.a(HardwareSerial.cpp.o)
                0x0000000008003c84                HardwareSerial::init(PinName, PinName, PinName, PinName)
 *fill*         0x0000000008003cb6        0x2 
 .text._ZN14HardwareSerial5setRxEm
                0x0000000008003cb8       0x48 .pio/build/genericSTM32F405RG/libFrameworkArduino.a(HardwareSerial.cpp.o)
                0x0000000008003cb8                HardwareSerial::setRx(unsigned long)
 .text._ZN14HardwareSerial5setTxEm
                0x0000000008003d00       0x48 .pio/build/genericSTM32F405RG/libFrameworkArduino.a(HardwareSerial.cpp.o)
                0x0000000008003d00                HardwareSerial::setTx(unsigned long)
 .text._ZN14HardwareSerialC2EPv16HalfDuplexMode_t
                0x0000000008003d48       0x9c .pio/build/genericSTM32F405RG/libFrameworkArduino.a(HardwareSerial.cpp.o)
                0x0000000008003d48                HardwareSerial::HardwareSerial(void*, HalfDuplexMode_t)
                0x0000000008003d48                HardwareSerial::HardwareSerial(void*, HalfDuplexMode_t)
 .text._ZN14HardwareSerial18enableHalfDuplexRxEv
                0x0000000008003de4       0x2c .pio/build/genericSTM32F405RG/libFrameworkArduino.a(HardwareSerial.cpp.o)
                0x0000000008003de4                HardwareSerial::enableHalfDuplexRx()
 .text._ZN14HardwareSerial5beginEmh
                0x0000000008003e10       0x84 .pio/build/genericSTM32F405RG/libFrameworkArduino.a(HardwareSerial.cpp.o)
                0x0000000008003e10                HardwareSerial::begin(unsigned long, unsigned char)
 .text._ZN14HardwareSerial4readEv
                0x0000000008003e94       0x2e .pio/build/genericSTM32F405RG/libFrameworkArduino.a(HardwareSerial.cpp.o)
                0x0000000008003e94                HardwareSerial::read()
 *fill*         0x0000000008003ec2        0x2 
 .text.startup._GLOBAL__sub_I_Serial4
                0x0000000008003ec4       0x14 .pio/build/genericSTM32F405RG/libFrameworkArduino.a(HardwareSerial.cpp.o)
 .text._ZN5Print5writeEPKc
                0x0000000008003ed8       0x24 .pio/build/genericSTM32F405RG/libFrameworkArduino.a(Print.cpp.o)
                0x0000000008003ed8                Print::write(char const*)
 .text._ZN5Print7printlnEv
                0x0000000008003efc       0x10 .pio/build/genericSTM32F405RG/libFrameworkArduino.a(Print.cpp.o)
                0x0000000008003efc                Print::println()
 .text._ZN5Print7printlnEPK19__FlashStringHelper
                0x0000000008003f0c       0x14 .pio/build/genericSTM32F405RG/libFrameworkArduino.a(Print.cpp.o)
                0x0000000008003f0c                Print::println(__FlashStringHelper const*)
 .text._ZN5Print7printlnEPKc
                0x0000000008003f20        0x4 .pio/build/genericSTM32F405RG/libFrameworkArduino.a(Print.cpp.o)
                0x0000000008003f20                Print::println(char const*)
 .text._ZN6Stream9timedReadEv
                0x0000000008003f24       0x2a .pio/build/genericSTM32F405RG/libFrameworkArduino.a(Stream.cpp.o)
                0x0000000008003f24                Stream::timedRead()
 .text._ZN6Stream9readBytesEPcj
                0x0000000008003f4e       0x2a .pio/build/genericSTM32F405RG/libFrameworkArduino.a(Stream.cpp.o)
                0x0000000008003f4e                Stream::readBytes(char*, unsigned int)
 .text._ZN6Stream14readBytesUntilEcPcj
                0x0000000008003f78       0x30 .pio/build/genericSTM32F405RG/libFrameworkArduino.a(Stream.cpp.o)
                0x0000000008003f78                Stream::readBytesUntil(char, char*, unsigned int)
 .text.startup._Z7premainv
                0x0000000008003fa8       0x10 .pio/build/genericSTM32F405RG/libFrameworkArduino.a(main.cpp.o)
                0x0000000008003fa8                premain()
 .text.startup.main
                0x0000000008003fb8       0x14 .pio/build/genericSTM32F405RG/libFrameworkArduino.a(main.cpp.o)
                0x0000000008003fb8                main
 .text.Reset_Handler
                0x0000000008003fcc       0x50 .pio/build/genericSTM32F405RG/libFrameworkArduino.a(startup_stm32yyxx.S.o)
                0x0000000008003fcc                Reset_Handler
 .text.Default_Handler
                0x000000000800401c        0x2 .pio/build/genericSTM32F405RG/libFrameworkArduino.a(startup_stm32yyxx.S.o)
                0x000000000800401c                RTC_Alarm_IRQHandler
                0x000000000800401c                HASH_RNG_IRQHandler
                0x000000000800401c                DebugMon_Handler
                0x000000000800401c                DMA2_Stream5_IRQHandler
                0x000000000800401c                HardFault_Handler
                0x000000000800401c                DMA1_Stream5_IRQHandler
                0x000000000800401c                PVD_IRQHandler
                0x000000000800401c                SDIO_IRQHandler
                0x000000000800401c                TAMP_STAMP_IRQHandler
                0x000000000800401c                PendSV_Handler
                0x000000000800401c                NMI_Handler
                0x000000000800401c                CAN2_RX1_IRQHandler
                0x000000000800401c                DMA1_Stream2_IRQHandler
                0x000000000800401c                CAN1_RX0_IRQHandler
                0x000000000800401c                FPU_IRQHandler
                0x000000000800401c                OTG_HS_WKUP_IRQHandler
                0x000000000800401c                UsageFault_Handler
                0x000000000800401c                CAN2_SCE_IRQHandler
                0x000000000800401c                DMA2_Stream2_IRQHandler
                0x000000000800401c                SPI1_IRQHandler
                0x000000000800401c                CAN2_RX0_IRQHandler
                0x000000000800401c                DMA2_Stream3_IRQHandler
                0x000000000800401c                CAN1_RX1_IRQHandler
                0x000000000800401c                DMA2_Stream0_IRQHandler
                0x000000000800401c                DMA1_Stream6_IRQHandler
                0x000000000800401c                DMA1_Stream1_IRQHandler
                0x000000000800401c                RCC_IRQHandler
                0x000000000800401c                Default_Handler
                0x000000000800401c                ADC_IRQHandler
                0x000000000800401c                DMA1_Stream7_IRQHandler
                0x000000000800401c                CAN2_TX_IRQHandler
                0x000000000800401c                DMA2_Stream7_IRQHandler
                0x000000000800401c                RTC_WKUP_IRQHandler
                0x000000000800401c                SPI2_IRQHandler
                0x000000000800401c                OTG_HS_EP1_IN_IRQHandler
                0x000000000800401c                MemManage_Handler
                0x000000000800401c                DMA1_Stream0_IRQHandler
                0x000000000800401c                CAN1_TX_IRQHandler
                0x000000000800401c                SVC_Handler
                0x000000000800401c                FSMC_IRQHandler
                0x000000000800401c                OTG_HS_EP1_OUT_IRQHandler
                0x000000000800401c                WWDG_IRQHandler
                0x000000000800401c                OTG_FS_WKUP_IRQHandler
                0x000000000800401c                OTG_HS_IRQHandler
                0x000000000800401c                DMA2_Stream1_IRQHandler
                0x000000000800401c                CAN1_SCE_IRQHandler
                0x000000000800401c                FLASH_IRQHandler
                0x000000000800401c                DMA2_Stream4_IRQHandler
                0x000000000800401c                BusFault_Handler
                0x000000000800401c                OTG_FS_IRQHandler
                0x000000000800401c                SPI3_IRQHandler
                0x000000000800401c                DMA1_Stream4_IRQHandler
                0x000000000800401c                DMA2_Stream6_IRQHandler
                0x000000000800401c                DMA1_Stream3_IRQHandler
 *fill*         0x000000000800401e        0x2 
 .text.pinMode  0x0000000008004020       0xd4 .pio/build/genericSTM32F405RG/libFrameworkArduino.a(wiring_digital.c.o)
                0x0000000008004020                pinMode
 .text.digitalWrite
                0x00000000080040f4       0x74 .pio/build/genericSTM32F405RG/libFrameworkArduino.a(wiring_digital.c.o)
                0x00000000080040f4                digitalWrite
 .text.millis   0x0000000008004168        0x4 .pio/build/genericSTM32F405RG/libFrameworkArduino.a(wiring_time.c.o)
                0x0000000008004168                millis
 .text.delay    0x000000000800416c       0x1c .pio/build/genericSTM32F405RG/libFrameworkArduino.a(wiring_time.c.o)
                0x000000000800416c                delay
 .text._Z14serialEventRunv
                0x0000000008004188       0x1c .pio/build/genericSTM32F405RG/libFrameworkArduino.a(WSerial.cpp.o)
                0x0000000008004188                serialEventRun()
 .text.init     0x00000000080041a4        0x4 .pio/build/genericSTM32F405RG/libFrameworkArduino.a(board.c.o)
                0x00000000080041a4                init
 .text.__empty  0x00000000080041a8        0x2 .pio/build/genericSTM32F405RG/libFrameworkArduino.a(hooks.c.o)
                0x00000000080041a8                yield
 *fill*         0x00000000080041aa        0x2 
 .text.__udivmoddi4
                0x00000000080041ac      0x2d0 c:/users/e/.platformio/packages/toolchain-gccarmnoneeabi/bin/../lib/gcc/arm-none-eabi/10.3.1/thumb/v7e-m+fp/hard\libgcc.a(_udivmoddi4.o)
                0x00000000080041ac                __udivmoddi4
 .text.unlikely._ZSt25__throw_bad_function_callv
                0x000000000800447c        0x6 c:/users/e/.platformio/packages/toolchain-gccarmnoneeabi/bin/../lib/gcc/arm-none-eabi/10.3.1/../../../../arm-none-eabi/lib/thumb/v7e-m+fp/hard\libstdc++_nano.a(functional.o)
                0x000000000800447c                std::__throw_bad_function_call()
 *fill*         0x0000000008004482        0x2 
 .text._ZN8SPIClass6pinIdxEhNS_12pin_option_tE
                0x0000000008004484       0x74 .pio/build/genericSTM32F405RG/libdc6/libSPI.a(SPI.cpp.o)
                0x0000000008004484                SPIClass::pinIdx(unsigned char, SPIClass::pin_option_t)
 .text._ZN8SPIClass5beginEh
                0x00000000080044f8       0x4e .pio/build/genericSTM32F405RG/libdc6/libSPI.a(SPI.cpp.o)
                0x00000000080044f8                SPIClass::begin(unsigned char)
 .text._ZN8SPIClass16beginTransactionEh11SPISettings
                0x0000000008004546       0x70 .pio/build/genericSTM32F405RG/libdc6/libSPI.a(SPI.cpp.o)
                0x0000000008004546                SPIClass::beginTransaction(unsigned char, SPISettings)
 .text._ZN8SPIClass8transferEhh15SPITransferMode
                0x00000000080045b6       0x9c .pio/build/genericSTM32F405RG/libdc6/libSPI.a(SPI.cpp.o)
                0x00000000080045b6                SPIClass::transfer(unsigned char, unsigned char, SPITransferMode)
 .text._ZN8SPIClass10transfer16Eht15SPITransferMode
                0x0000000008004652       0xca .pio/build/genericSTM32F405RG/libdc6/libSPI.a(SPI.cpp.o)
                0x0000000008004652                SPIClass::transfer16(unsigned char, unsigned short, SPITransferMode)
 .text._ZN8SPIClass8transferEhPvj15SPITransferMode
                0x000000000800471c       0xa0 .pio/build/genericSTM32F405RG/libdc6/libSPI.a(SPI.cpp.o)
                0x000000000800471c                SPIClass::transfer(unsigned char, void*, unsigned int, SPITransferMode)
 .text._ZN8SPIClass8transferEhPvS0_j15SPITransferMode
                0x00000000080047bc       0xaa .pio/build/genericSTM32F405RG/libdc6/libSPI.a(SPI.cpp.o)
                0x00000000080047bc                SPIClass::transfer(unsigned char, void*, void*, unsigned int, SPITransferMode)
 *fill*         0x0000000008004866        0x2 
 .text._ZN8SPIClassC2Ev
                0x0000000008004868       0x5c .pio/build/genericSTM32F405RG/libdc6/libSPI.a(SPI.cpp.o)
                0x0000000008004868                SPIClass::SPIClass()
                0x0000000008004868                SPIClass::SPIClass()
 .text.startup._GLOBAL__sub_I_SPI
                0x00000000080048c4        0xc .pio/build/genericSTM32F405RG/libdc6/libSPI.a(SPI.cpp.o)
 .text.LL_GPIO_SetPinPull
                0x00000000080048d0       0x2a .pio/build/genericSTM32F405RG/libdc6/libSPI.a(spi_com.c.o)
 *fill*         0x00000000080048fa        0x2 
 .text.spi_getClkFreqInst
                0x00000000080048fc       0x34 .pio/build/genericSTM32F405RG/libdc6/libSPI.a(spi_com.c.o)
                0x00000000080048fc                spi_getClkFreqInst
 .text.spi_init
                0x0000000008004930      0x234 .pio/build/genericSTM32F405RG/libdc6/libSPI.a(spi_com.c.o)
                0x0000000008004930                spi_init
 .text.spi_transfer
                0x0000000008004b64       0x78 .pio/build/genericSTM32F405RG/libdc6/libSPI.a(spi_com.c.o)
                0x0000000008004b64                spi_transfer
 .text.abort    0x0000000008004bdc        0xe c:/users/e/.platformio/packages/toolchain-gccarmnoneeabi/bin/../lib/gcc/arm-none-eabi/10.3.1/../../../../arm-none-eabi/lib/thumb/v7e-m+fp/hard\libc_nano.a(lib_a-abort.o)
                0x0000000008004bdc                abort
 *fill*         0x0000000008004bea        0x2 
 .text.__libc_init_array
                0x0000000008004bec       0x48 c:/users/e/.platformio/packages/toolchain-gccarmnoneeabi/bin/../lib/gcc/arm-none-eabi/10.3.1/../../../../arm-none-eabi/lib/thumb/v7e-m+fp/hard\libc_nano.a(lib_a-init.o)
                0x0000000008004bec                __libc_init_array
 .text.malloc   0x0000000008004c34       0x10 c:/users/e/.platformio/packages/toolchain-gccarmnoneeabi/bin/../lib/gcc/arm-none-eabi/10.3.1/../../../../arm-none-eabi/lib/thumb/v7e-m+fp/hard\libc_nano.a(lib_a-malloc.o)
                0x0000000008004c34                malloc
 .text.free     0x0000000008004c44       0x10 c:/users/e/.platformio/packages/toolchain-gccarmnoneeabi/bin/../lib/gcc/arm-none-eabi/10.3.1/../../../../arm-none-eabi/lib/thumb/v7e-m+fp/hard\libc_nano.a(lib_a-malloc.o)
                0x0000000008004c44                free
 .text.memcpy   0x0000000008004c54       0x1c c:/users/e/.platformio/packages/toolchain-gccarmnoneeabi/bin/../lib/gcc/arm-none-eabi/10.3.1/../../../../arm-none-eabi/lib/thumb/v7e-m+fp/hard\libc_nano.a(lib_a-memcpy-stub.o)
                0x0000000008004c54                memcpy
 .text.memset   0x0000000008004c70       0x10 c:/users/e/.platformio/packages/toolchain-gccarmnoneeabi/bin/../lib/gcc/arm-none-eabi/10.3.1/../../../../arm-none-eabi/lib/thumb/v7e-m+fp/hard\libc_nano.a(lib_a-memset.o)
                0x0000000008004c70                memset
 .text._free_r  0x0000000008004c80       0x98 c:/users/e/.platformio/packages/toolchain-gccarmnoneeabi/bin/../lib/gcc/arm-none-eabi/10.3.1/../../../../arm-none-eabi/lib/thumb/v7e-m+fp/hard\libc_nano.a(lib_a-nano-freer.o)
                0x0000000008004c80                _free_r
 .text.sbrk_aligned
                0x0000000008004d18       0x40 c:/users/e/.platformio/packages/toolchain-gccarmnoneeabi/bin/../lib/gcc/arm-none-eabi/10.3.1/../../../../arm-none-eabi/lib/thumb/v7e-m+fp/hard\libc_nano.a(lib_a-nano-mallocr.o)
 .text._malloc_r
                0x0000000008004d58       0xe8 c:/users/e/.platformio/packages/toolchain-gccarmnoneeabi/bin/../lib/gcc/arm-none-eabi/10.3.1/../../../../arm-none-eabi/lib/thumb/v7e-m+fp/hard\libc_nano.a(lib_a-nano-mallocr.o)
                0x0000000008004d58                _malloc_r
 .text.realloc  0x0000000008004e40       0x10 c:/users/e/.platformio/packages/toolchain-gccarmnoneeabi/bin/../lib/gcc/arm-none-eabi/10.3.1/../../../../arm-none-eabi/lib/thumb/v7e-m+fp/hard\libc_nano.a(lib_a-realloc.o)
                0x0000000008004e40                realloc
 .text._sbrk_r  0x0000000008004e50       0x20 c:/users/e/.platformio/packages/toolchain-gccarmnoneeabi/bin/../lib/gcc/arm-none-eabi/10.3.1/../../../../arm-none-eabi/lib/thumb/v7e-m+fp/hard\libc_nano.a(lib_a-sbrkr.o)
                0x0000000008004e50                _sbrk_r
 .text._raise_r
                0x0000000008004e70       0x50 c:/users/e/.platformio/packages/toolchain-gccarmnoneeabi/bin/../lib/gcc/arm-none-eabi/10.3.1/../../../../arm-none-eabi/lib/thumb/v7e-m+fp/hard\libc_nano.a(lib_a-signal.o)
                0x0000000008004e70                _raise_r
 .text.raise    0x0000000008004ec0       0x10 c:/users/e/.platformio/packages/toolchain-gccarmnoneeabi/bin/../lib/gcc/arm-none-eabi/10.3.1/../../../../arm-none-eabi/lib/thumb/v7e-m+fp/hard\libc_nano.a(lib_a-signal.o)
                0x0000000008004ec0                raise
 .text._kill_r  0x0000000008004ed0       0x24 c:/users/e/.platformio/packages/toolchain-gccarmnoneeabi/bin/../lib/gcc/arm-none-eabi/10.3.1/../../../../arm-none-eabi/lib/thumb/v7e-m+fp/hard\libc_nano.a(lib_a-signalr.o)
                0x0000000008004ed0                _kill_r
 .text._getpid_r
                0x0000000008004ef4        0x4 c:/users/e/.platformio/packages/toolchain-gccarmnoneeabi/bin/../lib/gcc/arm-none-eabi/10.3.1/../../../../arm-none-eabi/lib/thumb/v7e-m+fp/hard\libc_nano.a(lib_a-signalr.o)
                0x0000000008004ef4                _getpid_r
 .text.__retarget_lock_acquire_recursive
                0x0000000008004ef8        0x2 c:/users/e/.platformio/packages/toolchain-gccarmnoneeabi/bin/../lib/gcc/arm-none-eabi/10.3.1/../../../../arm-none-eabi/lib/thumb/v7e-m+fp/hard\libc_nano.a(lib_a-lock.o)
                0x0000000008004ef8                __retarget_lock_acquire_recursive
 .text.__retarget_lock_release_recursive
                0x0000000008004efa        0x2 c:/users/e/.platformio/packages/toolchain-gccarmnoneeabi/bin/../lib/gcc/arm-none-eabi/10.3.1/../../../../arm-none-eabi/lib/thumb/v7e-m+fp/hard\libc_nano.a(lib_a-lock.o)
                0x0000000008004efa                __retarget_lock_release_recursive
 .text.__malloc_lock
                0x0000000008004efc        0xc c:/users/e/.platformio/packages/toolchain-gccarmnoneeabi/bin/../lib/gcc/arm-none-eabi/10.3.1/../../../../arm-none-eabi/lib/thumb/v7e-m+fp/hard\libc_nano.a(lib_a-mlock.o)
                0x0000000008004efc                __malloc_lock
 .text.__malloc_unlock
                0x0000000008004f08        0xc c:/users/e/.platformio/packages/toolchain-gccarmnoneeabi/bin/../lib/gcc/arm-none-eabi/10.3.1/../../../../arm-none-eabi/lib/thumb/v7e-m+fp/hard\libc_nano.a(lib_a-mlock.o)
                0x0000000008004f08                __malloc_unlock
 .text._realloc_r
                0x0000000008004f14       0x5e c:/users/e/.platformio/packages/toolchain-gccarmnoneeabi/bin/../lib/gcc/arm-none-eabi/10.3.1/../../../../arm-none-eabi/lib/thumb/v7e-m+fp/hard\libc_nano.a(lib_a-nano-reallocr.o)
                0x0000000008004f14                _realloc_r
 .text._malloc_usable_size_r
                0x0000000008004f72       0x10 c:/users/e/.platformio/packages/toolchain-gccarmnoneeabi/bin/../lib/gcc/arm-none-eabi/10.3.1/../../../../arm-none-eabi/lib/thumb/v7e-m+fp/hard\libc_nano.a(lib_a-nano-msizer.o)
                0x0000000008004f72                _malloc_usable_size_r
 *(.glue_7)
 .glue_7        0x0000000008004f82        0x0 linker stubs
 *(.glue_7t)
 .glue_7t       0x0000000008004f82        0x0 linker stubs
 *(.eh_frame)
 *fill*         0x0000000008004f82        0x2 
 .eh_frame      0x0000000008004f84        0x0 c:/users/e/.platformio/packages/toolchain-gccarmnoneeabi/bin/../lib/gcc/arm-none-eabi/10.3.1/thumb/v7e-m+fp/hard/crtbegin.o
 *(.init)
 .init          0x0000000008004f84        0x4 c:/users/e/.platformio/packages/toolchain-gccarmnoneeabi/bin/../lib/gcc/arm-none-eabi/10.3.1/thumb/v7e-m+fp/hard/crti.o
                0x0000000008004f84                _init
 .init          0x0000000008004f88        0x8 c:/users/e/.platformio/packages/toolchain-gccarmnoneeabi/bin/../lib/gcc/arm-none-eabi/10.3.1/thumb/v7e-m+fp/hard/crtn.o
 *(.fini)
 .fini          0x0000000008004f90        0x4 c:/users/e/.platformio/packages/toolchain-gccarmnoneeabi/bin/../lib/gcc/arm-none-eabi/10.3.1/thumb/v7e-m+fp/hard/crti.o
                0x0000000008004f90                _fini
 .fini          0x0000000008004f94        0x8 c:/users/e/.platformio/packages/toolchain-gccarmnoneeabi/bin/../lib/gcc/arm-none-eabi/10.3.1/thumb/v7e-m+fp/hard/crtn.o
                0x0000000008004f9c                . = ALIGN (0x4)
                0x0000000008004f9c                _etext = .

.vfp11_veneer   0x0000000008004f9c        0x0
 .vfp11_veneer  0x0000000008004f9c        0x0 linker stubs

.v4_bx          0x0000000008004f9c        0x0
 .v4_bx         0x0000000008004f9c        0x0 linker stubs

.iplt           0x0000000008004f9c        0x0
 .iplt          0x0000000008004f9c        0x0 c:/users/e/.platformio/packages/toolchain-gccarmnoneeabi/bin/../lib/gcc/arm-none-eabi/10.3.1/thumb/v7e-m+fp/hard/crtbegin.o

.rodata         0x0000000008004f9c      0x7e8
                0x0000000008004f9c                . = ALIGN (0x4)
 *(.rodata)
 .rodata        0x0000000008004f9c       0x30 .pio/build/genericSTM32F405RG/libdc6/libSPI.a(SPI.cpp.o)
 *(.rodata*)
 .rodata.PinMap_DAC
                0x0000000008004fcc       0x24 .pio/build/genericSTM32F405RG/FrameworkArduinoVariant/PeripheralPins.c.o
                0x0000000008004fcc                PinMap_DAC
 .rodata.PinMap_SPI_MISO
                0x0000000008004ff0       0x54 .pio/build/genericSTM32F405RG/FrameworkArduinoVariant/PeripheralPins.c.o
                0x0000000008004ff0                PinMap_SPI_MISO
 .rodata.PinMap_SPI_MOSI
                0x0000000008005044       0x54 .pio/build/genericSTM32F405RG/FrameworkArduinoVariant/PeripheralPins.c.o
                0x0000000008005044                PinMap_SPI_MOSI
 .rodata.PinMap_SPI_SCLK
                0x0000000008005098       0x54 .pio/build/genericSTM32F405RG/FrameworkArduinoVariant/PeripheralPins.c.o
                0x0000000008005098                PinMap_SPI_SCLK
 .rodata.PinMap_SPI_SSEL
                0x00000000080050ec       0x54 .pio/build/genericSTM32F405RG/FrameworkArduinoVariant/PeripheralPins.c.o
                0x00000000080050ec                PinMap_SPI_SSEL
 .rodata.PinMap_TIM
                0x0000000008005140      0x2a0 .pio/build/genericSTM32F405RG/FrameworkArduinoVariant/PeripheralPins.c.o
                0x0000000008005140                PinMap_TIM
 .rodata.PinMap_UART_CTS
                0x00000000080053e0       0x30 .pio/build/genericSTM32F405RG/FrameworkArduinoVariant/PeripheralPins.c.o
                0x00000000080053e0                PinMap_UART_CTS
 .rodata.PinMap_UART_RTS
                0x0000000008005410       0x30 .pio/build/genericSTM32F405RG/FrameworkArduinoVariant/PeripheralPins.c.o
                0x0000000008005410                PinMap_UART_RTS
 .rodata.PinMap_UART_RX
                0x0000000008005440       0x78 .pio/build/genericSTM32F405RG/FrameworkArduinoVariant/PeripheralPins.c.o
                0x0000000008005440                PinMap_UART_RX
 .rodata.PinMap_UART_TX
                0x00000000080054b8       0x78 .pio/build/genericSTM32F405RG/FrameworkArduinoVariant/PeripheralPins.c.o
                0x00000000080054b8                PinMap_UART_TX
 .rodata.analogInputPin
                0x0000000008005530       0x40 .pio/build/genericSTM32F405RG/FrameworkArduinoVariant/variant_generic.cpp.o
                0x0000000008005530                analogInputPin
 .rodata.digitalPin
                0x0000000008005570       0xcc .pio/build/genericSTM32F405RG/FrameworkArduinoVariant/variant_generic.cpp.o
                0x0000000008005570                digitalPin
 .rodata.pin_map_ll
                0x000000000800563c       0x40 .pio/build/genericSTM32F405RG/SrcWrapper/src/stm32/pinmap.c.o
                0x000000000800563c                pin_map_ll
 .rodata.AHBPrescTable
                0x000000000800567c       0x10 .pio/build/genericSTM32F405RG/SrcWrapper/src/stm32/system_stm32yyxx.c.o
                0x000000000800567c                AHBPrescTable
 .rodata.APBPrescTable
                0x000000000800568c        0x8 .pio/build/genericSTM32F405RG/SrcWrapper/src/stm32/system_stm32yyxx.c.o
                0x000000000800568c                APBPrescTable
 .rodata.setup.str1.1
                0x0000000008005694        0xa .pio/build/genericSTM32F405RG/src/main.cpp.o
 *fill*         0x000000000800569e        0x2 
 .rodata._ZTV7TwoWire
                0x00000000080056a0       0x2c .pio/build/genericSTM32F405RG/lib737/libWire.a(Wire.cpp.o)
                0x00000000080056a0                vtable for TwoWire
 .rodata.CSWTCH.69
                0x00000000080056cc        0x5 .pio/build/genericSTM32F405RG/libFrameworkArduino.a(HardwareSerial.cpp.o)
 *fill*         0x00000000080056d1        0x3 
 .rodata._ZTV14HardwareSerial
                0x00000000080056d4       0x2c .pio/build/genericSTM32F405RG/libFrameworkArduino.a(HardwareSerial.cpp.o)
                0x00000000080056d4                vtable for HardwareSerial
 .rodata._ZN5Print7printlnEv.str1.1
                0x0000000008005700        0x3 .pio/build/genericSTM32F405RG/libFrameworkArduino.a(Print.cpp.o)
 *fill*         0x0000000008005703        0x1 
 .rodata._ZTV8SPIClass
                0x0000000008005704       0x20 .pio/build/genericSTM32F405RG/libdc6/libSPI.a(SPI.cpp.o)
                0x0000000008005704                vtable for SPIClass
 .rodata.__sf_fake_stderr
                0x0000000008005724       0x20 c:/users/e/.platformio/packages/toolchain-gccarmnoneeabi/bin/../lib/gcc/arm-none-eabi/10.3.1/../../../../arm-none-eabi/lib/thumb/v7e-m+fp/hard\libc_nano.a(lib_a-findfp.o)
                0x0000000008005724                __sf_fake_stderr
 .rodata.__sf_fake_stdin
                0x0000000008005744       0x20 c:/users/e/.platformio/packages/toolchain-gccarmnoneeabi/bin/../lib/gcc/arm-none-eabi/10.3.1/../../../../arm-none-eabi/lib/thumb/v7e-m+fp/hard\libc_nano.a(lib_a-findfp.o)
                0x0000000008005744                __sf_fake_stdin
 .rodata.__sf_fake_stdout
                0x0000000008005764       0x20 c:/users/e/.platformio/packages/toolchain-gccarmnoneeabi/bin/../lib/gcc/arm-none-eabi/10.3.1/../../../../arm-none-eabi/lib/thumb/v7e-m+fp/hard\libc_nano.a(lib_a-findfp.o)
                0x0000000008005764                __sf_fake_stdout
                0x0000000008005784                . = ALIGN (0x4)

.ARM.extab      0x0000000008005784        0x0
                0x0000000008005784                . = ALIGN (0x4)
 *(.ARM.extab* .gnu.linkonce.armextab.*)
                0x0000000008005784                . = ALIGN (0x4)

.ARM            0x0000000008005784        0x8
                0x0000000008005784                . = ALIGN (0x4)
                0x0000000008005784                __exidx_start = .
 *(.ARM.exidx*)
 .ARM.exidx.text.__udivmoddi4
                0x0000000008005784        0x8 c:/users/e/.platformio/packages/toolchain-gccarmnoneeabi/bin/../lib/gcc/arm-none-eabi/10.3.1/thumb/v7e-m+fp/hard\libgcc.a(_udivmoddi4.o)
                0x000000000800578c                __exidx_end = .
                0x000000000800578c                . = ALIGN (0x4)

.rel.dyn        0x000000000800578c        0x0
 .rel.iplt      0x000000000800578c        0x0 c:/users/e/.platformio/packages/toolchain-gccarmnoneeabi/bin/../lib/gcc/arm-none-eabi/10.3.1/thumb/v7e-m+fp/hard/crtbegin.o

.preinit_array  0x000000000800578c        0x0
                0x000000000800578c                . = ALIGN (0x4)
                0x000000000800578c                PROVIDE (__preinit_array_start = .)
 *(.preinit_array*)
                0x000000000800578c                PROVIDE (__preinit_array_end = .)
                0x000000000800578c                . = ALIGN (0x4)

.init_array     0x000000000800578c       0x1c
                0x000000000800578c                . = ALIGN (0x4)
                0x000000000800578c                PROVIDE (__init_array_start = .)
 *(SORT_BY_NAME(.init_array.*))
 .init_array.00101
                0x000000000800578c        0x4 .pio/build/genericSTM32F405RG/libFrameworkArduino.a(main.cpp.o)
 *(.init_array*)
 .init_array    0x0000000008005790        0x4 c:/users/e/.platformio/packages/toolchain-gccarmnoneeabi/bin/../lib/gcc/arm-none-eabi/10.3.1/thumb/v7e-m+fp/hard/crtbegin.o
 .init_array    0x0000000008005794        0x4 .pio/build/genericSTM32F405RG/SrcWrapper/src/stm32/interrupt.cpp.o
 .init_array    0x0000000008005798        0x4 .pio/build/genericSTM32F405RG/src/main.cpp.o
 .init_array    0x000000000800579c        0x4 .pio/build/genericSTM32F405RG/lib737/libWire.a(Wire.cpp.o)
 .init_array    0x00000000080057a0        0x4 .pio/build/genericSTM32F405RG/libFrameworkArduino.a(HardwareSerial.cpp.o)
 .init_array    0x00000000080057a4        0x4 .pio/build/genericSTM32F405RG/libdc6/libSPI.a(SPI.cpp.o)
                0x00000000080057a8                PROVIDE (__init_array_end = .)
                0x00000000080057a8                . = ALIGN (0x4)

.fini_array     0x00000000080057a8        0xc
                0x00000000080057a8                . = ALIGN (0x4)
                [!provide]                        PROVIDE (__fini_array_start = .)
 *(SORT_BY_NAME(.fini_array.*))
 *(.fini_array*)
 .fini_array    0x00000000080057a8        0x4 c:/users/e/.platformio/packages/toolchain-gccarmnoneeabi/bin/../lib/gcc/arm-none-eabi/10.3.1/thumb/v7e-m+fp/hard/crtbegin.o
 .fini_array    0x00000000080057ac        0x4 .pio/build/genericSTM32F405RG/SrcWrapper/src/stm32/interrupt.cpp.o
 .fini_array    0x00000000080057b0        0x4 .pio/build/genericSTM32F405RG/lib737/libWire.a(Wire.cpp.o)
                [!provide]                        PROVIDE (__fini_array_end = .)
                0x00000000080057b4                . = ALIGN (0x4)
                0x00000000080057b4                _sidata = LOADADDR (.data)

.data           0x0000000020000000       0xa0 load address 0x00000000080057b4
                0x0000000020000000                . = ALIGN (0x4)
                0x0000000020000000                _sdata = .
 *(.data)
 *(.data*)
 .data.uwTickFreq
                0x0000000020000000        0x1 .pio/build/genericSTM32F405RG/SrcWrapper/src/HAL/stm32yyxx_hal.c.o
                0x0000000020000000                uwTickFreq
 *fill*         0x0000000020000001        0x3 
 .data.uwTickPrio
                0x0000000020000004        0x4 .pio/build/genericSTM32F405RG/SrcWrapper/src/HAL/stm32yyxx_hal.c.o
                0x0000000020000004                uwTickPrio
 .data.GPIOPort
                0x0000000020000008       0x24 .pio/build/genericSTM32F405RG/SrcWrapper/src/stm32/PortNames.c.o
                0x0000000020000008                GPIOPort
 .data.hcrc     0x000000002000002c        0x8 .pio/build/genericSTM32F405RG/SrcWrapper/src/stm32/hw_config.c.o
                0x000000002000002c                hcrc
 .data.SystemCoreClock
                0x0000000020000034        0x4 .pio/build/genericSTM32F405RG/SrcWrapper/src/stm32/system_stm32yyxx.c.o
                0x0000000020000034                SystemCoreClock
 .data.heap_end.0
                0x0000000020000038        0x4 .pio/build/genericSTM32F405RG/SrcWrapper/src/syscalls.c.o
 .data._impure_ptr
                0x000000002000003c        0x4 c:/users/e/.platformio/packages/toolchain-gccarmnoneeabi/bin/../lib/gcc/arm-none-eabi/10.3.1/../../../../arm-none-eabi/lib/thumb/v7e-m+fp/hard\libc_nano.a(lib_a-impure.o)
                0x000000002000003c                _impure_ptr
 .data.impure_data
                0x0000000020000040       0x60 c:/users/e/.platformio/packages/toolchain-gccarmnoneeabi/bin/../lib/gcc/arm-none-eabi/10.3.1/../../../../arm-none-eabi/lib/thumb/v7e-m+fp/hard\libc_nano.a(lib_a-impure.o)
 *(.RamFunc)
 *(.RamFunc*)
                0x00000000200000a0                . = ALIGN (0x4)
                0x00000000200000a0                _edata = .

.igot.plt       0x00000000200000a0        0x0 load address 0x0000000008005854
 .igot.plt      0x00000000200000a0        0x0 c:/users/e/.platformio/packages/toolchain-gccarmnoneeabi/bin/../lib/gcc/arm-none-eabi/10.3.1/thumb/v7e-m+fp/hard/crtbegin.o
                0x00000000200000a0                . = ALIGN (0x4)

.bss            0x00000000200000a0      0x670 load address 0x0000000008005854
                0x00000000200000a0                _sbss = .
                0x00000000200000a0                __bss_start__ = _sbss
 *(.bss)
 *(.bss*)
 .bss.completed.1
                0x00000000200000a0        0x1 c:/users/e/.platformio/packages/toolchain-gccarmnoneeabi/bin/../lib/gcc/arm-none-eabi/10.3.1/thumb/v7e-m+fp/hard/crtbegin.o
 *fill*         0x00000000200000a1        0x3 
 .bss.object.0  0x00000000200000a4       0x18 c:/users/e/.platformio/packages/toolchain-gccarmnoneeabi/bin/../lib/gcc/arm-none-eabi/10.3.1/thumb/v7e-m+fp/hard/crtbegin.o
 .bss.uwTick    0x00000000200000bc        0x4 .pio/build/genericSTM32F405RG/SrcWrapper/src/HAL/stm32yyxx_hal.c.o
                0x00000000200000bc                uwTick
 .bss.HardwareTimer_Handle
                0x00000000200000c0       0x38 .pio/build/genericSTM32F405RG/SrcWrapper/src/HardwareTimer.cpp.o
                0x00000000200000c0                HardwareTimer_Handle
 .bss._ZL13gpio_irq_conf
                0x00000000200000f8      0x140 .pio/build/genericSTM32F405RG/SrcWrapper/src/stm32/interrupt.cpp.o
 .bss.uart_handlers
                0x0000000020000238       0x18 .pio/build/genericSTM32F405RG/SrcWrapper/src/stm32/uart.c.o
 .bss.accel     0x0000000020000250       0x60 .pio/build/genericSTM32F405RG/src/main.cpp.o
                0x0000000020000250                accel
 .bss.bmp       0x00000000200002b0      0x100 .pio/build/genericSTM32F405RG/src/main.cpp.o
                0x00000000200002b0                bmp
 .bss.flash     0x00000000200003b0       0x14 .pio/build/genericSTM32F405RG/src/main.cpp.o
                0x00000000200003b0                flash
 .bss.gyro      0x00000000200003c4       0x4c .pio/build/genericSTM32F405RG/src/main.cpp.o
                0x00000000200003c4                gyro
 .bss.radio     0x0000000020000410       0x24 .pio/build/genericSTM32F405RG/src/main.cpp.o
                0x0000000020000410                radio
 .bss.Wire      0x0000000020000434       0xe4 .pio/build/genericSTM32F405RG/lib737/libWire.a(Wire.cpp.o)
                0x0000000020000434                Wire
 .bss.i2c_handles
                0x0000000020000518        0xc .pio/build/genericSTM32F405RG/lib737/libWire.a(twi.c.o)
 .bss.Serial4   0x0000000020000524      0x114 .pio/build/genericSTM32F405RG/libFrameworkArduino.a(HardwareSerial.cpp.o)
                0x0000000020000524                Serial4
 .bss.g_anOutputPinConfigured
                0x0000000020000638       0x24 .pio/build/genericSTM32F405RG/libFrameworkArduino.a(wiring_analog.c.o)
                0x0000000020000638                g_anOutputPinConfigured
 .bss.SPI       0x000000002000065c       0xa4 .pio/build/genericSTM32F405RG/libdc6/libSPI.a(SPI.cpp.o)
                0x000000002000065c                SPI
 .bss.__malloc_free_list
                0x0000000020000700        0x4 c:/users/e/.platformio/packages/toolchain-gccarmnoneeabi/bin/../lib/gcc/arm-none-eabi/10.3.1/../../../../arm-none-eabi/lib/thumb/v7e-m+fp/hard\libc_nano.a(lib_a-nano-mallocr.o)
                0x0000000020000700                __malloc_free_list
 .bss.__malloc_sbrk_start
                0x0000000020000704        0x4 c:/users/e/.platformio/packages/toolchain-gccarmnoneeabi/bin/../lib/gcc/arm-none-eabi/10.3.1/../../../../arm-none-eabi/lib/thumb/v7e-m+fp/hard\libc_nano.a(lib_a-nano-mallocr.o)
                0x0000000020000704                __malloc_sbrk_start
 .bss.errno     0x0000000020000708        0x4 c:/users/e/.platformio/packages/toolchain-gccarmnoneeabi/bin/../lib/gcc/arm-none-eabi/10.3.1/../../../../arm-none-eabi/lib/thumb/v7e-m+fp/hard\libc_nano.a(lib_a-reent.o)
                0x0000000020000708                errno
 .bss.__lock___malloc_recursive_mutex
                0x000000002000070c        0x1 c:/users/e/.platformio/packages/toolchain-gccarmnoneeabi/bin/../lib/gcc/arm-none-eabi/10.3.1/../../../../arm-none-eabi/lib/thumb/v7e-m+fp/hard\libc_nano.a(lib_a-lock.o)
                0x000000002000070c                __lock___malloc_recursive_mutex
 *(COMMON)
                0x0000000020000710                . = ALIGN (0x4)
 *fill*         0x000000002000070d        0x3 
                0x0000000020000710                _ebss = .
                0x0000000020000710                __bss_end__ = _ebss
LOAD c:/users/e/.platformio/packages/toolchain-gccarmnoneeabi/bin/../lib/gcc/arm-none-eabi/10.3.1/thumb/v7e-m+fp/hard/crti.o
LOAD c:/users/e/.platformio/packages/toolchain-gccarmnoneeabi/bin/../lib/gcc/arm-none-eabi/10.3.1/thumb/v7e-m+fp/hard/crtbegin.o
LOAD c:/users/e/.platformio/packages/toolchain-gccarmnoneeabi/bin/../lib/gcc/arm-none-eabi/10.3.1/../../../../arm-none-eabi/lib/thumb/v7e-m+fp/hard/crt0.o
                0x0000000000100000                LD_MAX_SIZE = 0x100000
                0x0000000000020000                LD_MAX_DATA_SIZE = 0x20000
                0x0000000000000000                LD_FLASH_OFFSET = 0x0
LOAD .pio/build/genericSTM32F405RG/FrameworkArduinoVariant/PeripheralPins.c.o
LOAD .pio/build/genericSTM32F405RG/FrameworkArduinoVariant/PeripheralPins_FEATHER_F405.c.o
LOAD .pio/build/genericSTM32F405RG/FrameworkArduinoVariant/generic_clock.c.o
LOAD .pio/build/genericSTM32F405RG/FrameworkArduinoVariant/variant_FEATHER_F405.cpp.o
LOAD .pio/build/genericSTM32F405RG/FrameworkArduinoVariant/variant_generic.cpp.o
LOAD .pio/build/genericSTM32F405RG/SrcWrapper/src/HAL/stm32yyxx_hal.c.o
LOAD .pio/build/genericSTM32F405RG/SrcWrapper/src/HAL/stm32yyxx_hal_adc.c.o
LOAD .pio/build/genericSTM32F405RG/SrcWrapper/src/HAL/stm32yyxx_hal_adc_ex.c.o
LOAD .pio/build/genericSTM32F405RG/SrcWrapper/src/HAL/stm32yyxx_hal_can.c.o
LOAD .pio/build/genericSTM32F405RG/SrcWrapper/src/HAL/stm32yyxx_hal_cec.c.o
LOAD .pio/build/genericSTM32F405RG/SrcWrapper/src/HAL/stm32yyxx_hal_comp.c.o
LOAD .pio/build/genericSTM32F405RG/SrcWrapper/src/HAL/stm32yyxx_hal_comp_ex.c.o
LOAD .pio/build/genericSTM32F405RG/SrcWrapper/src/HAL/stm32yyxx_hal_cordic.c.o
LOAD .pio/build/genericSTM32F405RG/SrcWrapper/src/HAL/stm32yyxx_hal_cortex.c.o
LOAD .pio/build/genericSTM32F405RG/SrcWrapper/src/HAL/stm32yyxx_hal_crc.c.o
LOAD .pio/build/genericSTM32F405RG/SrcWrapper/src/HAL/stm32yyxx_hal_crc_ex.c.o
LOAD .pio/build/genericSTM32F405RG/SrcWrapper/src/HAL/stm32yyxx_hal_cryp.c.o
LOAD .pio/build/genericSTM32F405RG/SrcWrapper/src/HAL/stm32yyxx_hal_cryp_ex.c.o
LOAD .pio/build/genericSTM32F405RG/SrcWrapper/src/HAL/stm32yyxx_hal_dac.c.o
LOAD .pio/build/genericSTM32F405RG/SrcWrapper/src/HAL/stm32yyxx_hal_dac_ex.c.o
LOAD .pio/build/genericSTM32F405RG/SrcWrapper/src/HAL/stm32yyxx_hal_dcache.c.o
LOAD .pio/build/genericSTM32F405RG/SrcWrapper/src/HAL/stm32yyxx_hal_dcmi.c.o
LOAD .pio/build/genericSTM32F405RG/SrcWrapper/src/HAL/stm32yyxx_hal_dcmi_ex.c.o
LOAD .pio/build/genericSTM32F405RG/SrcWrapper/src/HAL/stm32yyxx_hal_dfsdm.c.o
LOAD .pio/build/genericSTM32F405RG/SrcWrapper/src/HAL/stm32yyxx_hal_dfsdm_ex.c.o
LOAD .pio/build/genericSTM32F405RG/SrcWrapper/src/HAL/stm32yyxx_hal_dma.c.o
LOAD .pio/build/genericSTM32F405RG/SrcWrapper/src/HAL/stm32yyxx_hal_dma2d.c.o
LOAD .pio/build/genericSTM32F405RG/SrcWrapper/src/HAL/stm32yyxx_hal_dma_ex.c.o
LOAD .pio/build/genericSTM32F405RG/SrcWrapper/src/HAL/stm32yyxx_hal_dsi.c.o
LOAD .pio/build/genericSTM32F405RG/SrcWrapper/src/HAL/stm32yyxx_hal_dts.c.o
LOAD .pio/build/genericSTM32F405RG/SrcWrapper/src/HAL/stm32yyxx_hal_eth.c.o
LOAD .pio/build/genericSTM32F405RG/SrcWrapper/src/HAL/stm32yyxx_hal_eth_ex.c.o
LOAD .pio/build/genericSTM32F405RG/SrcWrapper/src/HAL/stm32yyxx_hal_exti.c.o
LOAD .pio/build/genericSTM32F405RG/SrcWrapper/src/HAL/stm32yyxx_hal_fdcan.c.o
LOAD .pio/build/genericSTM32F405RG/SrcWrapper/src/HAL/stm32yyxx_hal_firewall.c.o
LOAD .pio/build/genericSTM32F405RG/SrcWrapper/src/HAL/stm32yyxx_hal_flash.c.o
LOAD .pio/build/genericSTM32F405RG/SrcWrapper/src/HAL/stm32yyxx_hal_flash_ex.c.o
LOAD .pio/build/genericSTM32F405RG/SrcWrapper/src/HAL/stm32yyxx_hal_flash_ramfunc.c.o
LOAD .pio/build/genericSTM32F405RG/SrcWrapper/src/HAL/stm32yyxx_hal_fmac.c.o
LOAD .pio/build/genericSTM32F405RG/SrcWrapper/src/HAL/stm32yyxx_hal_fmpi2c.c.o
LOAD .pio/build/genericSTM32F405RG/SrcWrapper/src/HAL/stm32yyxx_hal_fmpi2c_ex.c.o
LOAD .pio/build/genericSTM32F405RG/SrcWrapper/src/HAL/stm32yyxx_hal_fmpsmbus.c.o
LOAD .pio/build/genericSTM32F405RG/SrcWrapper/src/HAL/stm32yyxx_hal_fmpsmbus_ex.c.o
LOAD .pio/build/genericSTM32F405RG/SrcWrapper/src/HAL/stm32yyxx_hal_gfxmmu.c.o
LOAD .pio/build/genericSTM32F405RG/SrcWrapper/src/HAL/stm32yyxx_hal_gpio.c.o
LOAD .pio/build/genericSTM32F405RG/SrcWrapper/src/HAL/stm32yyxx_hal_gpio_ex.c.o
LOAD .pio/build/genericSTM32F405RG/SrcWrapper/src/HAL/stm32yyxx_hal_gpu2d.c.o
LOAD .pio/build/genericSTM32F405RG/SrcWrapper/src/HAL/stm32yyxx_hal_gtzc.c.o
LOAD .pio/build/genericSTM32F405RG/SrcWrapper/src/HAL/stm32yyxx_hal_hash.c.o
LOAD .pio/build/genericSTM32F405RG/SrcWrapper/src/HAL/stm32yyxx_hal_hash_ex.c.o
LOAD .pio/build/genericSTM32F405RG/SrcWrapper/src/HAL/stm32yyxx_hal_hcd.c.o
LOAD .pio/build/genericSTM32F405RG/SrcWrapper/src/HAL/stm32yyxx_hal_hrtim.c.o
LOAD .pio/build/genericSTM32F405RG/SrcWrapper/src/HAL/stm32yyxx_hal_hsem.c.o
LOAD .pio/build/genericSTM32F405RG/SrcWrapper/src/HAL/stm32yyxx_hal_i2c.c.o
LOAD .pio/build/genericSTM32F405RG/SrcWrapper/src/HAL/stm32yyxx_hal_i2c_ex.c.o
LOAD .pio/build/genericSTM32F405RG/SrcWrapper/src/HAL/stm32yyxx_hal_i2s.c.o
LOAD .pio/build/genericSTM32F405RG/SrcWrapper/src/HAL/stm32yyxx_hal_i2s_ex.c.o
LOAD .pio/build/genericSTM32F405RG/SrcWrapper/src/HAL/stm32yyxx_hal_icache.c.o
LOAD .pio/build/genericSTM32F405RG/SrcWrapper/src/HAL/stm32yyxx_hal_ipcc.c.o
LOAD .pio/build/genericSTM32F405RG/SrcWrapper/src/HAL/stm32yyxx_hal_irda.c.o
LOAD .pio/build/genericSTM32F405RG/SrcWrapper/src/HAL/stm32yyxx_hal_iwdg.c.o
LOAD .pio/build/genericSTM32F405RG/SrcWrapper/src/HAL/stm32yyxx_hal_jpeg.c.o
LOAD .pio/build/genericSTM32F405RG/SrcWrapper/src/HAL/stm32yyxx_hal_lcd.c.o
LOAD .pio/build/genericSTM32F405RG/SrcWrapper/src/HAL/stm32yyxx_hal_lptim.c.o
LOAD .pio/build/genericSTM32F405RG/SrcWrapper/src/HAL/stm32yyxx_hal_ltdc.c.o
LOAD .pio/build/genericSTM32F405RG/SrcWrapper/src/HAL/stm32yyxx_hal_ltdc_ex.c.o
LOAD .pio/build/genericSTM32F405RG/SrcWrapper/src/HAL/stm32yyxx_hal_mdf.c.o
LOAD .pio/build/genericSTM32F405RG/SrcWrapper/src/HAL/stm32yyxx_hal_mdios.c.o
LOAD .pio/build/genericSTM32F405RG/SrcWrapper/src/HAL/stm32yyxx_hal_mdma.c.o
LOAD .pio/build/genericSTM32F405RG/SrcWrapper/src/HAL/stm32yyxx_hal_mmc.c.o
LOAD .pio/build/genericSTM32F405RG/SrcWrapper/src/HAL/stm32yyxx_hal_mmc_ex.c.o
LOAD .pio/build/genericSTM32F405RG/SrcWrapper/src/HAL/stm32yyxx_hal_nand.c.o
LOAD .pio/build/genericSTM32F405RG/SrcWrapper/src/HAL/stm32yyxx_hal_nor.c.o
LOAD .pio/build/genericSTM32F405RG/SrcWrapper/src/HAL/stm32yyxx_hal_opamp.c.o
LOAD .pio/build/genericSTM32F405RG/SrcWrapper/src/HAL/stm32yyxx_hal_opamp_ex.c.o
LOAD .pio/build/genericSTM32F405RG/SrcWrapper/src/HAL/stm32yyxx_hal_ospi.c.o
LOAD .pio/build/genericSTM32F405RG/SrcWrapper/src/HAL/stm32yyxx_hal_otfdec.c.o
LOAD .pio/build/genericSTM32F405RG/SrcWrapper/src/HAL/stm32yyxx_hal_pccard.c.o
LOAD .pio/build/genericSTM32F405RG/SrcWrapper/src/HAL/stm32yyxx_hal_pcd.c.o
LOAD .pio/build/genericSTM32F405RG/SrcWrapper/src/HAL/stm32yyxx_hal_pcd_ex.c.o
LOAD .pio/build/genericSTM32F405RG/SrcWrapper/src/HAL/stm32yyxx_hal_pka.c.o
LOAD .pio/build/genericSTM32F405RG/SrcWrapper/src/HAL/stm32yyxx_hal_pssi.c.o
LOAD .pio/build/genericSTM32F405RG/SrcWrapper/src/HAL/stm32yyxx_hal_pwr.c.o
LOAD .pio/build/genericSTM32F405RG/SrcWrapper/src/HAL/stm32yyxx_hal_pwr_ex.c.o
LOAD .pio/build/genericSTM32F405RG/SrcWrapper/src/HAL/stm32yyxx_hal_qspi.c.o
LOAD .pio/build/genericSTM32F405RG/SrcWrapper/src/HAL/stm32yyxx_hal_ramcfg.c.o
LOAD .pio/build/genericSTM32F405RG/SrcWrapper/src/HAL/stm32yyxx_hal_ramecc.c.o
LOAD .pio/build/genericSTM32F405RG/SrcWrapper/src/HAL/stm32yyxx_hal_rcc.c.o
LOAD .pio/build/genericSTM32F405RG/SrcWrapper/src/HAL/stm32yyxx_hal_rcc_ex.c.o
LOAD .pio/build/genericSTM32F405RG/SrcWrapper/src/HAL/stm32yyxx_hal_rng.c.o
LOAD .pio/build/genericSTM32F405RG/SrcWrapper/src/HAL/stm32yyxx_hal_rng_ex.c.o
LOAD .pio/build/genericSTM32F405RG/SrcWrapper/src/HAL/stm32yyxx_hal_rtc.c.o
LOAD .pio/build/genericSTM32F405RG/SrcWrapper/src/HAL/stm32yyxx_hal_rtc_ex.c.o
LOAD .pio/build/genericSTM32F405RG/SrcWrapper/src/HAL/stm32yyxx_hal_sai.c.o
LOAD .pio/build/genericSTM32F405RG/SrcWrapper/src/HAL/stm32yyxx_hal_sai_ex.c.o
LOAD .pio/build/genericSTM32F405RG/SrcWrapper/src/HAL/stm32yyxx_hal_sd.c.o
LOAD .pio/build/genericSTM32F405RG/SrcWrapper/src/HAL/stm32yyxx_hal_sd_ex.c.o
LOAD .pio/build/genericSTM32F405RG/SrcWrapper/src/HAL/stm32yyxx_hal_sdadc.c.o
LOAD .pio/build/genericSTM32F405RG/SrcWrapper/src/HAL/stm32yyxx_hal_sdram.c.o
LOAD .pio/build/genericSTM32F405RG/SrcWrapper/src/HAL/stm32yyxx_hal_smartcard.c.o
LOAD .pio/build/genericSTM32F405RG/SrcWrapper/src/HAL/stm32yyxx_hal_smartcard_ex.c.o
LOAD .pio/build/genericSTM32F405RG/SrcWrapper/src/HAL/stm32yyxx_hal_smbus.c.o
LOAD .pio/build/genericSTM32F405RG/SrcWrapper/src/HAL/stm32yyxx_hal_smbus_ex.c.o
LOAD .pio/build/genericSTM32F405RG/SrcWrapper/src/HAL/stm32yyxx_hal_spdifrx.c.o
LOAD .pio/build/genericSTM32F405RG/SrcWrapper/src/HAL/stm32yyxx_hal_spi.c.o
LOAD .pio/build/genericSTM32F405RG/SrcWrapper/src/HAL/stm32yyxx_hal_spi_ex.c.o
LOAD .pio/build/genericSTM32F405RG/SrcWrapper/src/HAL/stm32yyxx_hal_sram.c.o
LOAD .pio/build/genericSTM32F405RG/SrcWrapper/src/HAL/stm32yyxx_hal_subghz.c.o
LOAD .pio/build/genericSTM32F405RG/SrcWrapper/src/HAL/stm32yyxx_hal_swpmi.c.o
LOAD .pio/build/genericSTM32F405RG/SrcWrapper/src/HAL/stm32yyxx_hal_tim.c.o
LOAD .pio/build/genericSTM32F405RG/SrcWrapper/src/HAL/stm32yyxx_hal_tim_ex.c.o
LOAD .pio/build/genericSTM32F405RG/SrcWrapper/src/HAL/stm32yyxx_hal_tsc.c.o
LOAD .pio/build/genericSTM32F405RG/SrcWrapper/src/HAL/stm32yyxx_hal_uart.c.o
LOAD .pio/build/genericSTM32F405RG/SrcWrapper/src/HAL/stm32yyxx_hal_uart_ex.c.o
LOAD .pio/build/genericSTM32F405RG/SrcWrapper/src/HAL/stm32yyxx_hal_usart.c.o
LOAD .pio/build/genericSTM32F405RG/SrcWrapper/src/HAL/stm32yyxx_hal_usart_ex.c.o
LOAD .pio/build/genericSTM32F405RG/SrcWrapper/src/HAL/stm32yyxx_hal_wwdg.c.o
LOAD .pio/build/genericSTM32F405RG/SrcWrapper/src/HAL/stm32yyxx_hal_xspi.c.o
LOAD .pio/build/genericSTM32F405RG/SrcWrapper/src/HardwareTimer.cpp.o
LOAD .pio/build/genericSTM32F405RG/SrcWrapper/src/LL/stm32yyxx_ll_adc.c.o
LOAD .pio/build/genericSTM32F405RG/SrcWrapper/src/LL/stm32yyxx_ll_bdma.c.o
LOAD .pio/build/genericSTM32F405RG/SrcWrapper/src/LL/stm32yyxx_ll_comp.c.o
LOAD .pio/build/genericSTM32F405RG/SrcWrapper/src/LL/stm32yyxx_ll_cordic.c.o
LOAD .pio/build/genericSTM32F405RG/SrcWrapper/src/LL/stm32yyxx_ll_crc.c.o
LOAD .pio/build/genericSTM32F405RG/SrcWrapper/src/LL/stm32yyxx_ll_crs.c.o
LOAD .pio/build/genericSTM32F405RG/SrcWrapper/src/LL/stm32yyxx_ll_dac.c.o
LOAD .pio/build/genericSTM32F405RG/SrcWrapper/src/LL/stm32yyxx_ll_delayblock.c.o
LOAD .pio/build/genericSTM32F405RG/SrcWrapper/src/LL/stm32yyxx_ll_dlyb.c.o
LOAD .pio/build/genericSTM32F405RG/SrcWrapper/src/LL/stm32yyxx_ll_dma.c.o
LOAD .pio/build/genericSTM32F405RG/SrcWrapper/src/LL/stm32yyxx_ll_dma2d.c.o
LOAD .pio/build/genericSTM32F405RG/SrcWrapper/src/LL/stm32yyxx_ll_exti.c.o
LOAD .pio/build/genericSTM32F405RG/SrcWrapper/src/LL/stm32yyxx_ll_fmac.c.o
LOAD .pio/build/genericSTM32F405RG/SrcWrapper/src/LL/stm32yyxx_ll_fmc.c.o
LOAD .pio/build/genericSTM32F405RG/SrcWrapper/src/LL/stm32yyxx_ll_fmpi2c.c.o
LOAD .pio/build/genericSTM32F405RG/SrcWrapper/src/LL/stm32yyxx_ll_fsmc.c.o
LOAD .pio/build/genericSTM32F405RG/SrcWrapper/src/LL/stm32yyxx_ll_gpio.c.o
LOAD .pio/build/genericSTM32F405RG/SrcWrapper/src/LL/stm32yyxx_ll_hrtim.c.o
LOAD .pio/build/genericSTM32F405RG/SrcWrapper/src/LL/stm32yyxx_ll_i2c.c.o
LOAD .pio/build/genericSTM32F405RG/SrcWrapper/src/LL/stm32yyxx_ll_icache.c.o
LOAD .pio/build/genericSTM32F405RG/SrcWrapper/src/LL/stm32yyxx_ll_lpgpio.c.o
LOAD .pio/build/genericSTM32F405RG/SrcWrapper/src/LL/stm32yyxx_ll_lptim.c.o
LOAD .pio/build/genericSTM32F405RG/SrcWrapper/src/LL/stm32yyxx_ll_lpuart.c.o
LOAD .pio/build/genericSTM32F405RG/SrcWrapper/src/LL/stm32yyxx_ll_mdma.c.o
LOAD .pio/build/genericSTM32F405RG/SrcWrapper/src/LL/stm32yyxx_ll_opamp.c.o
LOAD .pio/build/genericSTM32F405RG/SrcWrapper/src/LL/stm32yyxx_ll_pka.c.o
LOAD .pio/build/genericSTM32F405RG/SrcWrapper/src/LL/stm32yyxx_ll_pwr.c.o
LOAD .pio/build/genericSTM32F405RG/SrcWrapper/src/LL/stm32yyxx_ll_rcc.c.o
LOAD .pio/build/genericSTM32F405RG/SrcWrapper/src/LL/stm32yyxx_ll_rng.c.o
LOAD .pio/build/genericSTM32F405RG/SrcWrapper/src/LL/stm32yyxx_ll_rtc.c.o
LOAD .pio/build/genericSTM32F405RG/SrcWrapper/src/LL/stm32yyxx_ll_sdmmc.c.o
LOAD .pio/build/genericSTM32F405RG/SrcWrapper/src/LL/stm32yyxx_ll_spi.c.o
LOAD .pio/build/genericSTM32F405RG/SrcWrapper/src/LL/stm32yyxx_ll_swpmi.c.o
LOAD .pio/build/genericSTM32F405RG/SrcWrapper/src/LL/stm32yyxx_ll_tim.c.o
LOAD .pio/build/genericSTM32F405RG/SrcWrapper/src/LL/stm32yyxx_ll_ucpd.c.o
LOAD .pio/build/genericSTM32F405RG/SrcWrapper/src/LL/stm32yyxx_ll_usart.c.o
LOAD .pio/build/genericSTM32F405RG/SrcWrapper/src/LL/stm32yyxx_ll_usb.c.o
LOAD .pio/build/genericSTM32F405RG/SrcWrapper/src/LL/stm32yyxx_ll_utils.c.o
LOAD .pio/build/genericSTM32F405RG/SrcWrapper/src/new.cpp.o
LOAD .pio/build/genericSTM32F405RG/SrcWrapper/src/stm32/PortNames.c.o
LOAD .pio/build/genericSTM32F405RG/SrcWrapper/src/stm32/analog.cpp.o
LOAD .pio/build/genericSTM32F405RG/SrcWrapper/src/stm32/bootloader.c.o
LOAD .pio/build/genericSTM32F405RG/SrcWrapper/src/stm32/clock.c.o
LOAD .pio/build/genericSTM32F405RG/SrcWrapper/src/stm32/core_callback.c.o
LOAD .pio/build/genericSTM32F405RG/SrcWrapper/src/stm32/dwt.c.o
LOAD .pio/build/genericSTM32F405RG/SrcWrapper/src/stm32/hw_config.c.o
LOAD .pio/build/genericSTM32F405RG/SrcWrapper/src/stm32/interrupt.cpp.o
LOAD .pio/build/genericSTM32F405RG/SrcWrapper/src/stm32/otp.c.o
LOAD .pio/build/genericSTM32F405RG/SrcWrapper/src/stm32/pinmap.c.o
LOAD .pio/build/genericSTM32F405RG/SrcWrapper/src/stm32/stm32_def.c.o
LOAD .pio/build/genericSTM32F405RG/SrcWrapper/src/stm32/system_stm32yyxx.c.o
LOAD .pio/build/genericSTM32F405RG/SrcWrapper/src/stm32/timer.c.o